../Core/Src/esp01s.c:52:6:clearBuffers	16	static
../Core/Src/esp01s.c:58:8:newEsp01s	5240	static
../Core/Src/esp01s.c:66:6:esp_transmit	32	static
../Core/Src/esp01s.c:70:6:esp_receive	16	static
../Core/Src/esp01s.c:75:6:check_at	16	static
../Core/Src/esp01s.c:86:6:reset_by_wire	8	static
../Core/Src/esp01s.c:105:6:mode_set_station	16	static
../Core/Src/esp01s.c:115:6:connect_to_ap	16	static
../Core/Src/esp01s.c:145:6:set_max_one_con	16	static
../Core/Src/esp01s.c:155:6:get_ip_from_wifi	16	static
../Core/Src/esp01s.c:162:6:check_status	16	static
../Core/Src/esp01s.c:168:6:start_connection	16	static
../Core/Src/esp01s.c:182:6:end_connection	16	static
../Core/Src/esp01s.c:193:6:send_get_req	56	static
../Core/Src/esp01s.c:256:6:send_post_req	64	static
../Core/Src/esp01s.c:330:6:send_single_sensor_post_req	48	static
../Core/Src/esp01s.c:398:6:esp_setup	16	static
