../Core/Src/main.c:153:6:clearTx	8	static
../Core/Src/main.c:157:6:clearRx	8	static
../Core/Src/main.c:162:6:LoRaSetRxMode	8	static
../Core/Src/main.c:172:6:LoRaSetTxMode	8	static
../Core/Src/main.c:180:6:retrieve_onboard_sensor_data	16	static
../Core/Src/main.c:196:6:retrieve_sensor_data	32	static
../Core/Src/main.c:239:6:Esp_send_get	8	static
../Core/Src/main.c:257:5:main	6144	static
../Core/Src/main.c:380:6:SystemClock_Config	72	static
../Core/Src/main.c:423:6:Error_Handler	4	static,ignoring_inline_asm
