Archive member included to satisfy reference by file (symbol)

C:/ST/STM32CubeIDE_1.16.0/STM32CubeIDE/plugins/com.st.stm32cube.ide.mcu.externaltools.gnu-tools-for-stm32.12.3.rel1.win32_1.1.0.202410251130/tools/bin/../lib/gcc/arm-none-eabi/12.3.1/../../../../arm-none-eabi/lib/thumb/v7-m/nofp\libc_nano.a(libc_a-exit.o)
                              C:/ST/STM32CubeIDE_1.16.0/STM32CubeIDE/plugins/com.st.stm32cube.ide.mcu.externaltools.gnu-tools-for-stm32.12.3.rel1.win32_1.1.0.202410251130/tools/bin/../lib/gcc/arm-none-eabi/12.3.1/../../../../arm-none-eabi/lib/thumb/v7-m/nofp/crt0.o (exit)
C:/ST/STM32CubeIDE_1.16.0/STM32CubeIDE/plugins/com.st.stm32cube.ide.mcu.externaltools.gnu-tools-for-stm32.12.3.rel1.win32_1.1.0.202410251130/tools/bin/../lib/gcc/arm-none-eabi/12.3.1/../../../../arm-none-eabi/lib/thumb/v7-m/nofp\libc_nano.a(libc_a-rand.o)
                              ./Core/Src/esp01s.o (rand)
C:/ST/STM32CubeIDE_1.16.0/STM32CubeIDE/plugins/com.st.stm32cube.ide.mcu.externaltools.gnu-tools-for-stm32.12.3.rel1.win32_1.1.0.202410251130/tools/bin/../lib/gcc/arm-none-eabi/12.3.1/../../../../arm-none-eabi/lib/thumb/v7-m/nofp\libc_nano.a(libc_a-findfp.o)
                              C:/ST/STM32CubeIDE_1.16.0/STM32CubeIDE/plugins/com.st.stm32cube.ide.mcu.externaltools.gnu-tools-for-stm32.12.3.rel1.win32_1.1.0.202410251130/tools/bin/../lib/gcc/arm-none-eabi/12.3.1/../../../../arm-none-eabi/lib/thumb/v7-m/nofp\libc_nano.a(libc_a-exit.o) (__stdio_exit_handler)
C:/ST/STM32CubeIDE_1.16.0/STM32CubeIDE/plugins/com.st.stm32cube.ide.mcu.externaltools.gnu-tools-for-stm32.12.3.rel1.win32_1.1.0.202410251130/tools/bin/../lib/gcc/arm-none-eabi/12.3.1/../../../../arm-none-eabi/lib/thumb/v7-m/nofp\libc_nano.a(libc_a-fwalk.o)
                              C:/ST/STM32CubeIDE_1.16.0/STM32CubeIDE/plugins/com.st.stm32cube.ide.mcu.externaltools.gnu-tools-for-stm32.12.3.rel1.win32_1.1.0.202410251130/tools/bin/../lib/gcc/arm-none-eabi/12.3.1/../../../../arm-none-eabi/lib/thumb/v7-m/nofp\libc_nano.a(libc_a-findfp.o) (_fwalk_sglue)
C:/ST/STM32CubeIDE_1.16.0/STM32CubeIDE/plugins/com.st.stm32cube.ide.mcu.externaltools.gnu-tools-for-stm32.12.3.rel1.win32_1.1.0.202410251130/tools/bin/../lib/gcc/arm-none-eabi/12.3.1/../../../../arm-none-eabi/lib/thumb/v7-m/nofp\libc_nano.a(libc_a-sprintf.o)
                              ./Core/Src/esp01s.o (sprintf)
C:/ST/STM32CubeIDE_1.16.0/STM32CubeIDE/plugins/com.st.stm32cube.ide.mcu.externaltools.gnu-tools-for-stm32.12.3.rel1.win32_1.1.0.202410251130/tools/bin/../lib/gcc/arm-none-eabi/12.3.1/../../../../arm-none-eabi/lib/thumb/v7-m/nofp\libc_nano.a(libc_a-stdio.o)
                              C:/ST/STM32CubeIDE_1.16.0/STM32CubeIDE/plugins/com.st.stm32cube.ide.mcu.externaltools.gnu-tools-for-stm32.12.3.rel1.win32_1.1.0.202410251130/tools/bin/../lib/gcc/arm-none-eabi/12.3.1/../../../../arm-none-eabi/lib/thumb/v7-m/nofp\libc_nano.a(libc_a-findfp.o) (__sread)
C:/ST/STM32CubeIDE_1.16.0/STM32CubeIDE/plugins/com.st.stm32cube.ide.mcu.externaltools.gnu-tools-for-stm32.12.3.rel1.win32_1.1.0.202410251130/tools/bin/../lib/gcc/arm-none-eabi/12.3.1/../../../../arm-none-eabi/lib/thumb/v7-m/nofp\libc_nano.a(libc_a-memset.o)
                              C:/ST/STM32CubeIDE_1.16.0/STM32CubeIDE/plugins/com.st.stm32cube.ide.mcu.externaltools.gnu-tools-for-stm32.12.3.rel1.win32_1.1.0.202410251130/tools/bin/../lib/gcc/arm-none-eabi/12.3.1/../../../../arm-none-eabi/lib/thumb/v7-m/nofp/crt0.o (memset)
C:/ST/STM32CubeIDE_1.16.0/STM32CubeIDE/plugins/com.st.stm32cube.ide.mcu.externaltools.gnu-tools-for-stm32.12.3.rel1.win32_1.1.0.202410251130/tools/bin/../lib/gcc/arm-none-eabi/12.3.1/../../../../arm-none-eabi/lib/thumb/v7-m/nofp\libc_nano.a(libc_a-strchr.o)
                              ./Core/Src/esp01s.o (strchr)
C:/ST/STM32CubeIDE_1.16.0/STM32CubeIDE/plugins/com.st.stm32cube.ide.mcu.externaltools.gnu-tools-for-stm32.12.3.rel1.win32_1.1.0.202410251130/tools/bin/../lib/gcc/arm-none-eabi/12.3.1/../../../../arm-none-eabi/lib/thumb/v7-m/nofp\libc_nano.a(libc_a-strstr.o)
                              ./Core/Src/esp01s.o (strstr)
C:/ST/STM32CubeIDE_1.16.0/STM32CubeIDE/plugins/com.st.stm32cube.ide.mcu.externaltools.gnu-tools-for-stm32.12.3.rel1.win32_1.1.0.202410251130/tools/bin/../lib/gcc/arm-none-eabi/12.3.1/../../../../arm-none-eabi/lib/thumb/v7-m/nofp\libc_nano.a(libc_a-closer.o)
                              C:/ST/STM32CubeIDE_1.16.0/STM32CubeIDE/plugins/com.st.stm32cube.ide.mcu.externaltools.gnu-tools-for-stm32.12.3.rel1.win32_1.1.0.202410251130/tools/bin/../lib/gcc/arm-none-eabi/12.3.1/../../../../arm-none-eabi/lib/thumb/v7-m/nofp\libc_nano.a(libc_a-stdio.o) (_close_r)
C:/ST/STM32CubeIDE_1.16.0/STM32CubeIDE/plugins/com.st.stm32cube.ide.mcu.externaltools.gnu-tools-for-stm32.12.3.rel1.win32_1.1.0.202410251130/tools/bin/../lib/gcc/arm-none-eabi/12.3.1/../../../../arm-none-eabi/lib/thumb/v7-m/nofp\libc_nano.a(libc_a-reent.o)
[...]
Memory Configuration

Name             Origin             Length             Attributes
RAM              0x20000000         0x00005000         xrw
FLASH            0x08000000         0x00010000         xr
*default*        0x00000000         0xffffffff

Linker script and memory map

LOAD C:/ST/STM32CubeIDE_1.16.0/STM32CubeIDE/plugins/com.st.stm32cube.ide.mcu.externaltools.gnu-tools-for-stm32.12.3.rel1.win32_1.1.0.202410251130/tools/bin/../lib/gcc/arm-none-eabi/12.3.1/thumb/v7-m/nofp/crti.o
LOAD C:/ST/STM32CubeIDE_1.16.0/STM32CubeIDE/plugins/com.st.stm32cube.ide.mcu.externaltools.gnu-tools-for-stm32.12.3.rel1.win32_1.1.0.202410251130/tools/bin/../lib/gcc/arm-none-eabi/12.3.1/thumb/v7-m/nofp/crtbegin.o
LOAD C:/ST/STM32CubeIDE_1.16.0/STM32CubeIDE/plugins/com.st.stm32cube.ide.mcu.externaltools.gnu-tools-for-stm32.12.3.rel1.win32_1.1.0.202410251130/tools/bin/../lib/gcc/arm-none-eabi/12.3.1/../../../../arm-none-eabi/lib/thumb/v7-m/nofp/crt0.o
LOAD ./Core/Src/LoRa.o
LOAD ./Core/Src/SX1278_hw.o
LOAD ./Core/Src/bmp280.o
LOAD ./Core/Src/esp01s.o
LOAD ./Core/Src/gpio.o
LOAD ./Core/Src/i2c.o
LOAD ./Core/Src/main.o
LOAD ./Core/Src/myFunctions.o
LOAD ./Core/Src/spi.o
LOAD ./Core/Src/stm32f1xx_hal_msp.o
LOAD ./Core/Src/stm32f1xx_it.o
LOAD ./Core/Src/syscalls.o
LOAD ./Core/Src/sysmem.o
LOAD ./Core/Src/system_stm32f1xx.o
LOAD ./Core/Src/usart.o
LOAD ./Core/Startup/startup_stm32f103c8tx.o
LOAD ./Drivers/LoRa/SX1278.o
LOAD ./Drivers/LoRa/SX1278_hw.o
LOAD ./Drivers/LoRa.o
LOAD ./Drivers/STM32F1xx_HAL_Driver/Src/stm32f1xx_hal.o
LOAD ./Drivers/STM32F1xx_HAL_Driver/Src/stm32f1xx_hal_cortex.o
LOAD ./Drivers/STM32F1xx_HAL_Driver/Src/stm32f1xx_hal_dma.o
LOAD ./Drivers/STM32F1xx_HAL_Driver/Src/stm32f1xx_hal_exti.o
LOAD ./Drivers/STM32F1xx_HAL_Driver/Src/stm32f1xx_hal_flash.o
LOAD ./Drivers/STM32F1xx_HAL_Driver/Src/stm32f1xx_hal_flash_ex.o
LOAD ./Drivers/STM32F1xx_HAL_Driver/Src/stm32f1xx_hal_gpio.o
LOAD ./Drivers/STM32F1xx_HAL_Driver/Src/stm32f1xx_hal_gpio_ex.o
LOAD ./Drivers/STM32F1xx_HAL_Driver/Src/stm32f1xx_hal_i2c.o
LOAD ./Drivers/STM32F1xx_HAL_Driver/Src/stm32f1xx_hal_pwr.o
LOAD ./Drivers/STM32F1xx_HAL_Driver/Src/stm32f1xx_hal_rcc.o
LOAD ./Drivers/STM32F1xx_HAL_Driver/Src/stm32f1xx_hal_rcc_ex.o
LOAD ./Drivers/STM32F1xx_HAL_Driver/Src/stm32f1xx_hal_spi.o
LOAD ./Drivers/STM32F1xx_HAL_Driver/Src/stm32f1xx_hal_tim.o
LOAD ./Drivers/STM32F1xx_HAL_Driver/Src/stm32f1xx_hal_tim_ex.o
LOAD ./Drivers/STM32F1xx_HAL_Driver/Src/stm32f1xx_hal_uart.o
START GROUP
LOAD C:/ST/STM32CubeIDE_1.16.0/STM32CubeIDE/plugins/com.st.stm32cube.ide.mcu.externaltools.gnu-tools-for-stm32.12.3.rel1.win32_1.1.0.202410251130/tools/bin/../lib/gcc/arm-none-eabi/12.3.1/../../../../arm-none-eabi/lib/thumb/v7-m/nofp\libc_nano.a
LOAD C:/ST/STM32CubeIDE_1.16.0/STM32CubeIDE/plugins/com.st.stm32cube.ide.mcu.externaltools.gnu-tools-for-stm32.12.3.rel1.win32_1.1.0.202410251130/tools/bin/../lib/gcc/arm-none-eabi/12.3.1/../../../../arm-none-eabi/lib/thumb/v7-m/nofp\libm.a
END GROUP
START GROUP
LOAD C:/ST/STM32CubeIDE_1.16.0/STM32CubeIDE/plugins/com.st.stm32cube.ide.mcu.externaltools.gnu-tools-for-stm32.12.3.rel1.win32_1.1.0.202410251130/tools/bin/../lib/gcc/arm-none-eabi/12.3.1/thumb/v7-m/nofp\libgcc.a
LOAD C:/ST/STM32CubeIDE_1.16.0/STM32CubeIDE/plugins/com.st.stm32cube.ide.mcu.externaltools.gnu-tools-for-stm32.12.3.rel1.win32_1.1.0.202410251130/tools/bin/../lib/gcc/arm-none-eabi/12.3.1/../../../../arm-none-eabi/lib/thumb/v7-m/nofp\libc_nano.a
END GROUP
START GROUP
LOAD C:/ST/STM32CubeIDE_1.16.0/STM32CubeIDE/plugins/com.st.stm32cube.ide.mcu.externaltools.gnu-tools-for-stm32.12.3.rel1.win32_1.1.0.202410251130/tools/bin/../lib/gcc/arm-none-eabi/12.3.1/thumb/v7-m/nofp\libgcc.a
LOAD C:/ST/STM32CubeIDE_1.16.0/STM32CubeIDE/plugins/com.st.stm32cube.ide.mcu.externaltools.gnu-tools-for-stm32.12.3.rel1.win32_1.1.0.202410251130/tools/bin/../lib/gcc/arm-none-eabi/12.3.1/../../../../arm-none-eabi/lib/thumb/v7-m/nofp\libc_nano.a
LOAD C:/ST/STM32CubeIDE_1.16.0/STM32CubeIDE/plugins/com.st.stm32cube.ide.mcu.externaltools.gnu-tools-for-stm32.12.3.rel1.win32_1.1.0.202410251130/tools/bin/../lib/gcc/arm-none-eabi/12.3.1/../../../../arm-none-eabi/lib/thumb/v7-m/nofp\libnosys.a
END GROUP
START GROUP
LOAD C:/ST/STM32CubeIDE_1.16.0/STM32CubeIDE/plugins/com.st.stm32cube.ide.mcu.externaltools.gnu-tools-for-stm32.12.3.rel1.win32_1.1.0.202410251130/tools/bin/../lib/gcc/arm-none-eabi/12.3.1/thumb/v7-m/nofp\libgcc.a
LOAD C:/ST/STM32CubeIDE_1.16.0/STM32CubeIDE/plugins/com.st.stm32cube.ide.mcu.externaltools.gnu-tools-for-stm32.12.3.rel1.win32_1.1.0.202410251130/tools/bin/../lib/gcc/arm-none-eabi/12.3.1/../../../../arm-none-eabi/lib/thumb/v7-m/nofp\libc_nano.a
LOAD C:/ST/STM32CubeIDE_1.16.0/STM32CubeIDE/plugins/com.st.stm32cube.ide.mcu.externaltools.gnu-tools-for-stm32.12.3.rel1.win32_1.1.0.202410251130/tools/bin/../lib/gcc/arm-none-eabi/12.3.1/../../../../arm-none-eabi/lib/thumb/v7-m/nofp\libnosys.a
END GROUP
LOAD C:/ST/STM32CubeIDE_1.16.0/STM32CubeIDE/plugins/com.st.stm32cube.ide.mcu.externaltools.gnu-tools-for-stm32.12.3.rel1.win32_1.1.0.202410251130/tools/bin/../lib/gcc/arm-none-eabi/12.3.1/thumb/v7-m/nofp/crtend.o
LOAD C:/ST/STM32CubeIDE_1.16.0/STM32CubeIDE/plugins/com.st.stm32cube.ide.mcu.externaltools.gnu-tools-for-stm32.12.3.rel1.win32_1.1.0.202410251130/tools/bin/../lib/gcc/arm-none-eabi/12.3.1/thumb/v7-m/nofp/crtn.o
                0x20005000                        _estack = (ORIGIN (RAM) + LENGTH (RAM))
                0x00000200                        _Min_Heap_Size = 0x200
                0x00000400                        _Min_Stack_Size = 0x400

.isr_vector     0x08000000      0x10c
                0x08000000                        . = ALIGN (0x4)
 *(.isr_vector)
 .isr_vector    0x08000000      0x10c ./Core/Startup/startup_stm32f103c8tx.o
                0x08000000                g_pfnVectors
                0x0800010c                        . = ALIGN (0x4)

.text           0x08000110     0x2bf8
                0x08000110                        . = ALIGN (0x4)
 *(.text)
 .text          0x08000110       0x40 C:/ST/STM32CubeIDE_1.16.0/STM32CubeIDE/plugins/com.st.stm32cube.ide.mcu.externaltools.gnu-tools-for-stm32.12.3.rel1.win32_1.1.0.202410251130/tools/bin/../lib/gcc/arm-none-eabi/12.3.1/thumb/v7-m/nofp/crtbegin.o
 .text          0x08000150       0x30 C:/ST/STM32CubeIDE_1.16.0/STM32CubeIDE/plugins/com.st.stm32cube.ide.mcu.externaltools.gnu-tools-for-stm32.12.3.rel1.win32_1.1.0.202410251130/tools/bin/../lib/gcc/arm-none-eabi/12.3.1/thumb/v7-m/nofp\libgcc.a(_aeabi_uldivmod.o)
                0x08000150                __aeabi_uldivmod
 .text          0x08000180      0x2b8 C:/ST/STM32CubeIDE_1.16.0/STM32CubeIDE/plugins/com.st.stm32cube.ide.mcu.externaltools.gnu-tools-for-stm32.12.3.rel1.win32_1.1.0.202410251130/tools/bin/../lib/gcc/arm-none-eabi/12.3.1/thumb/v7-m/nofp\libgcc.a(_udivmoddi4.o)
                0x08000180                __udivmoddi4
 .text          0x08000438        0x4 C:/ST/STM32CubeIDE_1.16.0/STM32CubeIDE/plugins/com.st.stm32cube.ide.mcu.externaltools.gnu-tools-for-stm32.12.3.rel1.win32_1.1.0.202410251130/tools/bin/../lib/gcc/arm-none-eabi/12.3.1/thumb/v7-m/nofp\libgcc.a(_dvmd_tls.o)
                0x08000438                __aeabi_idiv0
                0x08000438                __aeabi_ldiv0
 *(.text*)
 .text.SX1278_hw_init
                0x0800043c       0x2a ./Core/Src/SX1278_hw.o
                0x0800043c                SX1278_hw_init
 .text.SX1278_hw_SetNSS
                0x08000466       0x2e ./Core/Src/SX1278_hw.o
                0x08000466                SX1278_hw_SetNSS
 .text.SX1278_hw_Reset
                0x08000494       0x48 ./Core/Src/SX1278_hw.o
                0x08000494                SX1278_hw_Reset
 .text.SX1278_hw_SPICommand
                0x080004dc       0x40 ./Core/Src/SX1278_hw.o
                0x080004dc                SX1278_hw_SPICommand
 .text.SX1278_hw_SPIReadByte
                0x0800051c       0x4c ./Core/Src/SX1278_hw.o
                0x0800051c                SX1278_hw_SPIReadByte
 .text.SX1278_hw_DelayMs
                0x08000568       0x16 ./Core/Src/SX1278_hw.o
                0x08000568                SX1278_hw_DelayMs
 *fill*         0x0800057e        0x2 
 .text.MX_GPIO_Init
                0x08000580      0x134 ./Core/Src/gpio.o
                0x08000580                MX_GPIO_Init
 .text.MX_I2C1_Init
                0x080006b4       0x5c ./Core/Src/i2c.o
                0x080006b4                MX_I2C1_Init
 .text.HAL_I2C_MspInit
                0x08000710       0x7c ./Core/Src/i2c.o
                0x08000710                HAL_I2C_MspInit
 .text.LoRaSetRxMode
                0x0800078c       0x48 ./Core/Src/main.o
                0x0800078c                LoRaSetRxMode
 *fill*         0x080007d4        0x4 
 .text.main     0x080007d8       0xe4 ./Core/Src/main.o
                0x080007d8                main
 .text.SystemClock_Config
                0x080008bc       0x8a ./Core/Src/main.o
                0x080008bc                SystemClock_Config
 .text.Error_Handler
                0x08000946        0xc ./Core/Src/main.o
                0x08000946                Error_Handler
 *fill*         0x08000952        0x2 
 .text.MX_SPI1_Init
                0x08000954       0x6c ./Core/Src/spi.o
                0x08000954                MX_SPI1_Init
 .text.HAL_SPI_MspInit
                0x080009c0       0x94 ./Core/Src/spi.o
                0x080009c0                HAL_SPI_MspInit
 .text.HAL_MspInit
                0x08000a54       0x64 ./Core/Src/stm32f1xx_hal_msp.o
                0x08000a54                HAL_MspInit
 .text.NMI_Handler
                0x08000ab8        0x8 ./Core/Src/stm32f1xx_it.o
                0x08000ab8                NMI_Handler
 .text.HardFault_Handler
                0x08000ac0        0x8 ./Core/Src/stm32f1xx_it.o
                0x08000ac0                HardFault_Handler
 .text.MemManage_Handler
                0x08000ac8        0x8 ./Core/Src/stm32f1xx_it.o
                0x08000ac8                MemManage_Handler
 .text.BusFault_Handler
                0x08000ad0        0x8 ./Core/Src/stm32f1xx_it.o
                0x08000ad0                BusFault_Handler
 .text.UsageFault_Handler
                0x08000ad8        0x8 ./Core/Src/stm32f1xx_it.o
                0x08000ad8                UsageFault_Handler
 .text.SVC_Handler
                0x08000ae0        0xc ./Core/Src/stm32f1xx_it.o
                0x08000ae0                SVC_Handler
 .text.DebugMon_Handler
                0x08000aec        0xc ./Core/Src/stm32f1xx_it.o
                0x08000aec                DebugMon_Handler
 .text.PendSV_Handler
                0x08000af8        0xc ./Core/Src/stm32f1xx_it.o
                0x08000af8                PendSV_Handler
 .text.SysTick_Handler
                0x08000b04        0xc ./Core/Src/stm32f1xx_it.o
                0x08000b04                SysTick_Handler
 .text.EXTI1_IRQHandler
                0x08000b10        0xe ./Core/Src/stm32f1xx_it.o
                0x08000b10                EXTI1_IRQHandler
 .text.SystemInit
                0x08000b1e        0xc ./Core/Src/system_stm32f1xx.o
                0x08000b1e                SystemInit
 *fill*         0x08000b2a        0x2 
 .text.MX_USART1_UART_Init
                0x08000b2c       0x54 ./Core/Src/usart.o
                0x08000b2c                MX_USART1_UART_Init
 .text.HAL_UART_MspInit
                0x08000b80       0x98 ./Core/Src/usart.o
                0x08000b80                HAL_UART_MspInit
 .text.Reset_Handler
                0x08000c18       0x48 ./Core/Startup/startup_stm32f103c8tx.o
                0x08000c18                Reset_Handler
 .text.Default_Handler
                0x08000c60        0x2 ./Core/Startup/startup_stm32f103c8tx.o
                0x08000c60                RTC_Alarm_IRQHandler
                0x08000c60                EXTI2_IRQHandler
                0x08000c60                TIM1_CC_IRQHandler
                0x08000c60                PVD_IRQHandler
                0x08000c60                EXTI3_IRQHandler
                0x08000c60                EXTI0_IRQHandler
                0x08000c60                I2C2_EV_IRQHandler
                0x08000c60                ADC1_2_IRQHandler
                0x08000c60                SPI1_IRQHandler
                0x08000c60                TAMPER_IRQHandler
                0x08000c60                DMA1_Channel4_IRQHandler
                0x08000c60                USART3_IRQHandler
                0x08000c60                RTC_IRQHandler
                0x08000c60                DMA1_Channel7_IRQHandler
                0x08000c60                CAN1_RX1_IRQHandler
                0x08000c60                TIM4_IRQHandler
                0x08000c60                I2C1_EV_IRQHandler
                0x08000c60                DMA1_Channel6_IRQHandler
                0x08000c60                TIM3_IRQHandler
                0x08000c60                RCC_IRQHandler
                0x08000c60                TIM1_TRG_COM_IRQHandler
                0x08000c60                DMA1_Channel1_IRQHandler
                0x08000c60                Default_Handler
                0x08000c60                EXTI15_10_IRQHandler
                0x08000c60                EXTI9_5_IRQHandler
                0x08000c60                SPI2_IRQHandler
                0x08000c60                DMA1_Channel5_IRQHandler
                0x08000c60                EXTI4_IRQHandler
                0x08000c60                USB_LP_CAN1_RX0_IRQHandler
                0x08000c60                USB_HP_CAN1_TX_IRQHandler
                0x08000c60                DMA1_Channel3_IRQHandler
                0x08000c60                TIM1_UP_IRQHandler
                0x08000c60                WWDG_IRQHandler
                0x08000c60                TIM2_IRQHandler
                0x08000c60                TIM1_BRK_IRQHandler
                0x08000c60                USART2_IRQHandler
                0x08000c60                I2C2_ER_IRQHandler
                0x08000c60                DMA1_Channel2_IRQHandler
                0x08000c60                CAN1_SCE_IRQHandler
                0x08000c60                FLASH_IRQHandler
                0x08000c60                USART1_IRQHandler
                0x08000c60                I2C1_ER_IRQHandler
                0x08000c60                USBWakeUp_IRQHandler
 .text.SX1278_SPIRead
                0x08000c62       0x3e ./Drivers/LoRa/SX1278.o
                0x08000c62                SX1278_SPIRead
 .text.SX1278_SPIWrite
                0x08000ca0       0x52 ./Drivers/LoRa/SX1278.o
                0x08000ca0                SX1278_SPIWrite
 .text.SX1278_SPIBurstWrite
                0x08000cf2       0x76 ./Drivers/LoRa/SX1278.o
                0x08000cf2                SX1278_SPIBurstWrite
 .text.SX1278_config
                0x08000d68      0x208 ./Drivers/LoRa/SX1278.o
                0x08000d68                SX1278_config
 .text.SX1278_standby
                0x08000f70       0x20 ./Drivers/LoRa/SX1278.o
                0x08000f70                SX1278_standby
 .text.SX1278_sleep
                0x08000f90       0x20 ./Drivers/LoRa/SX1278.o
                0x08000f90                SX1278_sleep
 .text.SX1278_entryLoRa
                0x08000fb0       0x1a ./Drivers/LoRa/SX1278.o
                0x08000fb0                SX1278_entryLoRa
 .text.SX1278_clearLoRaIrq
                0x08000fca       0x1a ./Drivers/LoRa/SX1278.o
                0x08000fca                SX1278_clearLoRaIrq
 .text.SX1278_LoRaEntryTx
                0x08000fe4       0xb0 ./Drivers/LoRa/SX1278.o
                0x08000fe4                SX1278_LoRaEntryTx
 .text.SX1278_init
                0x08001094       0x5a ./Drivers/LoRa/SX1278.o
                0x08001094                SX1278_init
 *fill*         0x080010ee        0x2 
 .text.HAL_Init
                0x080010f0       0x2c ./Drivers/STM32F1xx_HAL_Driver/Src/stm32f1xx_hal.o
                0x080010f0                HAL_Init
 .text.HAL_InitTick
                0x0800111c       0x60 ./Drivers/STM32F1xx_HAL_Driver/Src/stm32f1xx_hal.o
                0x0800111c                HAL_InitTick
 .text.HAL_IncTick
                0x0800117c       0x24 ./Drivers/STM32F1xx_HAL_Driver/Src/stm32f1xx_hal.o
                0x0800117c                HAL_IncTick
 .text.HAL_GetTick
                0x080011a0       0x14 ./Drivers/STM32F1xx_HAL_Driver/Src/stm32f1xx_hal.o
                0x080011a0                HAL_GetTick
 .text.HAL_Delay
                0x080011b4       0x48 ./Drivers/STM32F1xx_HAL_Driver/Src/stm32f1xx_hal.o
                0x080011b4                HAL_Delay
 .text.__NVIC_SetPriorityGrouping
                0x080011fc       0x48 ./Drivers/STM32F1xx_HAL_Driver/Src/stm32f1xx_hal_cortex.o
 .text.__NVIC_GetPriorityGrouping
                0x08001244       0x1c ./Drivers/STM32F1xx_HAL_Driver/Src/stm32f1xx_hal_cortex.o
 .text.__NVIC_EnableIRQ
                0x08001260       0x38 ./Drivers/STM32F1xx_HAL_Driver/Src/stm32f1xx_hal_cortex.o
 .text.__NVIC_SetPriority
                0x08001298       0x54 ./Drivers/STM32F1xx_HAL_Driver/Src/stm32f1xx_hal_cortex.o
 .text.NVIC_EncodePriority
                0x080012ec       0x64 ./Drivers/STM32F1xx_HAL_Driver/Src/stm32f1xx_hal_cortex.o
 .text.SysTick_Config
                0x08001350       0x44 ./Drivers/STM32F1xx_HAL_Driver/Src/stm32f1xx_hal_cortex.o
 .text.HAL_NVIC_SetPriorityGrouping
                0x08001394       0x16 ./Drivers/STM32F1xx_HAL_Driver/Src/stm32f1xx_hal_cortex.o
                0x08001394                HAL_NVIC_SetPriorityGrouping
 .text.HAL_NVIC_SetPriority
                0x080013aa       0x38 ./Drivers/STM32F1xx_HAL_Driver/Src/stm32f1xx_hal_cortex.o
                0x080013aa                HAL_NVIC_SetPriority
 .text.HAL_NVIC_EnableIRQ
                0x080013e2       0x1c ./Drivers/STM32F1xx_HAL_Driver/Src/stm32f1xx_hal_cortex.o
                0x080013e2                HAL_NVIC_EnableIRQ
 .text.HAL_SYSTICK_Config
                0x080013fe       0x18 ./Drivers/STM32F1xx_HAL_Driver/Src/stm32f1xx_hal_cortex.o
                0x080013fe                HAL_SYSTICK_Config
 *fill*         0x08001416        0x2 
 .text.HAL_GPIO_Init
                0x08001418      0x308 ./Drivers/STM32F1xx_HAL_Driver/Src/stm32f1xx_hal_gpio.o
                0x08001418                HAL_GPIO_Init
 .text.HAL_GPIO_ReadPin
                0x08001720       0x2e ./Drivers/STM32F1xx_HAL_Driver/Src/stm32f1xx_hal_gpio.o
                0x08001720                HAL_GPIO_ReadPin
 .text.HAL_GPIO_WritePin
                0x0800174e       0x30 ./Drivers/STM32F1xx_HAL_Driver/Src/stm32f1xx_hal_gpio.o
                0x0800174e                HAL_GPIO_WritePin
 *fill*         0x0800177e        0x2 
 .text.HAL_GPIO_EXTI_IRQHandler
                0x08001780       0x30 ./Drivers/STM32F1xx_HAL_Driver/Src/stm32f1xx_hal_gpio.o
                0x08001780                HAL_GPIO_EXTI_IRQHandler
 .text.HAL_GPIO_EXTI_Callback
                0x080017b0       0x14 ./Drivers/STM32F1xx_HAL_Driver/Src/stm32f1xx_hal_gpio.o
                0x080017b0                HAL_GPIO_EXTI_Callback
 .text.HAL_I2C_Init
                0x080017c4      0x288 ./Drivers/STM32F1xx_HAL_Driver/Src/stm32f1xx_hal_i2c.o
                0x080017c4                HAL_I2C_Init
 .text.HAL_RCC_OscConfig
                0x08001a4c      0x504 ./Drivers/STM32F1xx_HAL_Driver/Src/stm32f1xx_hal_rcc.o
                0x08001a4c                HAL_RCC_OscConfig
 .text.HAL_RCC_ClockConfig
                0x08001f50      0x1d4 ./Drivers/STM32F1xx_HAL_Driver/Src/stm32f1xx_hal_rcc.o
                0x08001f50                HAL_RCC_ClockConfig
 .text.HAL_RCC_GetSysClockFreq
                0x08002124       0xa8 ./Drivers/STM32F1xx_HAL_Driver/Src/stm32f1xx_hal_rcc.o
                0x08002124                HAL_RCC_GetSysClockFreq
 .text.HAL_RCC_GetHCLKFreq
                0x080021cc       0x14 ./Drivers/STM32F1xx_HAL_Driver/Src/stm32f1xx_hal_rcc.o
                0x080021cc                HAL_RCC_GetHCLKFreq
 .text.HAL_RCC_GetPCLK1Freq
                0x080021e0       0x28 ./Drivers/STM32F1xx_HAL_Driver/Src/stm32f1xx_hal_rcc.o
                0x080021e0                HAL_RCC_GetPCLK1Freq
 .text.HAL_RCC_GetPCLK2Freq
                0x08002208       0x28 ./Drivers/STM32F1xx_HAL_Driver/Src/stm32f1xx_hal_rcc.o
                0x08002208                HAL_RCC_GetPCLK2Freq
 .text.RCC_Delay
                0x08002230       0x3c ./Drivers/STM32F1xx_HAL_Driver/Src/stm32f1xx_hal_rcc.o
 .text.HAL_SPI_Init
                0x0800226c      0x108 ./Drivers/STM32F1xx_HAL_Driver/Src/stm32f1xx_hal_spi.o
                0x0800226c                HAL_SPI_Init
 .text.HAL_SPI_Transmit
                0x08002374      0x288 ./Drivers/STM32F1xx_HAL_Driver/Src/stm32f1xx_hal_spi.o
                0x08002374                HAL_SPI_Transmit
 .text.HAL_SPI_TransmitReceive
                0x080025fc      0x352 ./Drivers/STM32F1xx_HAL_Driver/Src/stm32f1xx_hal_spi.o
                0x080025fc                HAL_SPI_TransmitReceive
 .text.HAL_SPI_GetState
                0x0800294e       0x1a ./Drivers/STM32F1xx_HAL_Driver/Src/stm32f1xx_hal_spi.o
                0x0800294e                HAL_SPI_GetState
 .text.SPI_WaitFlagStateUntilTimeout
                0x08002968      0x110 ./Drivers/STM32F1xx_HAL_Driver/Src/stm32f1xx_hal_spi.o
 .text.SPI_EndRxTxTransaction
                0x08002a78       0x62 ./Drivers/STM32F1xx_HAL_Driver/Src/stm32f1xx_hal_spi.o
 .text.HAL_UART_Init
                0x08002ada       0xa0 ./Drivers/STM32F1xx_HAL_Driver/Src/stm32f1xx_hal_uart.o
                0x08002ada                HAL_UART_Init
 *fill*         0x08002b7a        0x2 
 .text.UART_SetConfig
                0x08002b7c      0x11c ./Drivers/STM32F1xx_HAL_Driver/Src/stm32f1xx_hal_uart.o
 .text.memset   0x08002c98       0x10 C:/ST/STM32CubeIDE_1.16.0/STM32CubeIDE/plugins/com.st.stm32cube.ide.mcu.externaltools.gnu-tools-for-stm32.12.3.rel1.win32_1.1.0.202410251130/tools/bin/../lib/gcc/arm-none-eabi/12.3.1/../../../../arm-none-eabi/lib/thumb/v7-m/nofp\libc_nano.a(libc_a-memset.o)
                0x08002c98                memset
 .text.__libc_init_array
                0x08002ca8       0x48 C:/ST/STM32CubeIDE_1.16.0/STM32CubeIDE/plugins/com.st.stm32cube.ide.mcu.externaltools.gnu-tools-for-stm32.12.3.rel1.win32_1.1.0.202410251130/tools/bin/../lib/gcc/arm-none-eabi/12.3.1/../../../../arm-none-eabi/lib/thumb/v7-m/nofp\libc_nano.a(libc_a-init.o)
                0x08002ca8                __libc_init_array
 *(.glue_7)
 .glue_7        0x08002cf0        0x0 linker stubs
 *(.glue_7t)
 .glue_7t       0x08002cf0        0x0 linker stubs
 *(.eh_frame)
 .eh_frame      0x08002cf0        0x0 C:/ST/STM32CubeIDE_1.16.0/STM32CubeIDE/plugins/com.st.stm32cube.ide.mcu.externaltools.gnu-tools-for-stm32.12.3.rel1.win32_1.1.0.202410251130/tools/bin/../lib/gcc/arm-none-eabi/12.3.1/thumb/v7-m/nofp/crtbegin.o
 *(.init)
 .init          0x08002cf0        0x4 C:/ST/STM32CubeIDE_1.16.0/STM32CubeIDE/plugins/com.st.stm32cube.ide.mcu.externaltools.gnu-tools-for-stm32.12.3.rel1.win32_1.1.0.202410251130/tools/bin/../lib/gcc/arm-none-eabi/12.3.1/thumb/v7-m/nofp/crti.o
                0x08002cf0                _init
 .init          0x08002cf4        0x8 C:/ST/STM32CubeIDE_1.16.0/STM32CubeIDE/plugins/com.st.stm32cube.ide.mcu.externaltools.gnu-tools-for-stm32.12.3.rel1.win32_1.1.0.202410251130/tools/bin/../lib/gcc/arm-none-eabi/12.3.1/thumb/v7-m/nofp/crtn.o
 *(.fini)
 .fini          0x08002cfc        0x4 C:/ST/STM32CubeIDE_1.16.0/STM32CubeIDE/plugins/com.st.stm32cube.ide.mcu.externaltools.gnu-tools-for-stm32.12.3.rel1.win32_1.1.0.202410251130/tools/bin/../lib/gcc/arm-none-eabi/12.3.1/thumb/v7-m/nofp/crti.o
                0x08002cfc                _fini
 .fini          0x08002d00        0x8 C:/ST/STM32CubeIDE_1.16.0/STM32CubeIDE/plugins/com.st.stm32cube.ide.mcu.externaltools.gnu-tools-for-stm32.12.3.rel1.win32_1.1.0.202410251130/tools/bin/../lib/gcc/arm-none-eabi/12.3.1/thumb/v7-m/nofp/crtn.o
                0x08002d08                        . = ALIGN (0x4)
                0x08002d08                        _etext = .

.vfp11_veneer   0x08002d08        0x0
 .vfp11_veneer  0x08002d08        0x0 linker stubs

.v4_bx          0x08002d08        0x0
 .v4_bx         0x08002d08        0x0 linker stubs

.iplt           0x08002d08        0x0
 .iplt          0x08002d08        0x0 C:/ST/STM32CubeIDE_1.16.0/STM32CubeIDE/plugins/com.st.stm32cube.ide.mcu.externaltools.gnu-tools-for-stm32.12.3.rel1.win32_1.1.0.202410251130/tools/bin/../lib/gcc/arm-none-eabi/12.3.1/thumb/v7-m/nofp/crtbegin.o

.rodata         0x08002d08       0x4c
                0x08002d08                        . = ALIGN (0x4)
 *(.rodata)
 *(.rodata*)
 .rodata.AHBPrescTable
                0x08002d08       0x10 ./Core/Src/system_stm32f1xx.o
                0x08002d08                AHBPrescTable
 .rodata.APBPrescTable
                0x08002d18        0x8 ./Core/Src/system_stm32f1xx.o
                0x08002d18                APBPrescTable
 .rodata.SX1278_Power
                0x08002d20        0x4 ./Drivers/LoRa/SX1278.o
 .rodata.SX1278_SpreadFactor
                0x08002d24        0x7 ./Drivers/LoRa/SX1278.o
 *fill*         0x08002d2b        0x1 
 .rodata.SX1278_LoRaBandwidth
                0x08002d2c        0xa ./Drivers/LoRa/SX1278.o
 *fill*         0x08002d36        0x2 
 .rodata.SX1278_CodingRate
                0x08002d38        0x4 ./Drivers/LoRa/SX1278.o
 .rodata.SX1278_CRC_Sum
                0x08002d3c        0x2 ./Drivers/LoRa/SX1278.o
 *fill*         0x08002d3e        0x2 
 .rodata.aPLLMULFactorTable.1
                0x08002d40       0x10 ./Drivers/STM32F1xx_HAL_Driver/Src/stm32f1xx_hal_rcc.o
 .rodata.aPredivFactorTable.0
                0x08002d50        0x2 ./Drivers/STM32F1xx_HAL_Driver/Src/stm32f1xx_hal_rcc.o
                0x08002d54                        . = ALIGN (0x4)
 *fill*         0x08002d52        0x2 

.ARM.extab      0x08002d54        0x0
                0x08002d54                        . = ALIGN (0x4)
 *(.ARM.extab* .gnu.linkonce.armextab.*)
                0x08002d54                        . = ALIGN (0x4)

.ARM            0x08002d54        0x8
                0x08002d54                        . = ALIGN (0x4)
                0x08002d54                        __exidx_start = .
 *(.ARM.exidx*)
 .ARM.exidx     0x08002d54        0x8 C:/ST/STM32CubeIDE_1.16.0/STM32CubeIDE/plugins/com.st.stm32cube.ide.mcu.externaltools.gnu-tools-for-stm32.12.3.rel1.win32_1.1.0.202410251130/tools/bin/../lib/gcc/arm-none-eabi/12.3.1/thumb/v7-m/nofp\libgcc.a(_udivmoddi4.o)
                0x08002d5c                        __exidx_end = .
                0x08002d5c                        . = ALIGN (0x4)

.preinit_array  0x08002d5c        0x0
                0x08002d5c                        . = ALIGN (0x4)
                0x08002d5c                        PROVIDE (__preinit_array_start = .)
 *(.preinit_array*)
                0x08002d5c                        PROVIDE (__preinit_array_end = .)
                0x08002d5c                        . = ALIGN (0x4)

.init_array     0x08002d5c        0x4
                0x08002d5c                        . = ALIGN (0x4)
                0x08002d5c                        PROVIDE (__init_array_start = .)
 *(SORT_BY_NAME(.init_array.*))
 *(.init_array*)
 .init_array    0x08002d5c        0x4 C:/ST/STM32CubeIDE_1.16.0/STM32CubeIDE/plugins/com.st.stm32cube.ide.mcu.externaltools.gnu-tools-for-stm32.12.3.rel1.win32_1.1.0.202410251130/tools/bin/../lib/gcc/arm-none-eabi/12.3.1/thumb/v7-m/nofp/crtbegin.o
                0x08002d60                        PROVIDE (__init_array_end = .)
                0x08002d60                        . = ALIGN (0x4)

.fini_array     0x08002d60        0x4
                0x08002d60                        . = ALIGN (0x4)
                [!provide]                        PROVIDE (__fini_array_start = .)
 *(SORT_BY_NAME(.fini_array.*))
 *(.fini_array*)
 .fini_array    0x08002d60        0x4 C:/ST/STM32CubeIDE_1.16.0/STM32CubeIDE/plugins/com.st.stm32cube.ide.mcu.externaltools.gnu-tools-for-stm32.12.3.rel1.win32_1.1.0.202410251130/tools/bin/../lib/gcc/arm-none-eabi/12.3.1/thumb/v7-m/nofp/crtbegin.o
                [!provide]                        PROVIDE (__fini_array_end = .)
                0x08002d64                        . = ALIGN (0x4)
                0x08002d64                        _sidata = LOADADDR (.data)

.rel.dyn        0x08002d64        0x0
 .rel.iplt      0x08002d64        0x0 C:/ST/STM32CubeIDE_1.16.0/STM32CubeIDE/plugins/com.st.stm32cube.ide.mcu.externaltools.gnu-tools-for-stm32.12.3.rel1.win32_1.1.0.202410251130/tools/bin/../lib/gcc/arm-none-eabi/12.3.1/thumb/v7-m/nofp/crtbegin.o

.data           0x20000000        0xc load address 0x08002d64
                0x20000000                        . = ALIGN (0x4)
                0x20000000                        _sdata = .
 *(.data)
 *(.data*)
 .data.SystemCoreClock
                0x20000000        0x4 ./Core/Src/system_stm32f1xx.o
                0x20000000                SystemCoreClock
 .data.uwTickPrio
                0x20000004        0x4 ./Drivers/STM32F1xx_HAL_Driver/Src/stm32f1xx_hal.o
                0x20000004                uwTickPrio
 .data.uwTickFreq
                0x20000008        0x1 ./Drivers/STM32F1xx_HAL_Driver/Src/stm32f1xx_hal.o
                0x20000008                uwTickFreq
 *(.RamFunc)
 *(.RamFunc*)
                0x2000000c                        . = ALIGN (0x4)
 *fill*         0x20000009        0x3 
                0x2000000c                        _edata = .

.igot.plt       0x2000000c        0x0 load address 0x08002d70
 .igot.plt      0x2000000c        0x0 C:/ST/STM32CubeIDE_1.16.0/STM32CubeIDE/plugins/com.st.stm32cube.ide.mcu.externaltools.gnu-tools-for-stm32.12.3.rel1.win32_1.1.0.202410251130/tools/bin/../lib/gcc/arm-none-eabi/12.3.1/thumb/v7-m/nofp/crtbegin.o
                0x2000000c                        . = ALIGN (0x4)

.bss            0x20000010      0x260 load address 0x08002d70
                0x20000010                        _sbss = .
                0x20000010                        __bss_start__ = _sbss
 *(.bss)
 .bss           0x20000010       0x1c C:/ST/STM32CubeIDE_1.16.0/STM32CubeIDE/plugins/com.st.stm32cube.ide.mcu.externaltools.gnu-tools-for-stm32.12.3.rel1.win32_1.1.0.202410251130/tools/bin/../lib/gcc/arm-none-eabi/12.3.1/thumb/v7-m/nofp/crtbegin.o
 *(.bss*)
 .bss.hi2c1     0x2000002c       0x54 ./Core/Src/i2c.o
                0x2000002c                hi2c1
 .bss.SX1278_hw
                0x20000080       0x1c ./Core/Src/main.o
                0x20000080                SX1278_hw
 *fill*         0x2000009c        0x4 
 .bss.SX1278    0x200000a0      0x118 ./Core/Src/main.o
                0x200000a0                SX1278
 .bss.master    0x200001b8        0x4 ./Core/Src/main.o
                0x200001b8                master
 .bss.ret       0x200001bc        0x4 ./Core/Src/main.o
                0x200001bc                ret
 .bss.timeout   0x200001c0        0x4 ./Core/Src/main.o
                0x200001c0                timeout
 .bss.change_mode_time
                0x200001c4        0x4 ./Core/Src/main.o
                0x200001c4                change_mode_time
 .bss.control_val
                0x200001c8        0x4 ./Core/Src/main.o
                0x200001c8                control_val
 .bss.hspi1     0x200001cc       0x58 ./Core/Src/spi.o
                0x200001cc                hspi1
 .bss.huart1    0x20000224       0x48 ./Core/Src/usart.o
                0x20000224                huart1
 .bss.uwTick    0x2000026c        0x4 ./Drivers/STM32F1xx_HAL_Driver/Src/stm32f1xx_hal.o
                0x2000026c                uwTick
 *(COMMON)
                0x20000270                        . = ALIGN (0x4)
                0x20000270                        _ebss = .
                0x20000270                        __bss_end__ = _ebss

._user_heap_stack
                0x20000270      0x600 load address 0x08002d70
                0x20000270                        . = ALIGN (0x8)
                [!provide]                        PROVIDE (end = .)
                0x20000270                        PROVIDE (_end = .)
                0x20000470                        . = (. + _Min_Heap_Size)
 *fill*         0x20000270      0x200 
                0x20000870                        . = (. + _Min_Stack_Size)
 *fill*         0x20000470      0x400 
                0x20000870                        . = ALIGN (0x8)

/DISCARD/
 libc.a(*)
 libm.a(*)
 libgcc.a(*)

.ARM.attributes
                0x00000000       0x29
 *(.ARM.attributes)
 .ARM.attributes
                0x00000000       0x1d C:/ST/STM32CubeIDE_1.16.0/STM32CubeIDE/plugins/com.st.stm32cube.ide.mcu.externaltools.gnu-tools-for-stm32.12.3.rel1.win32_1.1.0.202410251130/tools/bin/../lib/gcc/arm-none-eabi/12.3.1/thumb/v7-m/nofp/crti.o
 .ARM.attributes
                0x0000001d       0x2d C:/ST/STM32CubeIDE_1.16.0/STM32CubeIDE/plugins/com.st.stm32cube.ide.mcu.externaltools.gnu-tools-for-stm32.12.3.rel1.win32_1.1.0.202410251130/tools/bin/../lib/gcc/arm-none-eabi/12.3.1/thumb/v7-m/nofp/crtbegin.o
 .ARM.attributes
                0x0000004a       0x2d ./Core/Src/SX1278_hw.o
 .ARM.attributes
                0x00000077       0x2d ./Core/Src/gpio.o
 .ARM.attributes
                0x000000a4       0x2d ./Core/Src/i2c.o
 .ARM.attributes
                0x000000d1       0x2d ./Core/Src/main.o
 .ARM.attributes
                0x000000fe       0x2d ./Core/Src/spi.o
 .ARM.attributes
                0x0000012b       0x2d ./Core/Src/stm32f1xx_hal_msp.o
 .ARM.attributes
                0x00000158       0x2d ./Core/Src/stm32f1xx_it.o
 .ARM.attributes
                0x00000185       0x2d ./Core/Src/system_stm32f1xx.o
 .ARM.attributes
                0x000001b2       0x2d ./Core/Src/usart.o
 .ARM.attributes
                0x000001df       0x21 ./Core/Startup/startup_stm32f103c8tx.o
 .ARM.attributes
                0x00000200       0x2d ./Drivers/LoRa/SX1278.o
 .ARM.attributes
                0x0000022d       0x2d ./Drivers/STM32F1xx_HAL_Driver/Src/stm32f1xx_hal.o
 .ARM.attributes
                0x0000025a       0x2d ./Drivers/STM32F1xx_HAL_Driver/Src/stm32f1xx_hal_cortex.o
 .ARM.attributes
                0x00000287       0x2d ./Drivers/STM32F1xx_HAL_Driver/Src/stm32f1xx_hal_gpio.o
 .ARM.attributes
                0x000002b4       0x2d ./Drivers/STM32F1xx_HAL_Driver/Src/stm32f1xx_hal_i2c.o
 .ARM.attributes
                0x000002e1       0x2d ./Drivers/STM32F1xx_HAL_Driver/Src/stm32f1xx_hal_rcc.o
 .ARM.attributes
                0x0000030e       0x2d ./Drivers/STM32F1xx_HAL_Driver/Src/stm32f1xx_hal_spi.o
 .ARM.attributes
                0x0000033b       0x2d ./Drivers/STM32F1xx_HAL_Driver/Src/stm32f1xx_hal_uart.o
 .ARM.attributes
                0x00000368       0x2d C:/ST/STM32CubeIDE_1.16.0/STM32CubeIDE/plugins/com.st.stm32cube.ide.mcu.externaltools.gnu-tools-for-stm32.12.3.rel1.win32_1.1.0.202410251130/tools/bin/../lib/gcc/arm-none-eabi/12.3.1/../../../../arm-none-eabi/lib/thumb/v7-m/nofp\libc_nano.a(libc_a-memset.o)
 .ARM.attributes
                0x00000395       0x2d C:/ST/STM32CubeIDE_1.16.0/STM32CubeIDE/plugins/com.st.stm32cube.ide.mcu.externaltools.gnu-tools-for-stm32.12.3.rel1.win32_1.1.0.202410251130/tools/bin/../lib/gcc/arm-none-eabi/12.3.1/../../../../arm-none-eabi/lib/thumb/v7-m/nofp\libc_nano.a(libc_a-init.o)
 .ARM.attributes
                0x000003c2       0x1d C:/ST/STM32CubeIDE_1.16.0/STM32CubeIDE/plugins/com.st.stm32cube.ide.mcu.externaltools.gnu-tools-for-stm32.12.3.rel1.win32_1.1.0.202410251130/tools/bin/../lib/gcc/arm-none-eabi/12.3.1/thumb/v7-m/nofp\libgcc.a(_aeabi_uldivmod.o)
 .ARM.attributes
                0x000003df       0x2d C:/ST/STM32CubeIDE_1.16.0/STM32CubeIDE/plugins/com.st.stm32cube.ide.mcu.externaltools.gnu-tools-for-stm32.12.3.rel1.win32_1.1.0.202410251130/tools/bin/../lib/gcc/arm-none-eabi/12.3.1/thumb/v7-m/nofp\libgcc.a(_udivmoddi4.o)
 .ARM.attributes
                0x0000040c       0x1d C:/ST/STM32CubeIDE_1.16.0/STM32CubeIDE/plugins/com.st.stm32cube.ide.mcu.externaltools.gnu-tools-for-stm32.12.3.rel1.win32_1.1.0.202410251130/tools/bin/../lib/gcc/arm-none-eabi/12.3.1/thumb/v7-m/nofp\libgcc.a(_dvmd_tls.o)
 .ARM.attributes
                0x00000429       0x1d C:/ST/STM32CubeIDE_1.16.0/STM32CubeIDE/plugins/com.st.stm32cube.ide.mcu.externaltools.gnu-tools-for-stm32.12.3.rel1.win32_1.1.0.202410251130/tools/bin/../lib/gcc/arm-none-eabi/12.3.1/thumb/v7-m/nofp/crtn.o
OUTPUT(Home_station.elf elf32-littlearm)
LOAD linker stubs
LOAD C:/ST/STM32CubeIDE_1.16.0/STM32CubeIDE/plugins/com.st.stm32cube.ide.mcu.externaltools.gnu-tools-for-stm32.12.3.rel1.win32_1.1.0.202410251130/tools/bin/../lib/gcc/arm-none-eabi/12.3.1/../../../../arm-none-eabi/lib/thumb/v7-m/nofp\libc.a
LOAD C:/ST/STM32CubeIDE_1.16.0/STM32CubeIDE/plugins/com.st.stm32cube.ide.mcu.externaltools.gnu-tools-for-stm32.12.3.rel1.win32_1.1.0.202410251130/tools/bin/../lib/gcc/arm-none-eabi/12.3.1/../../../../arm-none-eabi/lib/thumb/v7-m/nofp\libm.a
LOAD C:/ST/STM32CubeIDE_1.16.0/STM32CubeIDE/plugins/com.st.stm32cube.ide.mcu.externaltools.gnu-tools-for-stm32.12.3.rel1.win32_1.1.0.202410251130/tools/bin/../lib/gcc/arm-none-eabi/12.3.1/thumb/v7-m/nofp\libgcc.a

.debug_info     0x00000000     0xcf70
 .debug_info    0x00000000      0x876 ./Core/Src/SX1278_hw.o
 .debug_info    0x00000876      0x44e ./Core/Src/gpio.o
 .debug_info    0x00000cc4      0x7e3 ./Core/Src/i2c.o
 .debug_info    0x000014a7     0x1561 ./Core/Src/main.o
 .debug_info    0x00002a08      0x7bc ./Core/Src/spi.o
 .debug_info    0x000031c4      0x1f1 ./Core/Src/stm32f1xx_hal_msp.o
 .debug_info    0x000033b5      0x14b ./Core/Src/stm32f1xx_it.o
 .debug_info    0x00003500      0x222 ./Core/Src/system_stm32f1xx.o
 .debug_info    0x00003722      0x798 ./Core/Src/usart.o
 .debug_info    0x00003eba       0x30 ./Core/Startup/startup_stm32f103c8tx.o
 .debug_info    0x00003eea      0x93d ./Drivers/LoRa/SX1278.o
 .debug_info    0x00004827      0x704 ./Drivers/STM32F1xx_HAL_Driver/Src/stm32f1xx_hal.o
 .debug_info    0x00004f2b      0xa87 ./Drivers/STM32F1xx_HAL_Driver/Src/stm32f1xx_hal_cortex.o
 .debug_info    0x000059b2      0x5ab ./Drivers/STM32F1xx_HAL_Driver/Src/stm32f1xx_hal_gpio.o
 .debug_info    0x00005f5d     0x2524 ./Drivers/STM32F1xx_HAL_Driver/Src/stm32f1xx_hal_i2c.o
 .debug_info    0x00008481      0x7d5 ./Drivers/STM32F1xx_HAL_Driver/Src/stm32f1xx_hal_rcc.o
 .debug_info    0x00008c56     0x142d ./Drivers/STM32F1xx_HAL_Driver/Src/stm32f1xx_hal_spi.o
 .debug_info    0x0000a083     0x2eed ./Drivers/STM32F1xx_HAL_Driver/Src/stm32f1xx_hal_uart.o

.debug_abbrev   0x00000000     0x225a
 .debug_abbrev  0x00000000      0x1f9 ./Core/Src/SX1278_hw.o
 .debug_abbrev  0x000001f9      0x161 ./Core/Src/gpio.o
 .debug_abbrev  0x0000035a      0x1de ./Core/Src/i2c.o
 .debug_abbrev  0x00000538      0x2ec ./Core/Src/main.o
 .debug_abbrev  0x00000824      0x1e7 ./Core/Src/spi.o
 .debug_abbrev  0x00000a0b       0xdb ./Core/Src/stm32f1xx_hal_msp.o
 .debug_abbrev  0x00000ae6       0xa0 ./Core/Src/stm32f1xx_it.o
 .debug_abbrev  0x00000b86      0x13f ./Core/Src/system_stm32f1xx.o
 .debug_abbrev  0x00000cc5      0x1e6 ./Core/Src/usart.o
 .debug_abbrev  0x00000eab       0x24 ./Core/Startup/startup_stm32f103c8tx.o
 .debug_abbrev  0x00000ecf      0x200 ./Drivers/LoRa/SX1278.o
 .debug_abbrev  0x000010cf      0x201 ./Drivers/STM32F1xx_HAL_Driver/Src/stm32f1xx_hal.o
 .debug_abbrev  0x000012d0      0x2f8 ./Drivers/STM32F1xx_HAL_Driver/Src/stm32f1xx_hal_cortex.o
 .debug_abbrev  0x000015c8      0x1ca ./Drivers/STM32F1xx_HAL_Driver/Src/stm32f1xx_hal_gpio.o
 .debug_abbrev  0x00001792      0x2a3 ./Drivers/STM32F1xx_HAL_Driver/Src/stm32f1xx_hal_i2c.o
 .debug_abbrev  0x00001a35      0x2b3 ./Drivers/STM32F1xx_HAL_Driver/Src/stm32f1xx_hal_rcc.o
 .debug_abbrev  0x00001ce8      0x27a ./Drivers/STM32F1xx_HAL_Driver/Src/stm32f1xx_hal_spi.o
 .debug_abbrev  0x00001f62      0x2f8 ./Drivers/STM32F1xx_HAL_Driver/Src/stm32f1xx_hal_uart.o

.debug_aranges  0x00000000      0xc18
 .debug_aranges
                0x00000000       0x50 ./Core/Src/SX1278_hw.o
 .debug_aranges
                0x00000050       0x20 ./Core/Src/gpio.o
 .debug_aranges
                0x00000070       0x30 ./Core/Src/i2c.o
 .debug_aranges
                0x000000a0       0x40 ./Core/Src/main.o
 .debug_aranges
                0x000000e0       0x30 ./Core/Src/spi.o
 .debug_aranges
                0x00000110       0x20 ./Core/Src/stm32f1xx_hal_msp.o
 .debug_aranges
                0x00000130       0x68 ./Core/Src/stm32f1xx_it.o
 .debug_aranges
                0x00000198       0x28 ./Core/Src/system_stm32f1xx.o
 .debug_aranges
                0x000001c0       0x30 ./Core/Src/usart.o
 .debug_aranges
                0x000001f0       0x28 ./Core/Startup/startup_stm32f103c8tx.o
 .debug_aranges
                0x00000218       0xb8 ./Drivers/LoRa/SX1278.o
 .debug_aranges
                0x000002d0       0xe0 ./Drivers/STM32F1xx_HAL_Driver/Src/stm32f1xx_hal.o
 .debug_aranges
                0x000003b0      0x100 ./Drivers/STM32F1xx_HAL_Driver/Src/stm32f1xx_hal_cortex.o
 .debug_aranges
                0x000004b0       0x58 ./Drivers/STM32F1xx_HAL_Driver/Src/stm32f1xx_hal_gpio.o
 .debug_aranges
                0x00000508      0x2a8 ./Drivers/STM32F1xx_HAL_Driver/Src/stm32f1xx_hal_i2c.o
 .debug_aranges
                0x000007b0       0x90 ./Drivers/STM32F1xx_HAL_Driver/Src/stm32f1xx_hal_rcc.o
 .debug_aranges
                0x00000840      0x1d0 ./Drivers/STM32F1xx_HAL_Driver/Src/stm32f1xx_hal_spi.o
 .debug_aranges
                0x00000a10      0x208 ./Drivers/STM32F1xx_HAL_Driver/Src/stm32f1xx_hal_uart.o

.debug_rnglists
                0x00000000      0x95e
 .debug_rnglists
                0x00000000       0x37 ./Core/Src/SX1278_hw.o
 .debug_rnglists
                0x00000037       0x14 ./Core/Src/gpio.o
 .debug_rnglists
                0x0000004b       0x1f ./Core/Src/i2c.o
 .debug_rnglists
                0x0000006a       0x2d ./Core/Src/main.o
 .debug_rnglists
                0x00000097       0x20 ./Core/Src/spi.o
 .debug_rnglists
                0x000000b7       0x13 ./Core/Src/stm32f1xx_hal_msp.o
 .debug_rnglists
                0x000000ca       0x49 ./Core/Src/stm32f1xx_it.o
 .debug_rnglists
                0x00000113       0x1a ./Core/Src/system_stm32f1xx.o
 .debug_rnglists
                0x0000012d       0x20 ./Core/Src/usart.o
 .debug_rnglists
                0x0000014d       0x19 ./Core/Startup/startup_stm32f103c8tx.o
 .debug_rnglists
                0x00000166       0x89 ./Drivers/LoRa/SX1278.o
 .debug_rnglists
                0x000001ef       0xa3 ./Drivers/STM32F1xx_HAL_Driver/Src/stm32f1xx_hal.o
 .debug_rnglists
                0x00000292       0xbb ./Drivers/STM32F1xx_HAL_Driver/Src/stm32f1xx_hal_cortex.o
 .debug_rnglists
                0x0000034d       0x3f ./Drivers/STM32F1xx_HAL_Driver/Src/stm32f1xx_hal_gpio.o
 .debug_rnglists
                0x0000038c      0x23c ./Drivers/STM32F1xx_HAL_Driver/Src/stm32f1xx_hal_i2c.o
 .debug_rnglists
                0x000005c8       0x6c ./Drivers/STM32F1xx_HAL_Driver/Src/stm32f1xx_hal_rcc.o
 .debug_rnglists
                0x00000634      0x16e ./Drivers/STM32F1xx_HAL_Driver/Src/stm32f1xx_hal_spi.o
 .debug_rnglists
                0x000007a2      0x1bc ./Drivers/STM32F1xx_HAL_Driver/Src/stm32f1xx_hal_uart.o

.debug_macro    0x00000000    0x174c1
 .debug_macro   0x00000000      0x29d ./Core/Src/SX1278_hw.o
 .debug_macro   0x0000029d       0x22 ./Core/Src/SX1278_hw.o
 .debug_macro   0x000002bf       0x8e ./Core/Src/SX1278_hw.o
 .debug_macro   0x0000034d       0x51 ./Core/Src/SX1278_hw.o
 .debug_macro   0x0000039e      0x103 ./Core/Src/SX1278_hw.o
 .debug_macro   0x000004a1       0x6a ./Core/Src/SX1278_hw.o
 .debug_macro   0x0000050b      0x1df ./Core/Src/SX1278_hw.o
 .debug_macro   0x000006ea       0x61 ./Core/Src/SX1278_hw.o
 .debug_macro   0x0000074b       0x24 ./Core/Src/SX1278_hw.o
 .debug_macro   0x0000076f       0x43 ./Core/Src/SX1278_hw.o
 .debug_macro   0x000007b2       0x34 ./Core/Src/SX1278_hw.o
 .debug_macro   0x000007e6      0x189 ./Core/Src/SX1278_hw.o
 .debug_macro   0x0000096f       0x16 ./Core/Src/SX1278_hw.o
 .debug_macro   0x00000985       0x43 ./Core/Src/SX1278_hw.o
 .debug_macro   0x000009c8       0x34 ./Core/Src/SX1278_hw.o
 .debug_macro   0x000009fc       0x10 ./Core/Src/SX1278_hw.o
 .debug_macro   0x00000a0c       0x58 ./Core/Src/SX1278_hw.o
 .debug_macro   0x00000a64       0x8e ./Core/Src/SX1278_hw.o
 .debug_macro   0x00000af2       0x1c ./Core/Src/SX1278_hw.o
 .debug_macro   0x00000b0e      0x177 ./Core/Src/SX1278_hw.o
 .debug_macro   0x00000c85      0x369 ./Core/Src/SX1278_hw.o
 .debug_macro   0x00000fee       0x10 ./Core/Src/SX1278_hw.o
 .debug_macro   0x00000ffe       0x35 ./Core/Src/SX1278_hw.o
 .debug_macro   0x00001033       0x20 ./Core/Src/SX1278_hw.o
 .debug_macro   0x00001053      0x221 ./Core/Src/SX1278_hw.o
 .debug_macro   0x00001274       0x2e ./Core/Src/SX1278_hw.o
 .debug_macro   0x000012a2       0x22 ./Core/Src/SX1278_hw.o
 .debug_macro   0x000012c4       0x1c ./Core/Src/SX1278_hw.o
 .debug_macro   0x000012e0       0x22 ./Core/Src/SX1278_hw.o
 .debug_macro   0x00001302       0xbd ./Core/Src/SX1278_hw.o
 .debug_macro   0x000013bf      0xd23 ./Core/Src/SX1278_hw.o
 .debug_macro   0x000020e2     0xe09e ./Core/Src/SX1278_hw.o
 .debug_macro   0x00010180       0x6d ./Core/Src/SX1278_hw.o
 .debug_macro   0x000101ed     0x34a2 ./Core/Src/SX1278_hw.o
 .debug_macro   0x0001368f       0x56 ./Core/Src/SX1278_hw.o
 .debug_macro   0x000136e5      0x5bc ./Core/Src/SX1278_hw.o
 .debug_macro   0x00013ca1      0x289 ./Core/Src/SX1278_hw.o
 .debug_macro   0x00013f2a      0x1cb ./Core/Src/SX1278_hw.o
 .debug_macro   0x000140f5      0x114 ./Core/Src/SX1278_hw.o
 .debug_macro   0x00014209      0x1b2 ./Core/Src/SX1278_hw.o
 .debug_macro   0x000143bb       0x27 ./Core/Src/SX1278_hw.o
 .debug_macro   0x000143e2      0x136 ./Core/Src/SX1278_hw.o
 .debug_macro   0x00014518      0x1bc ./Core/Src/SX1278_hw.o
 .debug_macro   0x000146d4       0x34 ./Core/Src/SX1278_hw.o
 .debug_macro   0x00014708       0x3c ./Core/Src/SX1278_hw.o
 .debug_macro   0x00014744       0x57 ./Core/Src/SX1278_hw.o
 .debug_macro   0x0001479b       0x87 ./Core/Src/SX1278_hw.o
 .debug_macro   0x00014822      0x240 ./Core/Src/SX1278_hw.o
 .debug_macro   0x00014a62      0x287 ./Core/Src/SX1278_hw.o
 .debug_macro   0x00014ce9      0x140 ./Core/Src/SX1278_hw.o
 .debug_macro   0x00014e29      0x217 ./Core/Src/SX1278_hw.o
 .debug_macro   0x00015040      0x28e ./Core/Src/SX1278_hw.o
 .debug_macro   0x000152ce       0x83 ./Core/Src/SX1278_hw.o
 .debug_macro   0x00015351       0x82 ./Core/Src/SX1278_hw.o
 .debug_macro   0x000153d3      0x1bb ./Core/Src/gpio.o
 .debug_macro   0x0001558e      0x1bb ./Core/Src/i2c.o
 .debug_macro   0x00015749      0x357 ./Core/Src/main.o
 .debug_macro   0x00015aa0       0x16 ./Core/Src/main.o
 .debug_macro   0x00015ab6       0x16 ./Core/Src/main.o
 .debug_macro   0x00015acc       0x29 ./Core/Src/main.o
 .debug_macro   0x00015af5      0x38a ./Core/Src/main.o
 .debug_macro   0x00015e7f      0x1bb ./Core/Src/spi.o
 .debug_macro   0x0001603a      0x1b1 ./Core/Src/stm32f1xx_hal_msp.o
 .debug_macro   0x000161eb      0x1bb ./Core/Src/stm32f1xx_it.o
 .debug_macro   0x000163a6      0x1a2 ./Core/Src/system_stm32f1xx.o
 .debug_macro   0x00016548      0x1bb ./Core/Src/usart.o
 .debug_macro   0x00016703      0x158 ./Drivers/LoRa/SX1278.o
 .debug_macro   0x0001685b      0x1c6 ./Drivers/STM32F1xx_HAL_Driver/Src/stm32f1xx_hal.o
 .debug_macro   0x00016a21      0x1a2 ./Drivers/STM32F1xx_HAL_Driver/Src/stm32f1xx_hal_cortex.o
 .debug_macro   0x00016bc3      0x20d ./Drivers/STM32F1xx_HAL_Driver/Src/stm32f1xx_hal_gpio.o
 .debug_macro   0x00016dd0      0x1f0 ./Drivers/STM32F1xx_HAL_Driver/Src/stm32f1xx_hal_i2c.o
 .debug_macro   0x00016fc0      0x1b4 ./Drivers/STM32F1xx_HAL_Driver/Src/stm32f1xx_hal_rcc.o
 .debug_macro   0x00017174      0x1aa ./Drivers/STM32F1xx_HAL_Driver/Src/stm32f1xx_hal_spi.o
 .debug_macro   0x0001731e      0x1a3 ./Drivers/STM32F1xx_HAL_Driver/Src/stm32f1xx_hal_uart.o

.debug_line     0x00000000     0xffed
 .debug_line    0x00000000      0x96c ./Core/Src/SX1278_hw.o
 .debug_line    0x0000096c      0x731 ./Core/Src/gpio.o
 .debug_line    0x0000109d      0x75f ./Core/Src/i2c.o
 .debug_line    0x000017fc      0xa1e ./Core/Src/main.o
 .debug_line    0x0000221a      0x771 ./Core/Src/spi.o
 .debug_line    0x0000298b      0x6fb ./Core/Src/stm32f1xx_hal_msp.o
 .debug_line    0x00003086      0x7d4 ./Core/Src/stm32f1xx_it.o
 .debug_line    0x0000385a      0x778 ./Core/Src/system_stm32f1xx.o
 .debug_line    0x00003fd2      0x769 ./Core/Src/usart.o
 .debug_line    0x0000473b       0x78 ./Core/Startup/startup_stm32f103c8tx.o
 .debug_line    0x000047b3      0x989 ./Drivers/LoRa/SX1278.o
 .debug_line    0x0000513c      0x9a5 ./Drivers/STM32F1xx_HAL_Driver/Src/stm32f1xx_hal.o
 .debug_line    0x00005ae1      0xb91 ./Drivers/STM32F1xx_HAL_Driver/Src/stm32f1xx_hal_cortex.o
 .debug_line    0x00006672      0xa3e ./Drivers/STM32F1xx_HAL_Driver/Src/stm32f1xx_hal_gpio.o
 .debug_line    0x000070b0     0x3c42 ./Drivers/STM32F1xx_HAL_Driver/Src/stm32f1xx_hal_i2c.o
 .debug_line    0x0000acf2      0xdae ./Drivers/STM32F1xx_HAL_Driver/Src/stm32f1xx_hal_rcc.o
 .debug_line    0x0000baa0     0x1cc9 ./Drivers/STM32F1xx_HAL_Driver/Src/stm32f1xx_hal_spi.o
 .debug_line    0x0000d769     0x2884 ./Drivers/STM32F1xx_HAL_Driver/Src/stm32f1xx_hal_uart.o

.debug_str      0x00000000    0x87755
 .debug_str     0x00000000    0x82b9a ./Core/Src/SX1278_hw.o
                              0x82f4a (size before relaxing)
 .debug_str     0x00082b9a      0x320 ./Core/Src/gpio.o
                              0x7fc6e (size before relaxing)
 .debug_str     0x00082eba      0x2ad ./Core/Src/i2c.o
                              0x7fe21 (size before relaxing)
 .debug_str     0x00083167     0x1fec ./Core/Src/main.o
                              0x851af (size before relaxing)
 .debug_str     0x00085153       0x4b ./Core/Src/spi.o
                              0x7fd78 (size before relaxing)
 .debug_str     0x0008519e       0x5a ./Core/Src/stm32f1xx_hal_msp.o
                              0x7f8ef (size before relaxing)
 .debug_str     0x000851f8       0xf3 ./Core/Src/stm32f1xx_it.o
                              0x7f942 (size before relaxing)
 .debug_str     0x000852eb       0x7e ./Core/Src/system_stm32f1xx.o
                              0x7f721 (size before relaxing)
 .debug_str     0x00085369       0x58 ./Core/Src/usart.o
                              0x7fdaf (size before relaxing)
 .debug_str     0x000853c1       0x44 ./Core/Startup/startup_stm32f103c8tx.o
                                 0xa6 (size before relaxing)
 .debug_str     0x00085405      0x175 ./Drivers/LoRa/SX1278.o
                               0x80c2 (size before relaxing)
 .debug_str     0x0008557a      0x37a ./Drivers/STM32F1xx_HAL_Driver/Src/stm32f1xx_hal.o
                              0x7fe54 (size before relaxing)
 .debug_str     0x000858f4      0x2a8 ./Drivers/STM32F1xx_HAL_Driver/Src/stm32f1xx_hal_cortex.o
                              0x7fda0 (size before relaxing)
 .debug_str     0x00085b9c      0x2b7 ./Drivers/STM32F1xx_HAL_Driver/Src/stm32f1xx_hal_gpio.o
                              0x7faa7 (size before relaxing)
 .debug_str     0x00085e53      0xbdf ./Drivers/STM32F1xx_HAL_Driver/Src/stm32f1xx_hal_i2c.o
                              0x807e8 (size before relaxing)
 .debug_str     0x00086a32      0x209 ./Drivers/STM32F1xx_HAL_Driver/Src/stm32f1xx_hal_rcc.o
                              0x7fb50 (size before relaxing)
 .debug_str     0x00086c3b      0x4fa ./Drivers/STM32F1xx_HAL_Driver/Src/stm32f1xx_hal_spi.o
                              0x80047 (size before relaxing)
 .debug_str     0x00087135      0x620 ./Drivers/STM32F1xx_HAL_Driver/Src/stm32f1xx_hal_uart.o
                              0x801c1 (size before relaxing)

.comment        0x00000000       0x43
 .comment       0x00000000       0x43 ./Core/Src/SX1278_hw.o
                                 0x44 (size before relaxing)
 .comment       0x00000043       0x44 ./Core/Src/gpio.o
 .comment       0x00000043       0x44 ./Core/Src/i2c.o
 .comment       0x00000043       0x44 ./Core/Src/main.o
 .comment       0x00000043       0x44 ./Core/Src/spi.o
 .comment       0x00000043       0x44 ./Core/Src/stm32f1xx_hal_msp.o
 .comment       0x00000043       0x44 ./Core/Src/stm32f1xx_it.o
 .comment       0x00000043       0x44 ./Core/Src/system_stm32f1xx.o
 .comment       0x00000043       0x44 ./Core/Src/usart.o
 .comment       0x00000043       0x44 ./Drivers/LoRa/SX1278.o
 .comment       0x00000043       0x44 ./Drivers/STM32F1xx_HAL_Driver/Src/stm32f1xx_hal.o
 .comment       0x00000043       0x44 ./Drivers/STM32F1xx_HAL_Driver/Src/stm32f1xx_hal_cortex.o
 .comment       0x00000043       0x44 ./Drivers/STM32F1xx_HAL_Driver/Src/stm32f1xx_hal_gpio.o
 .comment       0x00000043       0x44 ./Drivers/STM32F1xx_HAL_Driver/Src/stm32f1xx_hal_i2c.o
 .comment       0x00000043       0x44 ./Drivers/STM32F1xx_HAL_Driver/Src/stm32f1xx_hal_rcc.o
 .comment       0x00000043       0x44 ./Drivers/STM32F1xx_HAL_Driver/Src/stm32f1xx_hal_spi.o
 .comment       0x00000043       0x44 ./Drivers/STM32F1xx_HAL_Driver/Src/stm32f1xx_hal_uart.o

.debug_frame    0x00000000     0x312c
 .debug_frame   0x00000000      0x10c ./Core/Src/SX1278_hw.o
 .debug_frame   0x0000010c       0x34 ./Core/Src/gpio.o
 .debug_frame   0x00000140       0x74 ./Core/Src/i2c.o
 .debug_frame   0x000001b4       0xa4 ./Core/Src/main.o
 .debug_frame   0x00000258       0x74 ./Core/Src/spi.o
 .debug_frame   0x000002cc       0x38 ./Core/Src/stm32f1xx_hal_msp.o
 .debug_frame   0x00000304      0x120 ./Core/Src/stm32f1xx_it.o
 .debug_frame   0x00000424       0x58 ./Core/Src/system_stm32f1xx.o
 .debug_frame   0x0000047c       0x74 ./Core/Src/usart.o
 .debug_frame   0x000004f0      0x2e4 ./Drivers/LoRa/SX1278.o
 .debug_frame   0x000007d4      0x334 ./Drivers/STM32F1xx_HAL_Driver/Src/stm32f1xx_hal.o
 .debug_frame   0x00000b08      0x428 ./Drivers/STM32F1xx_HAL_Driver/Src/stm32f1xx_hal_cortex.o
 .debug_frame   0x00000f30      0x14c ./Drivers/STM32F1xx_HAL_Driver/Src/stm32f1xx_hal_gpio.o
 .debug_frame   0x0000107c      0xc84 ./Drivers/STM32F1xx_HAL_Driver/Src/stm32f1xx_hal_i2c.o
 .debug_frame   0x00001d00      0x218 ./Drivers/STM32F1xx_HAL_Driver/Src/stm32f1xx_hal_rcc.o
 .debug_frame   0x00001f18      0x824 ./Drivers/STM32F1xx_HAL_Driver/Src/stm32f1xx_hal_spi.o
 .debug_frame   0x0000273c      0x944 ./Drivers/STM32F1xx_HAL_Driver/Src/stm32f1xx_hal_uart.o
 .debug_frame   0x00003080       0x20 C:/ST/STM32CubeIDE_1.16.0/STM32CubeIDE/plugins/com.st.stm32cube.ide.mcu.externaltools.gnu-tools-for-stm32.12.3.rel1.win32_1.1.0.202410251130/tools/bin/../lib/gcc/arm-none-eabi/12.3.1/../../../../arm-none-eabi/lib/thumb/v7-m/nofp\libc_nano.a(libc_a-memset.o)
 .debug_frame   0x000030a0       0x2c C:/ST/STM32CubeIDE_1.16.0/STM32CubeIDE/plugins/com.st.stm32cube.ide.mcu.externaltools.gnu-tools-for-stm32.12.3.rel1.win32_1.1.0.202410251130/tools/bin/../lib/gcc/arm-none-eabi/12.3.1/../../../../arm-none-eabi/lib/thumb/v7-m/nofp\libc_nano.a(libc_a-init.o)
 .debug_frame   0x000030cc       0x2c C:/ST/STM32CubeIDE_1.16.0/STM32CubeIDE/plugins/com.st.stm32cube.ide.mcu.externaltools.gnu-tools-for-stm32.12.3.rel1.win32_1.1.0.202410251130/tools/bin/../lib/gcc/arm-none-eabi/12.3.1/thumb/v7-m/nofp\libgcc.a(_aeabi_uldivmod.o)
 .debug_frame   0x000030f8       0x34 C:/ST/STM32CubeIDE_1.16.0/STM32CubeIDE/plugins/com.st.stm32cube.ide.mcu.externaltools.gnu-tools-for-stm32.12.3.rel1.win32_1.1.0.202410251130/tools/bin/../lib/gcc/arm-none-eabi/12.3.1/thumb/v7-m/nofp\libgcc.a(_udivmoddi4.o)

.debug_line_str
                0x00000000       0x8a
 .debug_line_str
                0x00000000       0x8a ./Core/Startup/startup_stm32f103c8tx.o
