../Core/Src/esp01s.c:75:5:giveRandom	16	static
../Core/Src/esp01s.c:81:6:clearBuffers	16	static
../Core/Src/esp01s.c:87:8:newEsp01s	4192	static
../Core/Src/esp01s.c:96:6:esp_transmit	32	static
../Core/Src/esp01s.c:100:6:esp_receive	16	static
../Core/Src/esp01s.c:105:6:check_at	16	static
../Core/Src/esp01s.c:116:6:reset_by_wire	8	static
../Core/Src/esp01s.c:135:6:mode_set_station	16	static
../Core/Src/esp01s.c:145:6:connect_to_ap	16	static
../Core/Src/esp01s.c:175:6:set_max_one_con	16	static
../Core/Src/esp01s.c:185:6:get_ip_from_wifi	16	static
../Core/Src/esp01s.c:192:6:check_status	16	static
../Core/Src/esp01s.c:198:6:start_connection	24	static
../Core/Src/esp01s.c:215:6:end_connection	16	static
../Core/Src/esp01s.c:226:6:send_get_req	16	static
../Core/Src/esp01s.c:236:6:send_post_req	96	static
../Core/Src/esp01s.c:311:6:esp_setup	16	static
