../Core/Src/esp01s.c:58:8:newEsp01s	2144	static
../Core/Src/esp01s.c:86:6:esp_transmit	32	static
../Core/Src/esp01s.c:89:6:esp_receive	16	static
../Core/Src/esp01s.c:93:6:check_at	16	static
../Core/Src/esp01s.c:104:6:reset_by_wire	8	static
../Core/Src/esp01s.c:123:6:mode_set_station	16	static
../Core/Src/esp01s.c:133:6:connect_to_ap	16	static
../Core/Src/esp01s.c:146:6:set_max_one_con	16	static
../Core/Src/esp01s.c:155:6:check_status	16	static
../Core/Src/esp01s.c:160:6:start_connection	24	static
../Core/Src/esp01s.c:176:6:end_connection	16	static
../Core/Src/esp01s.c:181:6:send_get_req	16	static
../Core/Src/esp01s.c:188:6:send_post_req	16	static
../Core/Src/esp01s.c:193:6:esp_setup	16	static
