Archive member included to satisfy reference by file (symbol)

C:/ST/STM32CubeIDE_1.16.0/STM32CubeIDE/plugins/com.st.stm32cube.ide.mcu.externaltools.gnu-tools-for-stm32.12.3.rel1.win32_1.1.0.202410251130/tools/bin/../lib/gcc/arm-none-eabi/12.3.1/../../../../arm-none-eabi/lib/thumb/v7-m/nofp\libc_nano.a(libc_a-exit.o)
                              C:/ST/STM32CubeIDE_1.16.0/STM32CubeIDE/plugins/com.st.stm32cube.ide.mcu.externaltools.gnu-tools-for-stm32.12.3.rel1.win32_1.1.0.202410251130/tools/bin/../lib/gcc/arm-none-eabi/12.3.1/../../../../arm-none-eabi/lib/thumb/v7-m/nofp/crt0.o (exit)
C:/ST/STM32CubeIDE_1.16.0/STM32CubeIDE/plugins/com.st.stm32cube.ide.mcu.externaltools.gnu-tools-for-stm32.12.3.rel1.win32_1.1.0.202410251130/tools/bin/../lib/gcc/arm-none-eabi/12.3.1/../../../../arm-none-eabi/lib/thumb/v7-m/nofp\libc_nano.a(libc_a-rand.o)
                              ./Core/Src/esp01s.o (rand)
C:/ST/STM32CubeIDE_1.16.0/STM32CubeIDE/plugins/com.st.stm32cube.ide.mcu.externaltools.gnu-tools-for-stm32.12.3.rel1.win32_1.1.0.202410251130/tools/bin/../lib/gcc/arm-none-eabi/12.3.1/../../../../arm-none-eabi/lib/thumb/v7-m/nofp\libc_nano.a(libc_a-findfp.o)
                              C:/ST/STM32CubeIDE_1.16.0/STM32CubeIDE/plugins/com.st.stm32cube.ide.mcu.externaltools.gnu-tools-for-stm32.12.3.rel1.win32_1.1.0.202410251130/tools/bin/../lib/gcc/arm-none-eabi/12.3.1/../../../../arm-none-eabi/lib/thumb/v7-m/nofp\libc_nano.a(libc_a-exit.o) (__stdio_exit_handler)
C:/ST/STM32CubeIDE_1.16.0/STM32CubeIDE/plugins/com.st.stm32cube.ide.mcu.externaltools.gnu-tools-for-stm32.12.3.rel1.win32_1.1.0.202410251130/tools/bin/../lib/gcc/arm-none-eabi/12.3.1/../../../../arm-none-eabi/lib/thumb/v7-m/nofp\libc_nano.a(libc_a-fwalk.o)
                              C:/ST/STM32CubeIDE_1.16.0/STM32CubeIDE/plugins/com.st.stm32cube.ide.mcu.externaltools.gnu-tools-for-stm32.12.3.rel1.win32_1.1.0.202410251130/tools/bin/../lib/gcc/arm-none-eabi/12.3.1/../../../../arm-none-eabi/lib/thumb/v7-m/nofp\libc_nano.a(libc_a-findfp.o) (_fwalk_sglue)
C:/ST/STM32CubeIDE_1.16.0/STM32CubeIDE/plugins/com.st.stm32cube.ide.mcu.externaltools.gnu-tools-for-stm32.12.3.rel1.win32_1.1.0.202410251130/tools/bin/../lib/gcc/arm-none-eabi/12.3.1/../../../../arm-none-eabi/lib/thumb/v7-m/nofp\libc_nano.a(libc_a-sprintf.o)
                              ./Core/Src/esp01s.o (sprintf)
C:/ST/STM32CubeIDE_1.16.0/STM32CubeIDE/plugins/com.st.stm32cube.ide.mcu.externaltools.gnu-tools-for-stm32.12.3.rel1.win32_1.1.0.202410251130/tools/bin/../lib/gcc/arm-none-eabi/12.3.1/../../../../arm-none-eabi/lib/thumb/v7-m/nofp\libc_nano.a(libc_a-sscanf.o)
                              ./Core/Src/main.o (sscanf)
C:/ST/STM32CubeIDE_1.16.0/STM32CubeIDE/plugins/com.st.stm32cube.ide.mcu.externaltools.gnu-tools-for-stm32.12.3.rel1.win32_1.1.0.202410251130/tools/bin/../lib/gcc/arm-none-eabi/12.3.1/../../../../arm-none-eabi/lib/thumb/v7-m/nofp\libc_nano.a(libc_a-stdio.o)
                              C:/ST/STM32CubeIDE_1.16.0/STM32CubeIDE/plugins/com.st.stm32cube.ide.mcu.externaltools.gnu-tools-for-stm32.12.3.rel1.win32_1.1.0.202410251130/tools/bin/../lib/gcc/arm-none-eabi/12.3.1/../../../../arm-none-eabi/lib/thumb/v7-m/nofp\libc_nano.a(libc_a-findfp.o) (__sread)
C:/ST/STM32CubeIDE_1.16.0/STM32CubeIDE/plugins/com.st.stm32cube.ide.mcu.externaltools.gnu-tools-for-stm32.12.3.rel1.win32_1.1.0.202410251130/tools/bin/../lib/gcc/arm-none-eabi/12.3.1/../../../../arm-none-eabi/lib/thumb/v7-m/nofp\libc_nano.a(libc_a-memset.o)
                              C:/ST/STM32CubeIDE_1.16.0/STM32CubeIDE/plugins/com.st.stm32cube.ide.mcu.externaltools.gnu-tools-for-stm32.12.3.rel1.win32_1.1.0.202410251130/tools/bin/../lib/gcc/arm-none-eabi/12.3.1/../../../../arm-none-eabi/lib/thumb/v7-m/nofp/crt0.o (memset)
C:/ST/STM32CubeIDE_1.16.0/STM32CubeIDE/plugins/com.st.stm32cube.ide.mcu.externaltools.gnu-tools-for-stm32.12.3.rel1.win32_1.1.0.202410251130/tools/bin/../lib/gcc/arm-none-eabi/12.3.1/../../../../arm-none-eabi/lib/thumb/v7-m/nofp\libc_nano.a(libc_a-strchr.o)
                              ./Core/Src/esp01s.o (strchr)
C:/ST/STM32CubeIDE_1.16.0/STM32CubeIDE/plugins/com.st.stm32cube.ide.mcu.externaltools.gnu-tools-for-stm32.12.3.rel1.win32_1.1.0.202410251130/tools/bin/../lib/gcc/arm-none-eabi/12.3.1/../../../../arm-none-eabi/lib/thumb/v7-m/nofp\libc_nano.a(libc_a-strstr.o)
                              ./Core/Src/esp01s.o (strstr)
C:/ST/STM32CubeIDE_1.16.0/STM32CubeIDE/plugins/com.st.stm32cube.ide.mcu.externaltools.gnu-tools-for-stm32.12.3.rel1.win32_1.1.0.202410251130/tools/bin/../lib/gcc/arm-none-eabi/12.3.1/../../../../arm-none-eabi/lib/thumb/v7-m/nofp\libc_nano.a(libc_a-closer.o)
                              C:/ST/STM32CubeIDE_1.16.0/STM32CubeIDE/plugins/com.st.stm32cube.ide.mcu.externaltools.gnu-tools-for-stm32.12.3.rel1.win32_1.1.0.202410251130/tools/bin/../lib/gcc/arm-none-eabi/12.3.1/../../../../arm-none-eabi/lib/thumb/v7-m/nofp\libc_nano.a(libc_a-stdio.o) (_close_r)
[...]
Memory Configuration

Name             Origin             Length             Attributes
RAM              0x20000000         0x00005000         xrw
FLASH            0x08000000         0x00010000         xr
*default*        0x00000000         0xffffffff

Linker script and memory map

LOAD C:/ST/STM32CubeIDE_1.16.0/STM32CubeIDE/plugins/com.st.stm32cube.ide.mcu.externaltools.gnu-tools-for-stm32.12.3.rel1.win32_1.1.0.202410251130/tools/bin/../lib/gcc/arm-none-eabi/12.3.1/thumb/v7-m/nofp/crti.o
LOAD C:/ST/STM32CubeIDE_1.16.0/STM32CubeIDE/plugins/com.st.stm32cube.ide.mcu.externaltools.gnu-tools-for-stm32.12.3.rel1.win32_1.1.0.202410251130/tools/bin/../lib/gcc/arm-none-eabi/12.3.1/thumb/v7-m/nofp/crtbegin.o
LOAD C:/ST/STM32CubeIDE_1.16.0/STM32CubeIDE/plugins/com.st.stm32cube.ide.mcu.externaltools.gnu-tools-for-stm32.12.3.rel1.win32_1.1.0.202410251130/tools/bin/../lib/gcc/arm-none-eabi/12.3.1/../../../../arm-none-eabi/lib/thumb/v7-m/nofp/crt0.o
LOAD ./Core/Src/SX1278.o
LOAD ./Core/Src/SX1278_hw.o
LOAD ./Core/Src/esp01s.o
LOAD ./Core/Src/gpio.o
LOAD ./Core/Src/i2c.o
LOAD ./Core/Src/main.o
LOAD ./Core/Src/spi.o
LOAD ./Core/Src/stm32f1xx_hal_msp.o
LOAD ./Core/Src/stm32f1xx_it.o
LOAD ./Core/Src/syscalls.o
LOAD ./Core/Src/sysmem.o
LOAD ./Core/Src/system_stm32f1xx.o
LOAD ./Core/Src/usart.o
LOAD ./Core/Startup/startup_stm32f103c8tx.o
LOAD ./Drivers/STM32F1xx_HAL_Driver/stm32f1xx_hal.o
LOAD ./Drivers/STM32F1xx_HAL_Driver/stm32f1xx_hal_cortex.o
LOAD ./Drivers/STM32F1xx_HAL_Driver/stm32f1xx_hal_dma.o
LOAD ./Drivers/STM32F1xx_HAL_Driver/stm32f1xx_hal_exti.o
LOAD ./Drivers/STM32F1xx_HAL_Driver/stm32f1xx_hal_flash.o
LOAD ./Drivers/STM32F1xx_HAL_Driver/stm32f1xx_hal_flash_ex.o
LOAD ./Drivers/STM32F1xx_HAL_Driver/stm32f1xx_hal_gpio.o
LOAD ./Drivers/STM32F1xx_HAL_Driver/stm32f1xx_hal_gpio_ex.o
LOAD ./Drivers/STM32F1xx_HAL_Driver/stm32f1xx_hal_i2c.o
LOAD ./Drivers/STM32F1xx_HAL_Driver/stm32f1xx_hal_pwr.o
LOAD ./Drivers/STM32F1xx_HAL_Driver/stm32f1xx_hal_rcc.o
LOAD ./Drivers/STM32F1xx_HAL_Driver/stm32f1xx_hal_rcc_ex.o
LOAD ./Drivers/STM32F1xx_HAL_Driver/stm32f1xx_hal_spi.o
LOAD ./Drivers/STM32F1xx_HAL_Driver/stm32f1xx_hal_uart.o
START GROUP
LOAD C:/ST/STM32CubeIDE_1.16.0/STM32CubeIDE/plugins/com.st.stm32cube.ide.mcu.externaltools.gnu-tools-for-stm32.12.3.rel1.win32_1.1.0.202410251130/tools/bin/../lib/gcc/arm-none-eabi/12.3.1/../../../../arm-none-eabi/lib/thumb/v7-m/nofp\libc_nano.a
LOAD C:/ST/STM32CubeIDE_1.16.0/STM32CubeIDE/plugins/com.st.stm32cube.ide.mcu.externaltools.gnu-tools-for-stm32.12.3.rel1.win32_1.1.0.202410251130/tools/bin/../lib/gcc/arm-none-eabi/12.3.1/../../../../arm-none-eabi/lib/thumb/v7-m/nofp\libm.a
END GROUP
START GROUP
LOAD C:/ST/STM32CubeIDE_1.16.0/STM32CubeIDE/plugins/com.st.stm32cube.ide.mcu.externaltools.gnu-tools-for-stm32.12.3.rel1.win32_1.1.0.202410251130/tools/bin/../lib/gcc/arm-none-eabi/12.3.1/thumb/v7-m/nofp\libgcc.a
LOAD C:/ST/STM32CubeIDE_1.16.0/STM32CubeIDE/plugins/com.st.stm32cube.ide.mcu.externaltools.gnu-tools-for-stm32.12.3.rel1.win32_1.1.0.202410251130/tools/bin/../lib/gcc/arm-none-eabi/12.3.1/../../../../arm-none-eabi/lib/thumb/v7-m/nofp\libc_nano.a
END GROUP
START GROUP
LOAD C:/ST/STM32CubeIDE_1.16.0/STM32CubeIDE/plugins/com.st.stm32cube.ide.mcu.externaltools.gnu-tools-for-stm32.12.3.rel1.win32_1.1.0.202410251130/tools/bin/../lib/gcc/arm-none-eabi/12.3.1/thumb/v7-m/nofp\libgcc.a
LOAD C:/ST/STM32CubeIDE_1.16.0/STM32CubeIDE/plugins/com.st.stm32cube.ide.mcu.externaltools.gnu-tools-for-stm32.12.3.rel1.win32_1.1.0.202410251130/tools/bin/../lib/gcc/arm-none-eabi/12.3.1/../../../../arm-none-eabi/lib/thumb/v7-m/nofp\libc_nano.a
LOAD C:/ST/STM32CubeIDE_1.16.0/STM32CubeIDE/plugins/com.st.stm32cube.ide.mcu.externaltools.gnu-tools-for-stm32.12.3.rel1.win32_1.1.0.202410251130/tools/bin/../lib/gcc/arm-none-eabi/12.3.1/../../../../arm-none-eabi/lib/thumb/v7-m/nofp\libnosys.a
END GROUP
START GROUP
LOAD C:/ST/STM32CubeIDE_1.16.0/STM32CubeIDE/plugins/com.st.stm32cube.ide.mcu.externaltools.gnu-tools-for-stm32.12.3.rel1.win32_1.1.0.202410251130/tools/bin/../lib/gcc/arm-none-eabi/12.3.1/thumb/v7-m/nofp\libgcc.a
LOAD C:/ST/STM32CubeIDE_1.16.0/STM32CubeIDE/plugins/com.st.stm32cube.ide.mcu.externaltools.gnu-tools-for-stm32.12.3.rel1.win32_1.1.0.202410251130/tools/bin/../lib/gcc/arm-none-eabi/12.3.1/../../../../arm-none-eabi/lib/thumb/v7-m/nofp\libc_nano.a
LOAD C:/ST/STM32CubeIDE_1.16.0/STM32CubeIDE/plugins/com.st.stm32cube.ide.mcu.externaltools.gnu-tools-for-stm32.12.3.rel1.win32_1.1.0.202410251130/tools/bin/../lib/gcc/arm-none-eabi/12.3.1/../../../../arm-none-eabi/lib/thumb/v7-m/nofp\libnosys.a
END GROUP
LOAD C:/ST/STM32CubeIDE_1.16.0/STM32CubeIDE/plugins/com.st.stm32cube.ide.mcu.externaltools.gnu-tools-for-stm32.12.3.rel1.win32_1.1.0.202410251130/tools/bin/../lib/gcc/arm-none-eabi/12.3.1/thumb/v7-m/nofp/crtend.o
LOAD C:/ST/STM32CubeIDE_1.16.0/STM32CubeIDE/plugins/com.st.stm32cube.ide.mcu.externaltools.gnu-tools-for-stm32.12.3.rel1.win32_1.1.0.202410251130/tools/bin/../lib/gcc/arm-none-eabi/12.3.1/thumb/v7-m/nofp/crtn.o
                0x20005000                        _estack = (ORIGIN (RAM) + LENGTH (RAM))
                0x00000200                        _Min_Heap_Size = 0x200
                0x00000400                        _Min_Stack_Size = 0x400

.isr_vector     0x08000000      0x10c
                0x08000000                        . = ALIGN (0x4)
 *(.isr_vector)
 .isr_vector    0x08000000      0x10c ./Core/Startup/startup_stm32f103c8tx.o
                0x08000000                g_pfnVectors
                0x0800010c                        . = ALIGN (0x4)

.text           0x08000110     0x6c4c
                0x08000110                        . = ALIGN (0x4)
 *(.text)
 .text          0x08000110       0x40 C:/ST/STM32CubeIDE_1.16.0/STM32CubeIDE/plugins/com.st.stm32cube.ide.mcu.externaltools.gnu-tools-for-stm32.12.3.rel1.win32_1.1.0.202410251130/tools/bin/../lib/gcc/arm-none-eabi/12.3.1/thumb/v7-m/nofp/crtbegin.o
 .text          0x08000150       0x10 C:/ST/STM32CubeIDE_1.16.0/STM32CubeIDE/plugins/com.st.stm32cube.ide.mcu.externaltools.gnu-tools-for-stm32.12.3.rel1.win32_1.1.0.202410251130/tools/bin/../lib/gcc/arm-none-eabi/12.3.1/../../../../arm-none-eabi/lib/thumb/v7-m/nofp\libc_nano.a(libc_a-strlen.o)
                0x08000150                strlen
 .text          0x08000160      0x378 C:/ST/STM32CubeIDE_1.16.0/STM32CubeIDE/plugins/com.st.stm32cube.ide.mcu.externaltools.gnu-tools-for-stm32.12.3.rel1.win32_1.1.0.202410251130/tools/bin/../lib/gcc/arm-none-eabi/12.3.1/thumb/v7-m/nofp\libgcc.a(_arm_addsubdf3.o)
                0x08000160                __aeabi_drsub
                0x08000168                __aeabi_dsub
                0x08000168                __subdf3
                0x0800016c                __aeabi_dadd
                0x0800016c                __adddf3
                0x080003e4                __floatunsidf
                0x080003e4                __aeabi_ui2d
                0x08000404                __floatsidf
                0x08000404                __aeabi_i2d
                0x08000428                __aeabi_f2d
                0x08000428                __extendsfdf2
                0x0800046c                __floatundidf
                0x0800046c                __aeabi_ul2d
                0x0800047c                __floatdidf
                0x0800047c                __aeabi_l2d
 .text          0x080004d8      0x424 C:/ST/STM32CubeIDE_1.16.0/STM32CubeIDE/plugins/com.st.stm32cube.ide.mcu.externaltools.gnu-tools-for-stm32.12.3.rel1.win32_1.1.0.202410251130/tools/bin/../lib/gcc/arm-none-eabi/12.3.1/thumb/v7-m/nofp\libgcc.a(_arm_muldivdf3.o)
                0x080004d8                __aeabi_dmul
                0x080004d8                __muldf3
                0x0800072c                __divdf3
                0x0800072c                __aeabi_ddiv
 .text          0x080008fc       0xa0 C:/ST/STM32CubeIDE_1.16.0/STM32CubeIDE/plugins/com.st.stm32cube.ide.mcu.externaltools.gnu-tools-for-stm32.12.3.rel1.win32_1.1.0.202410251130/tools/bin/../lib/gcc/arm-none-eabi/12.3.1/thumb/v7-m/nofp\libgcc.a(_arm_truncdfsf2.o)
                0x080008fc                __truncdfsf2
                0x080008fc                __aeabi_d2f
 .text          0x0800099c       0x4c C:/ST/STM32CubeIDE_1.16.0/STM32CubeIDE/plugins/com.st.stm32cube.ide.mcu.externaltools.gnu-tools-for-stm32.12.3.rel1.win32_1.1.0.202410251130/tools/bin/../lib/gcc/arm-none-eabi/12.3.1/thumb/v7-m/nofp\libgcc.a(_arm_fixsfsi.o)
                0x0800099c                __aeabi_f2iz
                0x0800099c                __fixsfsi
 .text          0x080009e8       0x30 C:/ST/STM32CubeIDE_1.16.0/STM32CubeIDE/plugins/com.st.stm32cube.ide.mcu.externaltools.gnu-tools-for-stm32.12.3.rel1.win32_1.1.0.202410251130/tools/bin/../lib/gcc/arm-none-eabi/12.3.1/thumb/v7-m/nofp\libgcc.a(_aeabi_uldivmod.o)
                0x080009e8                __aeabi_uldivmod
 .text          0x08000a18      0x2b8 C:/ST/STM32CubeIDE_1.16.0/STM32CubeIDE/plugins/com.st.stm32cube.ide.mcu.externaltools.gnu-tools-for-stm32.12.3.rel1.win32_1.1.0.202410251130/tools/bin/../lib/gcc/arm-none-eabi/12.3.1/thumb/v7-m/nofp\libgcc.a(_udivmoddi4.o)
                0x08000a18                __udivmoddi4
 .text          0x08000cd0        0x4 C:/ST/STM32CubeIDE_1.16.0/STM32CubeIDE/plugins/com.st.stm32cube.ide.mcu.externaltools.gnu-tools-for-stm32.12.3.rel1.win32_1.1.0.202410251130/tools/bin/../lib/gcc/arm-none-eabi/12.3.1/thumb/v7-m/nofp\libgcc.a(_dvmd_tls.o)
                0x08000cd0                __aeabi_idiv0
                0x08000cd0                __aeabi_ldiv0
 *(.text*)
 .text.SX1278_SPIRead
                0x08000cd4       0x3e ./Core/Src/SX1278.o
                0x08000cd4                SX1278_SPIRead
 .text.SX1278_SPIWrite
                0x08000d12       0x52 ./Core/Src/SX1278.o
                0x08000d12                SX1278_SPIWrite
 .text.SX1278_SPIBurstRead
                0x08000d64       0x72 ./Core/Src/SX1278.o
                0x08000d64                SX1278_SPIBurstRead
 .text.SX1278_SPIBurstWrite
                0x08000dd6       0x76 ./Core/Src/SX1278.o
                0x08000dd6                SX1278_SPIBurstWrite
 .text.SX1278_config
                0x08000e4c      0x208 ./Core/Src/SX1278.o
                0x08000e4c                SX1278_config
 .text.SX1278_standby
                0x08001054       0x20 ./Core/Src/SX1278.o
                0x08001054                SX1278_standby
 .text.SX1278_sleep
                0x08001074       0x20 ./Core/Src/SX1278.o
                0x08001074                SX1278_sleep
 .text.SX1278_entryLoRa
                0x08001094       0x1a ./Core/Src/SX1278.o
                0x08001094                SX1278_entryLoRa
 .text.SX1278_clearLoRaIrq
                0x080010ae       0x1a ./Core/Src/SX1278.o
                0x080010ae                SX1278_clearLoRaIrq
 .text.SX1278_LoRaEntryRx
                0x080010c8       0xca ./Core/Src/SX1278.o
                0x080010c8                SX1278_LoRaEntryRx
 .text.SX1278_LoRaRxPacket
                0x08001192       0x88 ./Core/Src/SX1278.o
                0x08001192                SX1278_LoRaRxPacket
 .text.SX1278_LoRaEntryTx
                0x0800121a       0xb0 ./Core/Src/SX1278.o
                0x0800121a                SX1278_LoRaEntryTx
 .text.SX1278_LoRaTxPacket
                0x080012ca       0x7e ./Core/Src/SX1278.o
                0x080012ca                SX1278_LoRaTxPacket
 .text.SX1278_init
                0x08001348       0x5a ./Core/Src/SX1278.o
                0x08001348                SX1278_init
 .text.SX1278_read
                0x080013a2       0x4c ./Core/Src/SX1278.o
                0x080013a2                SX1278_read
 .text.SX1278_hw_init
                0x080013ee       0x2a ./Core/Src/SX1278_hw.o
                0x080013ee                SX1278_hw_init
 .text.SX1278_hw_SetNSS
                0x08001418       0x2e ./Core/Src/SX1278_hw.o
                0x08001418                SX1278_hw_SetNSS
 .text.SX1278_hw_Reset
                0x08001446       0x48 ./Core/Src/SX1278_hw.o
                0x08001446                SX1278_hw_Reset
 .text.SX1278_hw_SPICommand
                0x0800148e       0x40 ./Core/Src/SX1278_hw.o
                0x0800148e                SX1278_hw_SPICommand
 .text.SX1278_hw_SPIReadByte
                0x080014ce       0x4c ./Core/Src/SX1278_hw.o
                0x080014ce                SX1278_hw_SPIReadByte
 .text.SX1278_hw_DelayMs
                0x0800151a       0x16 ./Core/Src/SX1278_hw.o
                0x0800151a                SX1278_hw_DelayMs
 .text.SX1278_hw_GetDIO0
                0x08001530       0x2e ./Core/Src/SX1278_hw.o
                0x08001530                SX1278_hw_GetDIO0
 .text.clearBuffers
                0x0800155e       0x30 ./Core/Src/esp01s.o
                0x0800155e                clearBuffers
 .text.newEsp01s
                0x0800158e       0x72 ./Core/Src/esp01s.o
                0x0800158e                newEsp01s
 .text.esp_transmit
                0x08001600       0x30 ./Core/Src/esp01s.o
                0x08001600                esp_transmit
 .text.esp_receive
                0x08001630       0x40 ./Core/Src/esp01s.o
                0x08001630                esp_receive
 .text.check_at
                0x08001670       0x64 ./Core/Src/esp01s.o
                0x08001670                check_at
 .text.reset_by_wire
                0x080016d4       0x34 ./Core/Src/esp01s.o
                0x080016d4                reset_by_wire
 .text.mode_set_station
                0x08001708       0x60 ./Core/Src/esp01s.o
                0x08001708                mode_set_station
 .text.connect_to_ap
                0x08001768       0xfc ./Core/Src/esp01s.o
                0x08001768                connect_to_ap
 .text.set_max_one_con
                0x08001864       0x60 ./Core/Src/esp01s.o
                0x08001864                set_max_one_con
 .text.get_ip_from_wifi
                0x080018c4       0x30 ./Core/Src/esp01s.o
                0x080018c4                get_ip_from_wifi
 .text.check_status
                0x080018f4       0x30 ./Core/Src/esp01s.o
                0x080018f4                check_status
 .text.start_connection
                0x08001924       0x8c ./Core/Src/esp01s.o
                0x08001924                start_connection
 .text.send_post_req
                0x080019b0      0x158 ./Core/Src/esp01s.o
                0x080019b0                send_post_req
 .text.esp_setup
                0x08001b08       0x4c ./Core/Src/esp01s.o
                0x08001b08                esp_setup
 .text.MX_GPIO_Init
                0x08001b54      0x134 ./Core/Src/gpio.o
                0x08001b54                MX_GPIO_Init
 .text.MX_I2C1_Init
                0x08001c88       0x5c ./Core/Src/i2c.o
                0x08001c88                MX_I2C1_Init
 .text.HAL_I2C_MspInit
                0x08001ce4       0x7c ./Core/Src/i2c.o
                0x08001ce4                HAL_I2C_MspInit
 .text.AHT20_Read
                0x08001d60      0x160 ./Core/Src/main.o
                0x08001d60                AHT20_Read
 .text.clearTx  0x08001ec0       0x18 ./Core/Src/main.o
                0x08001ec0                clearTx
 .text.clearRx  0x08001ed8       0x18 ./Core/Src/main.o
                0x08001ed8                clearRx
 .text.LoRaSetRxMode
                0x08001ef0       0x40 ./Core/Src/main.o
                0x08001ef0                LoRaSetRxMode
 .text.LoRaSetTxMode
                0x08001f30       0x40 ./Core/Src/main.o
                0x08001f30                LoRaSetTxMode
 .text.main     0x08001f70      0x2e0 ./Core/Src/main.o
                0x08001f70                main
 .text.SystemClock_Config
                0x08002250       0x8a ./Core/Src/main.o
                0x08002250                SystemClock_Config
 .text.Error_Handler
                0x080022da        0xc ./Core/Src/main.o
                0x080022da                Error_Handler
 *fill*         0x080022e6        0x2 
 .text.MX_SPI1_Init
                0x080022e8       0x6c ./Core/Src/spi.o
                0x080022e8                MX_SPI1_Init
 .text.HAL_SPI_MspInit
                0x08002354       0x94 ./Core/Src/spi.o
                0x08002354                HAL_SPI_MspInit
 .text.HAL_MspInit
                0x080023e8       0x64 ./Core/Src/stm32f1xx_hal_msp.o
                0x080023e8                HAL_MspInit
 .text.NMI_Handler
                0x0800244c        0x8 ./Core/Src/stm32f1xx_it.o
                0x0800244c                NMI_Handler
 .text.HardFault_Handler
                0x08002454        0x8 ./Core/Src/stm32f1xx_it.o
                0x08002454                HardFault_Handler
 .text.MemManage_Handler
                0x0800245c        0x8 ./Core/Src/stm32f1xx_it.o
                0x0800245c                MemManage_Handler
 .text.BusFault_Handler
                0x08002464        0x8 ./Core/Src/stm32f1xx_it.o
                0x08002464                BusFault_Handler
 .text.UsageFault_Handler
                0x0800246c        0x8 ./Core/Src/stm32f1xx_it.o
                0x0800246c                UsageFault_Handler
 .text.SVC_Handler
                0x08002474        0xc ./Core/Src/stm32f1xx_it.o
                0x08002474                SVC_Handler
 .text.DebugMon_Handler
                0x08002480        0xc ./Core/Src/stm32f1xx_it.o
                0x08002480                DebugMon_Handler
 .text.PendSV_Handler
                0x0800248c        0xc ./Core/Src/stm32f1xx_it.o
                0x0800248c                PendSV_Handler
 .text.SysTick_Handler
                0x08002498        0xc ./Core/Src/stm32f1xx_it.o
                0x08002498                SysTick_Handler
 .text.EXTI1_IRQHandler
                0x080024a4        0xe ./Core/Src/stm32f1xx_it.o
                0x080024a4                EXTI1_IRQHandler
 *fill*         0x080024b2        0x2 
 .text._sbrk    0x080024b4       0x6c ./Core/Src/sysmem.o
                0x080024b4                _sbrk
 .text.SystemInit
                0x08002520        0xc ./Core/Src/system_stm32f1xx.o
                0x08002520                SystemInit
 .text.MX_USART1_UART_Init
                0x0800252c       0x54 ./Core/Src/usart.o
                0x0800252c                MX_USART1_UART_Init
 .text.HAL_UART_MspInit
                0x08002580       0x98 ./Core/Src/usart.o
                0x08002580                HAL_UART_MspInit
 .text.Reset_Handler
                0x08002618       0x48 ./Core/Startup/startup_stm32f103c8tx.o
                0x08002618                Reset_Handler
 .text.Default_Handler
                0x08002660        0x2 ./Core/Startup/startup_stm32f103c8tx.o
                0x08002660                RTC_Alarm_IRQHandler
                0x08002660                EXTI2_IRQHandler
                0x08002660                TIM1_CC_IRQHandler
                0x08002660                PVD_IRQHandler
                0x08002660                EXTI3_IRQHandler
                0x08002660                EXTI0_IRQHandler
                0x08002660                I2C2_EV_IRQHandler
                0x08002660                ADC1_2_IRQHandler
                0x08002660                SPI1_IRQHandler
                0x08002660                TAMPER_IRQHandler
                0x08002660                DMA1_Channel4_IRQHandler
                0x08002660                USART3_IRQHandler
                0x08002660                RTC_IRQHandler
                0x08002660                DMA1_Channel7_IRQHandler
                0x08002660                CAN1_RX1_IRQHandler
                0x08002660                TIM4_IRQHandler
                0x08002660                I2C1_EV_IRQHandler
                0x08002660                DMA1_Channel6_IRQHandler
                0x08002660                TIM3_IRQHandler
                0x08002660                RCC_IRQHandler
                0x08002660                TIM1_TRG_COM_IRQHandler
                0x08002660                DMA1_Channel1_IRQHandler
                0x08002660                Default_Handler
                0x08002660                EXTI15_10_IRQHandler
                0x08002660                EXTI9_5_IRQHandler
                0x08002660                SPI2_IRQHandler
                0x08002660                DMA1_Channel5_IRQHandler
                0x08002660                EXTI4_IRQHandler
                0x08002660                USB_LP_CAN1_RX0_IRQHandler
                0x08002660                USB_HP_CAN1_TX_IRQHandler
                0x08002660                DMA1_Channel3_IRQHandler
                0x08002660                TIM1_UP_IRQHandler
                0x08002660                WWDG_IRQHandler
                0x08002660                TIM2_IRQHandler
                0x08002660                TIM1_BRK_IRQHandler
                0x08002660                USART2_IRQHandler
                0x08002660                I2C2_ER_IRQHandler
                0x08002660                DMA1_Channel2_IRQHandler
                0x08002660                CAN1_SCE_IRQHandler
                0x08002660                FLASH_IRQHandler
                0x08002660                USART1_IRQHandler
                0x08002660                I2C1_ER_IRQHandler
                0x08002660                USBWakeUp_IRQHandler
 *fill*         0x08002662        0x2 
 .text.HAL_Init
                0x08002664       0x2c ./Drivers/STM32F1xx_HAL_Driver/stm32f1xx_hal.o
                0x08002664                HAL_Init
 .text.HAL_InitTick
                0x08002690       0x60 ./Drivers/STM32F1xx_HAL_Driver/stm32f1xx_hal.o
                0x08002690                HAL_InitTick
 .text.HAL_IncTick
                0x080026f0       0x24 ./Drivers/STM32F1xx_HAL_Driver/stm32f1xx_hal.o
                0x080026f0                HAL_IncTick
 .text.HAL_GetTick
                0x08002714       0x14 ./Drivers/STM32F1xx_HAL_Driver/stm32f1xx_hal.o
                0x08002714                HAL_GetTick
 .text.HAL_Delay
                0x08002728       0x48 ./Drivers/STM32F1xx_HAL_Driver/stm32f1xx_hal.o
                0x08002728                HAL_Delay
 .text.__NVIC_SetPriorityGrouping
                0x08002770       0x48 ./Drivers/STM32F1xx_HAL_Driver/stm32f1xx_hal_cortex.o
 .text.__NVIC_GetPriorityGrouping
                0x080027b8       0x1c ./Drivers/STM32F1xx_HAL_Driver/stm32f1xx_hal_cortex.o
 .text.__NVIC_EnableIRQ
                0x080027d4       0x38 ./Drivers/STM32F1xx_HAL_Driver/stm32f1xx_hal_cortex.o
 .text.__NVIC_SetPriority
                0x0800280c       0x54 ./Drivers/STM32F1xx_HAL_Driver/stm32f1xx_hal_cortex.o
 .text.NVIC_EncodePriority
                0x08002860       0x64 ./Drivers/STM32F1xx_HAL_Driver/stm32f1xx_hal_cortex.o
 .text.SysTick_Config
                0x080028c4       0x44 ./Drivers/STM32F1xx_HAL_Driver/stm32f1xx_hal_cortex.o
 .text.HAL_NVIC_SetPriorityGrouping
                0x08002908       0x16 ./Drivers/STM32F1xx_HAL_Driver/stm32f1xx_hal_cortex.o
                0x08002908                HAL_NVIC_SetPriorityGrouping
 .text.HAL_NVIC_SetPriority
                0x0800291e       0x38 ./Drivers/STM32F1xx_HAL_Driver/stm32f1xx_hal_cortex.o
                0x0800291e                HAL_NVIC_SetPriority
 .text.HAL_NVIC_EnableIRQ
                0x08002956       0x1c ./Drivers/STM32F1xx_HAL_Driver/stm32f1xx_hal_cortex.o
                0x08002956                HAL_NVIC_EnableIRQ
 .text.HAL_SYSTICK_Config
                0x08002972       0x18 ./Drivers/STM32F1xx_HAL_Driver/stm32f1xx_hal_cortex.o
                0x08002972                HAL_SYSTICK_Config
 *fill*         0x0800298a        0x2 
 .text.HAL_GPIO_Init
                0x0800298c      0x308 ./Drivers/STM32F1xx_HAL_Driver/stm32f1xx_hal_gpio.o
                0x0800298c                HAL_GPIO_Init
 .text.HAL_GPIO_ReadPin
                0x08002c94       0x2e ./Drivers/STM32F1xx_HAL_Driver/stm32f1xx_hal_gpio.o
                0x08002c94                HAL_GPIO_ReadPin
 .text.HAL_GPIO_WritePin
                0x08002cc2       0x30 ./Drivers/STM32F1xx_HAL_Driver/stm32f1xx_hal_gpio.o
                0x08002cc2                HAL_GPIO_WritePin
 *fill*         0x08002cf2        0x2 
 .text.HAL_GPIO_EXTI_IRQHandler
                0x08002cf4       0x30 ./Drivers/STM32F1xx_HAL_Driver/stm32f1xx_hal_gpio.o
                0x08002cf4                HAL_GPIO_EXTI_IRQHandler
 .text.HAL_GPIO_EXTI_Callback
                0x08002d24       0x14 ./Drivers/STM32F1xx_HAL_Driver/stm32f1xx_hal_gpio.o
                0x08002d24                HAL_GPIO_EXTI_Callback
 .text.HAL_I2C_Init
                0x08002d38      0x288 ./Drivers/STM32F1xx_HAL_Driver/stm32f1xx_hal_i2c.o
                0x08002d38                HAL_I2C_Init
 .text.HAL_I2C_Master_Transmit
                0x08002fc0      0x1fc ./Drivers/STM32F1xx_HAL_Driver/stm32f1xx_hal_i2c.o
                0x08002fc0                HAL_I2C_Master_Transmit
 .text.HAL_I2C_Master_Receive
                0x080031bc      0x4d8 ./Drivers/STM32F1xx_HAL_Driver/stm32f1xx_hal_i2c.o
                0x080031bc                HAL_I2C_Master_Receive
 .text.HAL_I2C_Mem_Read
                0x08003694      0x4e8 ./Drivers/STM32F1xx_HAL_Driver/stm32f1xx_hal_i2c.o
                0x08003694                HAL_I2C_Mem_Read
 .text.I2C_MasterRequestWrite
                0x08003b7c      0x104 ./Drivers/STM32F1xx_HAL_Driver/stm32f1xx_hal_i2c.o
 .text.I2C_MasterRequestRead
                0x08003c80      0x19c ./Drivers/STM32F1xx_HAL_Driver/stm32f1xx_hal_i2c.o
 .text.I2C_RequestMemoryRead
                0x08003e1c      0x1d0 ./Drivers/STM32F1xx_HAL_Driver/stm32f1xx_hal_i2c.o
 .text.I2C_WaitOnFlagUntilTimeout
                0x08003fec       0xf4 ./Drivers/STM32F1xx_HAL_Driver/stm32f1xx_hal_i2c.o
 .text.I2C_WaitOnMasterAddressFlagUntilTimeout
                0x080040e0      0x140 ./Drivers/STM32F1xx_HAL_Driver/stm32f1xx_hal_i2c.o
 .text.I2C_WaitOnTXEFlagUntilTimeout
                0x08004220       0x90 ./Drivers/STM32F1xx_HAL_Driver/stm32f1xx_hal_i2c.o
 .text.I2C_WaitOnBTFFlagUntilTimeout
                0x080042b0       0x90 ./Drivers/STM32F1xx_HAL_Driver/stm32f1xx_hal_i2c.o
 .text.I2C_WaitOnRXNEFlagUntilTimeout
                0x08004340       0xba ./Drivers/STM32F1xx_HAL_Driver/stm32f1xx_hal_i2c.o
 .text.I2C_IsAcknowledgeFailed
                0x080043fa       0x5c ./Drivers/STM32F1xx_HAL_Driver/stm32f1xx_hal_i2c.o
 *fill*         0x08004456        0x2 
 .text.HAL_RCC_OscConfig
                0x08004458      0x504 ./Drivers/STM32F1xx_HAL_Driver/stm32f1xx_hal_rcc.o
                0x08004458                HAL_RCC_OscConfig
 .text.HAL_RCC_ClockConfig
                0x0800495c      0x1d4 ./Drivers/STM32F1xx_HAL_Driver/stm32f1xx_hal_rcc.o
                0x0800495c                HAL_RCC_ClockConfig
 .text.HAL_RCC_GetSysClockFreq
                0x08004b30       0xa8 ./Drivers/STM32F1xx_HAL_Driver/stm32f1xx_hal_rcc.o
                0x08004b30                HAL_RCC_GetSysClockFreq
 .text.HAL_RCC_GetHCLKFreq
                0x08004bd8       0x14 ./Drivers/STM32F1xx_HAL_Driver/stm32f1xx_hal_rcc.o
                0x08004bd8                HAL_RCC_GetHCLKFreq
 .text.HAL_RCC_GetPCLK1Freq
                0x08004bec       0x28 ./Drivers/STM32F1xx_HAL_Driver/stm32f1xx_hal_rcc.o
                0x08004bec                HAL_RCC_GetPCLK1Freq
 .text.HAL_RCC_GetPCLK2Freq
                0x08004c14       0x28 ./Drivers/STM32F1xx_HAL_Driver/stm32f1xx_hal_rcc.o
                0x08004c14                HAL_RCC_GetPCLK2Freq
 .text.RCC_Delay
                0x08004c3c       0x3c ./Drivers/STM32F1xx_HAL_Driver/stm32f1xx_hal_rcc.o
 .text.HAL_SPI_Init
                0x08004c78      0x108 ./Drivers/STM32F1xx_HAL_Driver/stm32f1xx_hal_spi.o
                0x08004c78                HAL_SPI_Init
 .text.HAL_SPI_Transmit
                0x08004d80      0x288 ./Drivers/STM32F1xx_HAL_Driver/stm32f1xx_hal_spi.o
                0x08004d80                HAL_SPI_Transmit
 .text.HAL_SPI_TransmitReceive
                0x08005008      0x352 ./Drivers/STM32F1xx_HAL_Driver/stm32f1xx_hal_spi.o
                0x08005008                HAL_SPI_TransmitReceive
 .text.HAL_SPI_GetState
                0x0800535a       0x1a ./Drivers/STM32F1xx_HAL_Driver/stm32f1xx_hal_spi.o
                0x0800535a                HAL_SPI_GetState
 .text.SPI_WaitFlagStateUntilTimeout
                0x08005374      0x110 ./Drivers/STM32F1xx_HAL_Driver/stm32f1xx_hal_spi.o
 .text.SPI_EndRxTxTransaction
                0x08005484       0x62 ./Drivers/STM32F1xx_HAL_Driver/stm32f1xx_hal_spi.o
 .text.HAL_UART_Init
                0x080054e6       0xa0 ./Drivers/STM32F1xx_HAL_Driver/stm32f1xx_hal_uart.o
                0x080054e6                HAL_UART_Init
 .text.HAL_UART_Transmit
                0x08005586      0x116 ./Drivers/STM32F1xx_HAL_Driver/stm32f1xx_hal_uart.o
                0x08005586                HAL_UART_Transmit
 .text.HAL_UART_Receive
                0x0800569c      0x12e ./Drivers/STM32F1xx_HAL_Driver/stm32f1xx_hal_uart.o
                0x0800569c                HAL_UART_Receive
 .text.UART_WaitOnFlagUntilTimeout
                0x080057ca       0xb2 ./Drivers/STM32F1xx_HAL_Driver/stm32f1xx_hal_uart.o
 .text.UART_EndRxTransfer
                0x0800587c       0xc4 ./Drivers/STM32F1xx_HAL_Driver/stm32f1xx_hal_uart.o
 .text.UART_SetConfig
                0x08005940      0x11c ./Drivers/STM32F1xx_HAL_Driver/stm32f1xx_hal_uart.o
 .text.sprintf  0x08005a5c       0x40 C:/ST/STM32CubeIDE_1.16.0/STM32CubeIDE/plugins/com.st.stm32cube.ide.mcu.externaltools.gnu-tools-for-stm32.12.3.rel1.win32_1.1.0.202410251130/tools/bin/../lib/gcc/arm-none-eabi/12.3.1/../../../../arm-none-eabi/lib/thumb/v7-m/nofp\libc_nano.a(libc_a-sprintf.o)
                0x08005a5c                siprintf
                0x08005a5c                sprintf
 .text.sscanf   0x08005a9c       0x54 C:/ST/STM32CubeIDE_1.16.0/STM32CubeIDE/plugins/com.st.stm32cube.ide.mcu.externaltools.gnu-tools-for-stm32.12.3.rel1.win32_1.1.0.202410251130/tools/bin/../lib/gcc/arm-none-eabi/12.3.1/../../../../arm-none-eabi/lib/thumb/v7-m/nofp\libc_nano.a(libc_a-sscanf.o)
                0x08005a9c                siscanf
                0x08005a9c                sscanf
 .text.__seofread
                0x08005af0        0x4 C:/ST/STM32CubeIDE_1.16.0/STM32CubeIDE/plugins/com.st.stm32cube.ide.mcu.externaltools.gnu-tools-for-stm32.12.3.rel1.win32_1.1.0.202410251130/tools/bin/../lib/gcc/arm-none-eabi/12.3.1/../../../../arm-none-eabi/lib/thumb/v7-m/nofp\libc_nano.a(libc_a-stdio.o)
                0x08005af0                __seofread
 .text.memset   0x08005af4       0x10 C:/ST/STM32CubeIDE_1.16.0/STM32CubeIDE/plugins/com.st.stm32cube.ide.mcu.externaltools.gnu-tools-for-stm32.12.3.rel1.win32_1.1.0.202410251130/tools/bin/../lib/gcc/arm-none-eabi/12.3.1/../../../../arm-none-eabi/lib/thumb/v7-m/nofp\libc_nano.a(libc_a-memset.o)
                0x08005af4                memset
 .text.strchr   0x08005b04       0x1a C:/ST/STM32CubeIDE_1.16.0/STM32CubeIDE/plugins/com.st.stm32cube.ide.mcu.externaltools.gnu-tools-for-stm32.12.3.rel1.win32_1.1.0.202410251130/tools/bin/../lib/gcc/arm-none-eabi/12.3.1/../../../../arm-none-eabi/lib/thumb/v7-m/nofp\libc_nano.a(libc_a-strchr.o)
                0x08005b04                strchr
 .text.strstr   0x08005b1e       0x2c C:/ST/STM32CubeIDE_1.16.0/STM32CubeIDE/plugins/com.st.stm32cube.ide.mcu.externaltools.gnu-tools-for-stm32.12.3.rel1.win32_1.1.0.202410251130/tools/bin/../lib/gcc/arm-none-eabi/12.3.1/../../../../arm-none-eabi/lib/thumb/v7-m/nofp\libc_nano.a(libc_a-strstr.o)
                0x08005b1e                strstr
 *fill*         0x08005b4a        0x2 
 .text.__errno  0x08005b4c        0xc C:/ST/STM32CubeIDE_1.16.0/STM32CubeIDE/plugins/com.st.stm32cube.ide.mcu.externaltools.gnu-tools-for-stm32.12.3.rel1.win32_1.1.0.202410251130/tools/bin/../lib/gcc/arm-none-eabi/12.3.1/../../../../arm-none-eabi/lib/thumb/v7-m/nofp\libc_nano.a(libc_a-errno.o)
                0x08005b4c                __errno
 .text.__libc_init_array
                0x08005b58       0x48 C:/ST/STM32CubeIDE_1.16.0/STM32CubeIDE/plugins/com.st.stm32cube.ide.mcu.externaltools.gnu-tools-for-stm32.12.3.rel1.win32_1.1.0.202410251130/tools/bin/../lib/gcc/arm-none-eabi/12.3.1/../../../../arm-none-eabi/lib/thumb/v7-m/nofp\libc_nano.a(libc_a-init.o)
                0x08005b58                __libc_init_array
 .text.__retarget_lock_acquire_recursive
                0x08005ba0        0x2 C:/ST/STM32CubeIDE_1.16.0/STM32CubeIDE/plugins/com.st.stm32cube.ide.mcu.externaltools.gnu-tools-for-stm32.12.3.rel1.win32_1.1.0.202410251130/tools/bin/../lib/gcc/arm-none-eabi/12.3.1/../../../../arm-none-eabi/lib/thumb/v7-m/nofp\libc_nano.a(libc_a-lock.o)
                0x08005ba0                __retarget_lock_acquire_recursive
 .text.__retarget_lock_release_recursive
                0x08005ba2        0x2 C:/ST/STM32CubeIDE_1.16.0/STM32CubeIDE/plugins/com.st.stm32cube.ide.mcu.externaltools.gnu-tools-for-stm32.12.3.rel1.win32_1.1.0.202410251130/tools/bin/../lib/gcc/arm-none-eabi/12.3.1/../../../../arm-none-eabi/lib/thumb/v7-m/nofp\libc_nano.a(libc_a-lock.o)
                0x08005ba2                __retarget_lock_release_recursive
 .text.memcpy   0x08005ba4       0x1c C:/ST/STM32CubeIDE_1.16.0/STM32CubeIDE/plugins/com.st.stm32cube.ide.mcu.externaltools.gnu-tools-for-stm32.12.3.rel1.win32_1.1.0.202410251130/tools/bin/../lib/gcc/arm-none-eabi/12.3.1/../../../../arm-none-eabi/lib/thumb/v7-m/nofp\libc_nano.a(libc_a-memcpy-stub.o)
                0x08005ba4                memcpy
 .text._free_r  0x08005bc0       0x90 C:/ST/STM32CubeIDE_1.16.0/STM32CubeIDE/plugins/com.st.stm32cube.ide.mcu.externaltools.gnu-tools-for-stm32.12.3.rel1.win32_1.1.0.202410251130/tools/bin/../lib/gcc/arm-none-eabi/12.3.1/../../../../arm-none-eabi/lib/thumb/v7-m/nofp\libc_nano.a(libc_a-freer.o)
                0x08005bc0                _free_r
 .text.sbrk_aligned
                0x08005c50       0x44 C:/ST/STM32CubeIDE_1.16.0/STM32CubeIDE/plugins/com.st.stm32cube.ide.mcu.externaltools.gnu-tools-for-stm32.12.3.rel1.win32_1.1.0.202410251130/tools/bin/../lib/gcc/arm-none-eabi/12.3.1/../../../../arm-none-eabi/lib/thumb/v7-m/nofp\libc_nano.a(libc_a-mallocr.o)
 .text._malloc_r
                0x08005c94      0x100 C:/ST/STM32CubeIDE_1.16.0/STM32CubeIDE/plugins/com.st.stm32cube.ide.mcu.externaltools.gnu-tools-for-stm32.12.3.rel1.win32_1.1.0.202410251130/tools/bin/../lib/gcc/arm-none-eabi/12.3.1/../../../../arm-none-eabi/lib/thumb/v7-m/nofp\libc_nano.a(libc_a-mallocr.o)
                0x08005c94                _malloc_r
 .text.__malloc_lock
                0x08005d94        0xc C:/ST/STM32CubeIDE_1.16.0/STM32CubeIDE/plugins/com.st.stm32cube.ide.mcu.externaltools.gnu-tools-for-stm32.12.3.rel1.win32_1.1.0.202410251130/tools/bin/../lib/gcc/arm-none-eabi/12.3.1/../../../../arm-none-eabi/lib/thumb/v7-m/nofp\libc_nano.a(libc_a-mlock.o)
                0x08005d94                __malloc_lock
 .text.__malloc_unlock
                0x08005da0        0xc C:/ST/STM32CubeIDE_1.16.0/STM32CubeIDE/plugins/com.st.stm32cube.ide.mcu.externaltools.gnu-tools-for-stm32.12.3.rel1.win32_1.1.0.202410251130/tools/bin/../lib/gcc/arm-none-eabi/12.3.1/../../../../arm-none-eabi/lib/thumb/v7-m/nofp\libc_nano.a(libc_a-mlock.o)
                0x08005da0                __malloc_unlock
 .text.__ssputs_r
                0x08005dac       0xb6 C:/ST/STM32CubeIDE_1.16.0/STM32CubeIDE/plugins/com.st.stm32cube.ide.mcu.externaltools.gnu-tools-for-stm32.12.3.rel1.win32_1.1.0.202410251130/tools/bin/../lib/gcc/arm-none-eabi/12.3.1/../../../../arm-none-eabi/lib/thumb/v7-m/nofp\libc_nano.a(libc_a-nano-svfprintf.o)
                0x08005dac                __ssputs_r
 *fill*         0x08005e62        0x2 
 .text._svfprintf_r
                0x08005e64      0x1f8 C:/ST/STM32CubeIDE_1.16.0/STM32CubeIDE/plugins/com.st.stm32cube.ide.mcu.externaltools.gnu-tools-for-stm32.12.3.rel1.win32_1.1.0.202410251130/tools/bin/../lib/gcc/arm-none-eabi/12.3.1/../../../../arm-none-eabi/lib/thumb/v7-m/nofp\libc_nano.a(libc_a-nano-svfprintf.o)
                0x08005e64                _svfiprintf_r
                0x08005e64                _svfprintf_r
 .text._sungetc_r
                0x0800605c       0x76 C:/ST/STM32CubeIDE_1.16.0/STM32CubeIDE/plugins/com.st.stm32cube.ide.mcu.externaltools.gnu-tools-for-stm32.12.3.rel1.win32_1.1.0.202410251130/tools/bin/../lib/gcc/arm-none-eabi/12.3.1/../../../../arm-none-eabi/lib/thumb/v7-m/nofp\libc_nano.a(libc_a-nano-svfscanf.o)
                0x0800605c                _sungetc_r
 .text.__ssrefill_r
                0x080060d2       0x3a C:/ST/STM32CubeIDE_1.16.0/STM32CubeIDE/plugins/com.st.stm32cube.ide.mcu.externaltools.gnu-tools-for-stm32.12.3.rel1.win32_1.1.0.202410251130/tools/bin/../lib/gcc/arm-none-eabi/12.3.1/../../../../arm-none-eabi/lib/thumb/v7-m/nofp\libc_nano.a(libc_a-nano-svfscanf.o)
                0x080060d2                __ssrefill_r
 .text.__ssvfscanf_r
                0x0800610c      0x2e4 C:/ST/STM32CubeIDE_1.16.0/STM32CubeIDE/plugins/com.st.stm32cube.ide.mcu.externaltools.gnu-tools-for-stm32.12.3.rel1.win32_1.1.0.202410251130/tools/bin/../lib/gcc/arm-none-eabi/12.3.1/../../../../arm-none-eabi/lib/thumb/v7-m/nofp\libc_nano.a(libc_a-nano-svfscanf.o)
                0x0800610c                __ssvfiscanf_r
                0x0800610c                __ssvfscanf_r
 .text._printf_common
                0x080063f0       0xe4 C:/ST/STM32CubeIDE_1.16.0/STM32CubeIDE/plugins/com.st.stm32cube.ide.mcu.externaltools.gnu-tools-for-stm32.12.3.rel1.win32_1.1.0.202410251130/tools/bin/../lib/gcc/arm-none-eabi/12.3.1/../../../../arm-none-eabi/lib/thumb/v7-m/nofp\libc_nano.a(libc_a-nano-vfprintf_i.o)
                0x080063f0                _printf_common
 .text._printf_i
                0x080064d4      0x240 C:/ST/STM32CubeIDE_1.16.0/STM32CubeIDE/plugins/com.st.stm32cube.ide.mcu.externaltools.gnu-tools-for-stm32.12.3.rel1.win32_1.1.0.202410251130/tools/bin/../lib/gcc/arm-none-eabi/12.3.1/../../../../arm-none-eabi/lib/thumb/v7-m/nofp\libc_nano.a(libc_a-nano-vfprintf_i.o)
                0x080064d4                _printf_i
 .text._scanf_chars
                0x08006714       0xb4 C:/ST/STM32CubeIDE_1.16.0/STM32CubeIDE/plugins/com.st.stm32cube.ide.mcu.externaltools.gnu-tools-for-stm32.12.3.rel1.win32_1.1.0.202410251130/tools/bin/../lib/gcc/arm-none-eabi/12.3.1/../../../../arm-none-eabi/lib/thumb/v7-m/nofp\libc_nano.a(libc_a-nano-vfscanf_i.o)
                0x08006714                _scanf_chars
 .text._scanf_i
                0x080067c8      0x1e4 C:/ST/STM32CubeIDE_1.16.0/STM32CubeIDE/plugins/com.st.stm32cube.ide.mcu.externaltools.gnu-tools-for-stm32.12.3.rel1.win32_1.1.0.202410251130/tools/bin/../lib/gcc/arm-none-eabi/12.3.1/../../../../arm-none-eabi/lib/thumb/v7-m/nofp\libc_nano.a(libc_a-nano-vfscanf_i.o)
                0x080067c8                _scanf_i
 .text.__sccl   0x080069ac       0x72 C:/ST/STM32CubeIDE_1.16.0/STM32CubeIDE/plugins/com.st.stm32cube.ide.mcu.externaltools.gnu-tools-for-stm32.12.3.rel1.win32_1.1.0.202410251130/tools/bin/../lib/gcc/arm-none-eabi/12.3.1/../../../../arm-none-eabi/lib/thumb/v7-m/nofp\libc_nano.a(libc_a-sccl.o)
                0x080069ac                __sccl
 .text.__submore
                0x08006a1e       0x70 C:/ST/STM32CubeIDE_1.16.0/STM32CubeIDE/plugins/com.st.stm32cube.ide.mcu.externaltools.gnu-tools-for-stm32.12.3.rel1.win32_1.1.0.202410251130/tools/bin/../lib/gcc/arm-none-eabi/12.3.1/../../../../arm-none-eabi/lib/thumb/v7-m/nofp\libc_nano.a(libc_a-ungetc.o)
                0x08006a1e                __submore
 .text.memmove  0x08006a8e       0x34 C:/ST/STM32CubeIDE_1.16.0/STM32CubeIDE/plugins/com.st.stm32cube.ide.mcu.externaltools.gnu-tools-for-stm32.12.3.rel1.win32_1.1.0.202410251130/tools/bin/../lib/gcc/arm-none-eabi/12.3.1/../../../../arm-none-eabi/lib/thumb/v7-m/nofp\libc_nano.a(libc_a-memmove.o)
                0x08006a8e                memmove
 *fill*         0x08006ac2        0x2 
 .text._sbrk_r  0x08006ac4       0x20 C:/ST/STM32CubeIDE_1.16.0/STM32CubeIDE/plugins/com.st.stm32cube.ide.mcu.externaltools.gnu-tools-for-stm32.12.3.rel1.win32_1.1.0.202410251130/tools/bin/../lib/gcc/arm-none-eabi/12.3.1/../../../../arm-none-eabi/lib/thumb/v7-m/nofp\libc_nano.a(libc_a-sbrkr.o)
                0x08006ac4                _sbrk_r
 .text.memchr   0x08006ae4       0x1c C:/ST/STM32CubeIDE_1.16.0/STM32CubeIDE/plugins/com.st.stm32cube.ide.mcu.externaltools.gnu-tools-for-stm32.12.3.rel1.win32_1.1.0.202410251130/tools/bin/../lib/gcc/arm-none-eabi/12.3.1/../../../../arm-none-eabi/lib/thumb/v7-m/nofp\libc_nano.a(libc_a-memchr-stub.o)
                0x08006ae4                memchr
 .text._realloc_r
                0x08006b00       0x5c C:/ST/STM32CubeIDE_1.16.0/STM32CubeIDE/plugins/com.st.stm32cube.ide.mcu.externaltools.gnu-tools-for-stm32.12.3.rel1.win32_1.1.0.202410251130/tools/bin/../lib/gcc/arm-none-eabi/12.3.1/../../../../arm-none-eabi/lib/thumb/v7-m/nofp\libc_nano.a(libc_a-reallocr.o)
                0x08006b00                _realloc_r
 .text._strtol_l.constprop.0
                0x08006b5c       0xf4 C:/ST/STM32CubeIDE_1.16.0/STM32CubeIDE/plugins/com.st.stm32cube.ide.mcu.externaltools.gnu-tools-for-stm32.12.3.rel1.win32_1.1.0.202410251130/tools/bin/../lib/gcc/arm-none-eabi/12.3.1/../../../../arm-none-eabi/lib/thumb/v7-m/nofp\libc_nano.a(libc_a-strtol.o)
 .text._strtol_r
                0x08006c50        0x4 C:/ST/STM32CubeIDE_1.16.0/STM32CubeIDE/plugins/com.st.stm32cube.ide.mcu.externaltools.gnu-tools-for-stm32.12.3.rel1.win32_1.1.0.202410251130/tools/bin/../lib/gcc/arm-none-eabi/12.3.1/../../../../arm-none-eabi/lib/thumb/v7-m/nofp\libc_nano.a(libc_a-strtol.o)
                0x08006c50                _strtol_r
 .text._strtoul_l.constprop.0
                0x08006c54       0xdc C:/ST/STM32CubeIDE_1.16.0/STM32CubeIDE/plugins/com.st.stm32cube.ide.mcu.externaltools.gnu-tools-for-stm32.12.3.rel1.win32_1.1.0.202410251130/tools/bin/../lib/gcc/arm-none-eabi/12.3.1/../../../../arm-none-eabi/lib/thumb/v7-m/nofp\libc_nano.a(libc_a-strtoul.o)
 .text._strtoul_r
                0x08006d30        0x4 C:/ST/STM32CubeIDE_1.16.0/STM32CubeIDE/plugins/com.st.stm32cube.ide.mcu.externaltools.gnu-tools-for-stm32.12.3.rel1.win32_1.1.0.202410251130/tools/bin/../lib/gcc/arm-none-eabi/12.3.1/../../../../arm-none-eabi/lib/thumb/v7-m/nofp\libc_nano.a(libc_a-strtoul.o)
                0x08006d30                _strtoul_r
 .text._malloc_usable_size_r
                0x08006d34       0x10 C:/ST/STM32CubeIDE_1.16.0/STM32CubeIDE/plugins/com.st.stm32cube.ide.mcu.externaltools.gnu-tools-for-stm32.12.3.rel1.win32_1.1.0.202410251130/tools/bin/../lib/gcc/arm-none-eabi/12.3.1/../../../../arm-none-eabi/lib/thumb/v7-m/nofp\libc_nano.a(libc_a-msizer.o)
                0x08006d34                _malloc_usable_size_r
 *(.glue_7)
 .glue_7        0x08006d44        0x0 linker stubs
 *(.glue_7t)
 .glue_7t       0x08006d44        0x0 linker stubs
 *(.eh_frame)
 .eh_frame      0x08006d44        0x0 C:/ST/STM32CubeIDE_1.16.0/STM32CubeIDE/plugins/com.st.stm32cube.ide.mcu.externaltools.gnu-tools-for-stm32.12.3.rel1.win32_1.1.0.202410251130/tools/bin/../lib/gcc/arm-none-eabi/12.3.1/thumb/v7-m/nofp/crtbegin.o
 *(.init)
 .init          0x08006d44        0x4 C:/ST/STM32CubeIDE_1.16.0/STM32CubeIDE/plugins/com.st.stm32cube.ide.mcu.externaltools.gnu-tools-for-stm32.12.3.rel1.win32_1.1.0.202410251130/tools/bin/../lib/gcc/arm-none-eabi/12.3.1/thumb/v7-m/nofp/crti.o
                0x08006d44                _init
 .init          0x08006d48        0x8 C:/ST/STM32CubeIDE_1.16.0/STM32CubeIDE/plugins/com.st.stm32cube.ide.mcu.externaltools.gnu-tools-for-stm32.12.3.rel1.win32_1.1.0.202410251130/tools/bin/../lib/gcc/arm-none-eabi/12.3.1/thumb/v7-m/nofp/crtn.o
 *(.fini)
 .fini          0x08006d50        0x4 C:/ST/STM32CubeIDE_1.16.0/STM32CubeIDE/plugins/com.st.stm32cube.ide.mcu.externaltools.gnu-tools-for-stm32.12.3.rel1.win32_1.1.0.202410251130/tools/bin/../lib/gcc/arm-none-eabi/12.3.1/thumb/v7-m/nofp/crti.o
                0x08006d50                _fini
 .fini          0x08006d54        0x8 C:/ST/STM32CubeIDE_1.16.0/STM32CubeIDE/plugins/com.st.stm32cube.ide.mcu.externaltools.gnu-tools-for-stm32.12.3.rel1.win32_1.1.0.202410251130/tools/bin/../lib/gcc/arm-none-eabi/12.3.1/thumb/v7-m/nofp/crtn.o
                0x08006d5c                        . = ALIGN (0x4)
                0x08006d5c                        _etext = .

.vfp11_veneer   0x08006d5c        0x0
 .vfp11_veneer  0x08006d5c        0x0 linker stubs

.v4_bx          0x08006d5c        0x0
 .v4_bx         0x08006d5c        0x0 linker stubs

.iplt           0x08006d5c        0x0
 .iplt          0x08006d5c        0x0 C:/ST/STM32CubeIDE_1.16.0/STM32CubeIDE/plugins/com.st.stm32cube.ide.mcu.externaltools.gnu-tools-for-stm32.12.3.rel1.win32_1.1.0.202410251130/tools/bin/../lib/gcc/arm-none-eabi/12.3.1/thumb/v7-m/nofp/crtbegin.o

.rodata         0x08006d5c      0x3b4
                0x08006d5c                        . = ALIGN (0x4)
 *(.rodata)
 .rodata        0x08006d5c      0x1f0 ./Core/Src/esp01s.o
 .rodata        0x08006f4c       0x1b ./Core/Src/main.o
 *fill*         0x08006f67        0x1 
 .rodata        0x08006f68        0xc C:/ST/STM32CubeIDE_1.16.0/STM32CubeIDE/plugins/com.st.stm32cube.ide.mcu.externaltools.gnu-tools-for-stm32.12.3.rel1.win32_1.1.0.202410251130/tools/bin/../lib/gcc/arm-none-eabi/12.3.1/../../../../arm-none-eabi/lib/thumb/v7-m/nofp\libc_nano.a(libc_a-nano-vfscanf_i.o)
 *(.rodata*)
 .rodata.SX1278_Power
                0x08006f74        0x4 ./Core/Src/SX1278.o
 .rodata.SX1278_SpreadFactor
                0x08006f78        0x7 ./Core/Src/SX1278.o
 *fill*         0x08006f7f        0x1 
 .rodata.SX1278_LoRaBandwidth
                0x08006f80        0xa ./Core/Src/SX1278.o
 *fill*         0x08006f8a        0x2 
 .rodata.SX1278_CodingRate
                0x08006f8c        0x4 ./Core/Src/SX1278.o
 .rodata.SX1278_CRC_Sum
                0x08006f90        0x2 ./Core/Src/SX1278.o
 *fill*         0x08006f92        0x2 
 .rodata.AHBPrescTable
                0x08006f94       0x10 ./Core/Src/system_stm32f1xx.o
                0x08006f94                AHBPrescTable
 .rodata.APBPrescTable
                0x08006fa4        0x8 ./Core/Src/system_stm32f1xx.o
                0x08006fa4                APBPrescTable
 .rodata.aPLLMULFactorTable.1
                0x08006fac       0x10 ./Drivers/STM32F1xx_HAL_Driver/stm32f1xx_hal_rcc.o
 .rodata.aPredivFactorTable.0
                0x08006fbc        0x2 ./Drivers/STM32F1xx_HAL_Driver/stm32f1xx_hal_rcc.o
 .rodata._svfprintf_r.str1.1
                0x08006fbe       0x11 C:/ST/STM32CubeIDE_1.16.0/STM32CubeIDE/plugins/com.st.stm32cube.ide.mcu.externaltools.gnu-tools-for-stm32.12.3.rel1.win32_1.1.0.202410251130/tools/bin/../lib/gcc/arm-none-eabi/12.3.1/../../../../arm-none-eabi/lib/thumb/v7-m/nofp\libc_nano.a(libc_a-nano-svfprintf.o)
 .rodata.__ssvfscanf_r.str1.1
                0x08006fcf        0x4 C:/ST/STM32CubeIDE_1.16.0/STM32CubeIDE/plugins/com.st.stm32cube.ide.mcu.externaltools.gnu-tools-for-stm32.12.3.rel1.win32_1.1.0.202410251130/tools/bin/../lib/gcc/arm-none-eabi/12.3.1/../../../../arm-none-eabi/lib/thumb/v7-m/nofp\libc_nano.a(libc_a-nano-svfscanf.o)
 .rodata._printf_i.str1.1
                0x08006fcf       0x22 C:/ST/STM32CubeIDE_1.16.0/STM32CubeIDE/plugins/com.st.stm32cube.ide.mcu.externaltools.gnu-tools-for-stm32.12.3.rel1.win32_1.1.0.202410251130/tools/bin/../lib/gcc/arm-none-eabi/12.3.1/../../../../arm-none-eabi/lib/thumb/v7-m/nofp\libc_nano.a(libc_a-nano-vfprintf_i.o)
 .rodata._scanf_i.str1.1
                0x08006ff1       0x12 C:/ST/STM32CubeIDE_1.16.0/STM32CubeIDE/plugins/com.st.stm32cube.ide.mcu.externaltools.gnu-tools-for-stm32.12.3.rel1.win32_1.1.0.202410251130/tools/bin/../lib/gcc/arm-none-eabi/12.3.1/../../../../arm-none-eabi/lib/thumb/v7-m/nofp\libc_nano.a(libc_a-nano-vfscanf_i.o)
 .rodata.str1.1
                0x08007003        0x9 C:/ST/STM32CubeIDE_1.16.0/STM32CubeIDE/plugins/com.st.stm32cube.ide.mcu.externaltools.gnu-tools-for-stm32.12.3.rel1.win32_1.1.0.202410251130/tools/bin/../lib/gcc/arm-none-eabi/12.3.1/../../../../arm-none-eabi/lib/thumb/v7-m/nofp\libc_nano.a(libc_a-nano-vfscanf_i.o)
 .rodata._ctype_
                0x0800700c      0x101 C:/ST/STM32CubeIDE_1.16.0/STM32CubeIDE/plugins/com.st.stm32cube.ide.mcu.externaltools.gnu-tools-for-stm32.12.3.rel1.win32_1.1.0.202410251130/tools/bin/../lib/gcc/arm-none-eabi/12.3.1/../../../../arm-none-eabi/lib/thumb/v7-m/nofp\libc_nano.a(libc_a-ctype_.o)
                0x0800700c                _ctype_
                0x08007110                        . = ALIGN (0x4)
 *fill*         0x0800710d        0x3 

.ARM.extab      0x08007110        0x0
                0x08007110                        . = ALIGN (0x4)
 *(.ARM.extab* .gnu.linkonce.armextab.*)
                0x08007110                        . = ALIGN (0x4)

.ARM            0x08007110        0x8
                0x08007110                        . = ALIGN (0x4)
                0x08007110                        __exidx_start = .
 *(.ARM.exidx*)
 .ARM.exidx     0x08007110        0x8 C:/ST/STM32CubeIDE_1.16.0/STM32CubeIDE/plugins/com.st.stm32cube.ide.mcu.externaltools.gnu-tools-for-stm32.12.3.rel1.win32_1.1.0.202410251130/tools/bin/../lib/gcc/arm-none-eabi/12.3.1/../../../../arm-none-eabi/lib/thumb/v7-m/nofp\libc_nano.a(libc_a-strlen.o)
 .ARM.exidx     0x08007118        0x0 C:/ST/STM32CubeIDE_1.16.0/STM32CubeIDE/plugins/com.st.stm32cube.ide.mcu.externaltools.gnu-tools-for-stm32.12.3.rel1.win32_1.1.0.202410251130/tools/bin/../lib/gcc/arm-none-eabi/12.3.1/thumb/v7-m/nofp\libgcc.a(_udivmoddi4.o)
                                  0x8 (size before relaxing)
                0x08007118                        __exidx_end = .
                0x08007118                        . = ALIGN (0x4)

.preinit_array  0x08007118        0x0
                0x08007118                        . = ALIGN (0x4)
                0x08007118                        PROVIDE (__preinit_array_start = .)
 *(.preinit_array*)
                0x08007118                        PROVIDE (__preinit_array_end = .)
                0x08007118                        . = ALIGN (0x4)

.init_array     0x08007118        0x4
                0x08007118                        . = ALIGN (0x4)
                0x08007118                        PROVIDE (__init_array_start = .)
 *(SORT_BY_NAME(.init_array.*))
 *(.init_array*)
 .init_array    0x08007118        0x4 C:/ST/STM32CubeIDE_1.16.0/STM32CubeIDE/plugins/com.st.stm32cube.ide.mcu.externaltools.gnu-tools-for-stm32.12.3.rel1.win32_1.1.0.202410251130/tools/bin/../lib/gcc/arm-none-eabi/12.3.1/thumb/v7-m/nofp/crtbegin.o
                0x0800711c                        PROVIDE (__init_array_end = .)
                0x0800711c                        . = ALIGN (0x4)

.fini_array     0x0800711c        0x4
                0x0800711c                        . = ALIGN (0x4)
                [!provide]                        PROVIDE (__fini_array_start = .)
 *(SORT_BY_NAME(.fini_array.*))
 *(.fini_array*)
 .fini_array    0x0800711c        0x4 C:/ST/STM32CubeIDE_1.16.0/STM32CubeIDE/plugins/com.st.stm32cube.ide.mcu.externaltools.gnu-tools-for-stm32.12.3.rel1.win32_1.1.0.202410251130/tools/bin/../lib/gcc/arm-none-eabi/12.3.1/thumb/v7-m/nofp/crtbegin.o
                [!provide]                        PROVIDE (__fini_array_end = .)
                0x08007120                        . = ALIGN (0x4)
                0x08007120                        _sidata = LOADADDR (.data)

.rel.dyn        0x08007120        0x0
 .rel.iplt      0x08007120        0x0 C:/ST/STM32CubeIDE_1.16.0/STM32CubeIDE/plugins/com.st.stm32cube.ide.mcu.externaltools.gnu-tools-for-stm32.12.3.rel1.win32_1.1.0.202410251130/tools/bin/../lib/gcc/arm-none-eabi/12.3.1/thumb/v7-m/nofp/crtbegin.o

.data           0x20000000       0xa0 load address 0x08007120
                0x20000000                        . = ALIGN (0x4)
                0x20000000                        _sdata = .
 *(.data)
 *(.data*)
 .data.ssid     0x20000000        0x5 ./Core/Src/esp01s.o
                0x20000000                ssid
 *fill*         0x20000005        0x3 
 .data.password
                0x20000008        0x9 ./Core/Src/esp01s.o
                0x20000008                password
 *fill*         0x20000011        0x3 
 .data.server_protocol
                0x20000014        0x4 ./Core/Src/esp01s.o
                0x20000014                server_protocol
 .data.server_ip
                0x20000018        0xf ./Core/Src/esp01s.o
                0x20000018                server_ip
 *fill*         0x20000027        0x1 
 .data.server_port
                0x20000028        0x4 ./Core/Src/esp01s.o
                0x20000028                server_port
 .data.api_post_path
                0x2000002c       0x11 ./Core/Src/esp01s.o
                0x2000002c                api_post_path
 *fill*         0x2000003d        0x3 
 .data.sensor_2_timeout
                0x20000040        0x4 ./Core/Src/main.o
                0x20000040                sensor_2_timeout
 .data.SystemCoreClock
                0x20000044        0x4 ./Core/Src/system_stm32f1xx.o
                0x20000044                SystemCoreClock
 .data.uwTickPrio
                0x20000048        0x4 ./Drivers/STM32F1xx_HAL_Driver/stm32f1xx_hal.o
                0x20000048                uwTickPrio
 .data.uwTickFreq
                0x2000004c        0x1 ./Drivers/STM32F1xx_HAL_Driver/stm32f1xx_hal.o
                0x2000004c                uwTickFreq
 *fill*         0x2000004d        0x3 
 .data._impure_ptr
                0x20000050        0x4 C:/ST/STM32CubeIDE_1.16.0/STM32CubeIDE/plugins/com.st.stm32cube.ide.mcu.externaltools.gnu-tools-for-stm32.12.3.rel1.win32_1.1.0.202410251130/tools/bin/../lib/gcc/arm-none-eabi/12.3.1/../../../../arm-none-eabi/lib/thumb/v7-m/nofp\libc_nano.a(libc_a-impure.o)
                0x20000050                _impure_ptr
 .data._impure_data
                0x20000054       0x4c C:/ST/STM32CubeIDE_1.16.0/STM32CubeIDE/plugins/com.st.stm32cube.ide.mcu.externaltools.gnu-tools-for-stm32.12.3.rel1.win32_1.1.0.202410251130/tools/bin/../lib/gcc/arm-none-eabi/12.3.1/../../../../arm-none-eabi/lib/thumb/v7-m/nofp\libc_nano.a(libc_a-impure.o)
                0x20000054                _impure_data
 *(.RamFunc)
 *(.RamFunc*)
                0x200000a0                        . = ALIGN (0x4)
                0x200000a0                        _edata = .

.igot.plt       0x200000a0        0x0 load address 0x080071c0
 .igot.plt      0x200000a0        0x0 C:/ST/STM32CubeIDE_1.16.0/STM32CubeIDE/plugins/com.st.stm32cube.ide.mcu.externaltools.gnu-tools-for-stm32.12.3.rel1.win32_1.1.0.202410251130/tools/bin/../lib/gcc/arm-none-eabi/12.3.1/thumb/v7-m/nofp/crtbegin.o
                0x200000a0                        . = ALIGN (0x4)

.bss            0x200000a0     0x1818 load address 0x080071c0
                0x200000a0                        _sbss = .
                0x200000a0                        __bss_start__ = _sbss
 *(.bss)
 .bss           0x200000a0       0x1c C:/ST/STM32CubeIDE_1.16.0/STM32CubeIDE/plugins/com.st.stm32cube.ide.mcu.externaltools.gnu-tools-for-stm32.12.3.rel1.win32_1.1.0.202410251130/tools/bin/../lib/gcc/arm-none-eabi/12.3.1/thumb/v7-m/nofp/crtbegin.o
 *(.bss*)
 .bss.hi2c1     0x200000bc       0x54 ./Core/Src/i2c.o
                0x200000bc                hi2c1
 .bss.temp      0x20000110        0x4 ./Core/Src/main.o
                0x20000110                temp
 .bss.humi      0x20000114        0x4 ./Core/Src/main.o
                0x20000114                humi
 .bss.SX1278_hw
                0x20000118       0x1c ./Core/Src/main.o
                0x20000118                SX1278_hw
 *fill*         0x20000134        0x4 
 .bss.SX1278    0x20000138      0x118 ./Core/Src/main.o
                0x20000138                SX1278
 .bss.master    0x20000250        0x4 ./Core/Src/main.o
                0x20000250                master
 .bss.ret       0x20000254        0x4 ./Core/Src/main.o
                0x20000254                ret
 .bss.LoRaTxBuffer
                0x20000258      0x200 ./Core/Src/main.o
                0x20000258                LoRaTxBuffer
 .bss.LoRaRxBuffer
                0x20000458      0x200 ./Core/Src/main.o
                0x20000458                LoRaRxBuffer
 .bss.tx_len    0x20000658        0x4 ./Core/Src/main.o
                0x20000658                tx_len
 .bss.timeout   0x2000065c        0x4 ./Core/Src/main.o
                0x2000065c                timeout
 .bss.reverse_mode_time
                0x20000660        0x4 ./Core/Src/main.o
                0x20000660                reverse_mode_time
 .bss.control_val
                0x20000664        0x4 ./Core/Src/main.o
                0x20000664                control_val
 .bss.Esp       0x20000668     0x104c ./Core/Src/main.o
                0x20000668                Esp
 .bss.current_time
                0x200016b4        0x4 ./Core/Src/main.o
                0x200016b4                current_time
 .bss.timestamp_s1
                0x200016b8        0x4 ./Core/Src/main.o
                0x200016b8                timestamp_s1
 .bss.timestamp_s2
                0x200016bc        0x4 ./Core/Src/main.o
                0x200016bc                timestamp_s2
 .bss.sensor_2_wakeup
                0x200016c0        0x4 ./Core/Src/main.o
                0x200016c0                sensor_2_wakeup
 .bss.inside_counter
                0x200016c4        0x4 ./Core/Src/main.o
                0x200016c4                inside_counter
 .bss.hspi1     0x200016c8       0x58 ./Core/Src/spi.o
                0x200016c8                hspi1
 .bss.__sbrk_heap_end
                0x20001720        0x4 ./Core/Src/sysmem.o
 .bss.huart1    0x20001724       0x48 ./Core/Src/usart.o
                0x20001724                huart1
 .bss.uwTick    0x2000176c        0x4 ./Drivers/STM32F1xx_HAL_Driver/stm32f1xx_hal.o
                0x2000176c                uwTick
 .bss.__sf      0x20001770      0x138 C:/ST/STM32CubeIDE_1.16.0/STM32CubeIDE/plugins/com.st.stm32cube.ide.mcu.externaltools.gnu-tools-for-stm32.12.3.rel1.win32_1.1.0.202410251130/tools/bin/../lib/gcc/arm-none-eabi/12.3.1/../../../../arm-none-eabi/lib/thumb/v7-m/nofp\libc_nano.a(libc_a-findfp.o)
                0x20001770                __sf
 .bss.errno     0x200018a8        0x4 C:/ST/STM32CubeIDE_1.16.0/STM32CubeIDE/plugins/com.st.stm32cube.ide.mcu.externaltools.gnu-tools-for-stm32.12.3.rel1.win32_1.1.0.202410251130/tools/bin/../lib/gcc/arm-none-eabi/12.3.1/../../../../arm-none-eabi/lib/thumb/v7-m/nofp\libc_nano.a(libc_a-reent.o)
                0x200018a8                errno
 .bss.__lock___malloc_recursive_mutex
                0x200018ac        0x1 C:/ST/STM32CubeIDE_1.16.0/STM32CubeIDE/plugins/com.st.stm32cube.ide.mcu.externaltools.gnu-tools-for-stm32.12.3.rel1.win32_1.1.0.202410251130/tools/bin/../lib/gcc/arm-none-eabi/12.3.1/../../../../arm-none-eabi/lib/thumb/v7-m/nofp\libc_nano.a(libc_a-lock.o)
                0x200018ac                __lock___malloc_recursive_mutex
 *fill*         0x200018ad        0x3 
 .bss.__malloc_sbrk_start
                0x200018b0        0x4 C:/ST/STM32CubeIDE_1.16.0/STM32CubeIDE/plugins/com.st.stm32cube.ide.mcu.externaltools.gnu-tools-for-stm32.12.3.rel1.win32_1.1.0.202410251130/tools/bin/../lib/gcc/arm-none-eabi/12.3.1/../../../../arm-none-eabi/lib/thumb/v7-m/nofp\libc_nano.a(libc_a-mallocr.o)
                0x200018b0                __malloc_sbrk_start
 .bss.__malloc_free_list
                0x200018b4        0x4 C:/ST/STM32CubeIDE_1.16.0/STM32CubeIDE/plugins/com.st.stm32cube.ide.mcu.externaltools.gnu-tools-for-stm32.12.3.rel1.win32_1.1.0.202410251130/tools/bin/../lib/gcc/arm-none-eabi/12.3.1/../../../../arm-none-eabi/lib/thumb/v7-m/nofp\libc_nano.a(libc_a-mallocr.o)
                0x200018b4                __malloc_free_list
 *(COMMON)
                0x200018b8                        . = ALIGN (0x4)
                0x200018b8                        _ebss = .
                0x200018b8                        __bss_end__ = _ebss

._user_heap_stack
                0x200018b8      0x600 load address 0x080071c0
                0x200018b8                        . = ALIGN (0x8)
                [!provide]                        PROVIDE (end = .)
                0x200018b8                        PROVIDE (_end = .)
                0x20001ab8                        . = (. + _Min_Heap_Size)
 *fill*         0x200018b8      0x200 
                0x20001eb8                        . = (. + _Min_Stack_Size)
 *fill*         0x20001ab8      0x400 
                0x20001eb8                        . = ALIGN (0x8)

/DISCARD/
 libc.a(*)
 libm.a(*)
 libgcc.a(*)

.ARM.attributes
                0x00000000       0x29
 *(.ARM.attributes)
 .ARM.attributes
                0x00000000       0x1d C:/ST/STM32CubeIDE_1.16.0/STM32CubeIDE/plugins/com.st.stm32cube.ide.mcu.externaltools.gnu-tools-for-stm32.12.3.rel1.win32_1.1.0.202410251130/tools/bin/../lib/gcc/arm-none-eabi/12.3.1/thumb/v7-m/nofp/crti.o
 .ARM.attributes
                0x0000001d       0x2d C:/ST/STM32CubeIDE_1.16.0/STM32CubeIDE/plugins/com.st.stm32cube.ide.mcu.externaltools.gnu-tools-for-stm32.12.3.rel1.win32_1.1.0.202410251130/tools/bin/../lib/gcc/arm-none-eabi/12.3.1/thumb/v7-m/nofp/crtbegin.o
 .ARM.attributes
                0x0000004a       0x2d ./Core/Src/SX1278.o
 .ARM.attributes
                0x00000077       0x2d ./Core/Src/SX1278_hw.o
 .ARM.attributes
                0x000000a4       0x2d ./Core/Src/esp01s.o
 .ARM.attributes
                0x000000d1       0x2d ./Core/Src/gpio.o
 .ARM.attributes
                0x000000fe       0x2d ./Core/Src/i2c.o
 .ARM.attributes
                0x0000012b       0x2d ./Core/Src/main.o
 .ARM.attributes
                0x00000158       0x2d ./Core/Src/spi.o
 .ARM.attributes
                0x00000185       0x2d ./Core/Src/stm32f1xx_hal_msp.o
 .ARM.attributes
                0x000001b2       0x2d ./Core/Src/stm32f1xx_it.o
 .ARM.attributes
                0x000001df       0x2d ./Core/Src/sysmem.o
 .ARM.attributes
                0x0000020c       0x2d ./Core/Src/system_stm32f1xx.o
 .ARM.attributes
                0x00000239       0x2d ./Core/Src/usart.o
 .ARM.attributes
                0x00000266       0x21 ./Core/Startup/startup_stm32f103c8tx.o
 .ARM.attributes
                0x00000287       0x2d ./Drivers/STM32F1xx_HAL_Driver/stm32f1xx_hal.o
 .ARM.attributes
                0x000002b4       0x2d ./Drivers/STM32F1xx_HAL_Driver/stm32f1xx_hal_cortex.o
 .ARM.attributes
                0x000002e1       0x2d ./Drivers/STM32F1xx_HAL_Driver/stm32f1xx_hal_gpio.o
 .ARM.attributes
                0x0000030e       0x2d ./Drivers/STM32F1xx_HAL_Driver/stm32f1xx_hal_i2c.o
 .ARM.attributes
                0x0000033b       0x2d ./Drivers/STM32F1xx_HAL_Driver/stm32f1xx_hal_rcc.o
 .ARM.attributes
                0x00000368       0x2d ./Drivers/STM32F1xx_HAL_Driver/stm32f1xx_hal_spi.o
 .ARM.attributes
                0x00000395       0x2d ./Drivers/STM32F1xx_HAL_Driver/stm32f1xx_hal_uart.o
 .ARM.attributes
                0x000003c2       0x2d C:/ST/STM32CubeIDE_1.16.0/STM32CubeIDE/plugins/com.st.stm32cube.ide.mcu.externaltools.gnu-tools-for-stm32.12.3.rel1.win32_1.1.0.202410251130/tools/bin/../lib/gcc/arm-none-eabi/12.3.1/../../../../arm-none-eabi/lib/thumb/v7-m/nofp\libc_nano.a(libc_a-findfp.o)
 .ARM.attributes
                0x000003ef       0x2d C:/ST/STM32CubeIDE_1.16.0/STM32CubeIDE/plugins/com.st.stm32cube.ide.mcu.externaltools.gnu-tools-for-stm32.12.3.rel1.win32_1.1.0.202410251130/tools/bin/../lib/gcc/arm-none-eabi/12.3.1/../../../../arm-none-eabi/lib/thumb/v7-m/nofp\libc_nano.a(libc_a-sprintf.o)
 .ARM.attributes
                0x0000041c       0x2d C:/ST/STM32CubeIDE_1.16.0/STM32CubeIDE/plugins/com.st.stm32cube.ide.mcu.externaltools.gnu-tools-for-stm32.12.3.rel1.win32_1.1.0.202410251130/tools/bin/../lib/gcc/arm-none-eabi/12.3.1/../../../../arm-none-eabi/lib/thumb/v7-m/nofp\libc_nano.a(libc_a-sscanf.o)
 .ARM.attributes
                0x00000449       0x2d C:/ST/STM32CubeIDE_1.16.0/STM32CubeIDE/plugins/com.st.stm32cube.ide.mcu.externaltools.gnu-tools-for-stm32.12.3.rel1.win32_1.1.0.202410251130/tools/bin/../lib/gcc/arm-none-eabi/12.3.1/../../../../arm-none-eabi/lib/thumb/v7-m/nofp\libc_nano.a(libc_a-stdio.o)
 .ARM.attributes
                0x00000476       0x2d C:/ST/STM32CubeIDE_1.16.0/STM32CubeIDE/plugins/com.st.stm32cube.ide.mcu.externaltools.gnu-tools-for-stm32.12.3.rel1.win32_1.1.0.202410251130/tools/bin/../lib/gcc/arm-none-eabi/12.3.1/../../../../arm-none-eabi/lib/thumb/v7-m/nofp\libc_nano.a(libc_a-memset.o)
 .ARM.attributes
                0x000004a3       0x2d C:/ST/STM32CubeIDE_1.16.0/STM32CubeIDE/plugins/com.st.stm32cube.ide.mcu.externaltools.gnu-tools-for-stm32.12.3.rel1.win32_1.1.0.202410251130/tools/bin/../lib/gcc/arm-none-eabi/12.3.1/../../../../arm-none-eabi/lib/thumb/v7-m/nofp\libc_nano.a(libc_a-strchr.o)
 .ARM.attributes
                0x000004d0       0x2d C:/ST/STM32CubeIDE_1.16.0/STM32CubeIDE/plugins/com.st.stm32cube.ide.mcu.externaltools.gnu-tools-for-stm32.12.3.rel1.win32_1.1.0.202410251130/tools/bin/../lib/gcc/arm-none-eabi/12.3.1/../../../../arm-none-eabi/lib/thumb/v7-m/nofp\libc_nano.a(libc_a-strstr.o)
 .ARM.attributes
                0x000004fd       0x2d C:/ST/STM32CubeIDE_1.16.0/STM32CubeIDE/plugins/com.st.stm32cube.ide.mcu.externaltools.gnu-tools-for-stm32.12.3.rel1.win32_1.1.0.202410251130/tools/bin/../lib/gcc/arm-none-eabi/12.3.1/../../../../arm-none-eabi/lib/thumb/v7-m/nofp\libc_nano.a(libc_a-reent.o)
 .ARM.attributes
                0x0000052a       0x2d C:/ST/STM32CubeIDE_1.16.0/STM32CubeIDE/plugins/com.st.stm32cube.ide.mcu.externaltools.gnu-tools-for-stm32.12.3.rel1.win32_1.1.0.202410251130/tools/bin/../lib/gcc/arm-none-eabi/12.3.1/../../../../arm-none-eabi/lib/thumb/v7-m/nofp\libc_nano.a(libc_a-impure.o)
 .ARM.attributes
                0x00000557       0x2d C:/ST/STM32CubeIDE_1.16.0/STM32CubeIDE/plugins/com.st.stm32cube.ide.mcu.externaltools.gnu-tools-for-stm32.12.3.rel1.win32_1.1.0.202410251130/tools/bin/../lib/gcc/arm-none-eabi/12.3.1/../../../../arm-none-eabi/lib/thumb/v7-m/nofp\libc_nano.a(libc_a-errno.o)
 .ARM.attributes
                0x00000584       0x2d C:/ST/STM32CubeIDE_1.16.0/STM32CubeIDE/plugins/com.st.stm32cube.ide.mcu.externaltools.gnu-tools-for-stm32.12.3.rel1.win32_1.1.0.202410251130/tools/bin/../lib/gcc/arm-none-eabi/12.3.1/../../../../arm-none-eabi/lib/thumb/v7-m/nofp\libc_nano.a(libc_a-init.o)
 .ARM.attributes
                0x000005b1       0x2d C:/ST/STM32CubeIDE_1.16.0/STM32CubeIDE/plugins/com.st.stm32cube.ide.mcu.externaltools.gnu-tools-for-stm32.12.3.rel1.win32_1.1.0.202410251130/tools/bin/../lib/gcc/arm-none-eabi/12.3.1/../../../../arm-none-eabi/lib/thumb/v7-m/nofp\libc_nano.a(libc_a-lock.o)
 .ARM.attributes
                0x000005de       0x2d C:/ST/STM32CubeIDE_1.16.0/STM32CubeIDE/plugins/com.st.stm32cube.ide.mcu.externaltools.gnu-tools-for-stm32.12.3.rel1.win32_1.1.0.202410251130/tools/bin/../lib/gcc/arm-none-eabi/12.3.1/../../../../arm-none-eabi/lib/thumb/v7-m/nofp\libc_nano.a(libc_a-memcpy-stub.o)
 .ARM.attributes
                0x0000060b       0x17 C:/ST/STM32CubeIDE_1.16.0/STM32CubeIDE/plugins/com.st.stm32cube.ide.mcu.externaltools.gnu-tools-for-stm32.12.3.rel1.win32_1.1.0.202410251130/tools/bin/../lib/gcc/arm-none-eabi/12.3.1/../../../../arm-none-eabi/lib/thumb/v7-m/nofp\libc_nano.a(libc_a-strlen.o)
 .ARM.attributes
                0x00000622       0x2d C:/ST/STM32CubeIDE_1.16.0/STM32CubeIDE/plugins/com.st.stm32cube.ide.mcu.externaltools.gnu-tools-for-stm32.12.3.rel1.win32_1.1.0.202410251130/tools/bin/../lib/gcc/arm-none-eabi/12.3.1/../../../../arm-none-eabi/lib/thumb/v7-m/nofp\libc_nano.a(libc_a-freer.o)
 .ARM.attributes
                0x0000064f       0x2d C:/ST/STM32CubeIDE_1.16.0/STM32CubeIDE/plugins/com.st.stm32cube.ide.mcu.externaltools.gnu-tools-for-stm32.12.3.rel1.win32_1.1.0.202410251130/tools/bin/../lib/gcc/arm-none-eabi/12.3.1/../../../../arm-none-eabi/lib/thumb/v7-m/nofp\libc_nano.a(libc_a-mallocr.o)
 .ARM.attributes
                0x0000067c       0x2d C:/ST/STM32CubeIDE_1.16.0/STM32CubeIDE/plugins/com.st.stm32cube.ide.mcu.externaltools.gnu-tools-for-stm32.12.3.rel1.win32_1.1.0.202410251130/tools/bin/../lib/gcc/arm-none-eabi/12.3.1/../../../../arm-none-eabi/lib/thumb/v7-m/nofp\libc_nano.a(libc_a-mlock.o)
 .ARM.attributes
                0x000006a9       0x2d C:/ST/STM32CubeIDE_1.16.0/STM32CubeIDE/plugins/com.st.stm32cube.ide.mcu.externaltools.gnu-tools-for-stm32.12.3.rel1.win32_1.1.0.202410251130/tools/bin/../lib/gcc/arm-none-eabi/12.3.1/../../../../arm-none-eabi/lib/thumb/v7-m/nofp\libc_nano.a(libc_a-nano-svfprintf.o)
 .ARM.attributes
                0x000006d6       0x2d C:/ST/STM32CubeIDE_1.16.0/STM32CubeIDE/plugins/com.st.stm32cube.ide.mcu.externaltools.gnu-tools-for-stm32.12.3.rel1.win32_1.1.0.202410251130/tools/bin/../lib/gcc/arm-none-eabi/12.3.1/../../../../arm-none-eabi/lib/thumb/v7-m/nofp\libc_nano.a(libc_a-nano-svfscanf.o)
 .ARM.attributes
                0x00000703       0x2d C:/ST/STM32CubeIDE_1.16.0/STM32CubeIDE/plugins/com.st.stm32cube.ide.mcu.externaltools.gnu-tools-for-stm32.12.3.rel1.win32_1.1.0.202410251130/tools/bin/../lib/gcc/arm-none-eabi/12.3.1/../../../../arm-none-eabi/lib/thumb/v7-m/nofp\libc_nano.a(libc_a-nano-vfprintf_i.o)
 .ARM.attributes
                0x00000730       0x2d C:/ST/STM32CubeIDE_1.16.0/STM32CubeIDE/plugins/com.st.stm32cube.ide.mcu.externaltools.gnu-tools-for-stm32.12.3.rel1.win32_1.1.0.202410251130/tools/bin/../lib/gcc/arm-none-eabi/12.3.1/../../../../arm-none-eabi/lib/thumb/v7-m/nofp\libc_nano.a(libc_a-nano-vfscanf_i.o)
 .ARM.attributes
                0x0000075d       0x2d C:/ST/STM32CubeIDE_1.16.0/STM32CubeIDE/plugins/com.st.stm32cube.ide.mcu.externaltools.gnu-tools-for-stm32.12.3.rel1.win32_1.1.0.202410251130/tools/bin/../lib/gcc/arm-none-eabi/12.3.1/../../../../arm-none-eabi/lib/thumb/v7-m/nofp\libc_nano.a(libc_a-sccl.o)
 .ARM.attributes
                0x0000078a       0x2d C:/ST/STM32CubeIDE_1.16.0/STM32CubeIDE/plugins/com.st.stm32cube.ide.mcu.externaltools.gnu-tools-for-stm32.12.3.rel1.win32_1.1.0.202410251130/tools/bin/../lib/gcc/arm-none-eabi/12.3.1/../../../../arm-none-eabi/lib/thumb/v7-m/nofp\libc_nano.a(libc_a-ungetc.o)
 .ARM.attributes
                0x000007b7       0x2d C:/ST/STM32CubeIDE_1.16.0/STM32CubeIDE/plugins/com.st.stm32cube.ide.mcu.externaltools.gnu-tools-for-stm32.12.3.rel1.win32_1.1.0.202410251130/tools/bin/../lib/gcc/arm-none-eabi/12.3.1/../../../../arm-none-eabi/lib/thumb/v7-m/nofp\libc_nano.a(libc_a-memmove.o)
 .ARM.attributes
                0x000007e4       0x2d C:/ST/STM32CubeIDE_1.16.0/STM32CubeIDE/plugins/com.st.stm32cube.ide.mcu.externaltools.gnu-tools-for-stm32.12.3.rel1.win32_1.1.0.202410251130/tools/bin/../lib/gcc/arm-none-eabi/12.3.1/../../../../arm-none-eabi/lib/thumb/v7-m/nofp\libc_nano.a(libc_a-sbrkr.o)
 .ARM.attributes
                0x00000811       0x2d C:/ST/STM32CubeIDE_1.16.0/STM32CubeIDE/plugins/com.st.stm32cube.ide.mcu.externaltools.gnu-tools-for-stm32.12.3.rel1.win32_1.1.0.202410251130/tools/bin/../lib/gcc/arm-none-eabi/12.3.1/../../../../arm-none-eabi/lib/thumb/v7-m/nofp\libc_nano.a(libc_a-memchr-stub.o)
 .ARM.attributes
                0x0000083e       0x2d C:/ST/STM32CubeIDE_1.16.0/STM32CubeIDE/plugins/com.st.stm32cube.ide.mcu.externaltools.gnu-tools-for-stm32.12.3.rel1.win32_1.1.0.202410251130/tools/bin/../lib/gcc/arm-none-eabi/12.3.1/../../../../arm-none-eabi/lib/thumb/v7-m/nofp\libc_nano.a(libc_a-reallocr.o)
 .ARM.attributes
                0x0000086b       0x2d C:/ST/STM32CubeIDE_1.16.0/STM32CubeIDE/plugins/com.st.stm32cube.ide.mcu.externaltools.gnu-tools-for-stm32.12.3.rel1.win32_1.1.0.202410251130/tools/bin/../lib/gcc/arm-none-eabi/12.3.1/../../../../arm-none-eabi/lib/thumb/v7-m/nofp\libc_nano.a(libc_a-strtol.o)
 .ARM.attributes
                0x00000898       0x2d C:/ST/STM32CubeIDE_1.16.0/STM32CubeIDE/plugins/com.st.stm32cube.ide.mcu.externaltools.gnu-tools-for-stm32.12.3.rel1.win32_1.1.0.202410251130/tools/bin/../lib/gcc/arm-none-eabi/12.3.1/../../../../arm-none-eabi/lib/thumb/v7-m/nofp\libc_nano.a(libc_a-strtoul.o)
 .ARM.attributes
                0x000008c5       0x2d C:/ST/STM32CubeIDE_1.16.0/STM32CubeIDE/plugins/com.st.stm32cube.ide.mcu.externaltools.gnu-tools-for-stm32.12.3.rel1.win32_1.1.0.202410251130/tools/bin/../lib/gcc/arm-none-eabi/12.3.1/../../../../arm-none-eabi/lib/thumb/v7-m/nofp\libc_nano.a(libc_a-ctype_.o)
 .ARM.attributes
                0x000008f2       0x2d C:/ST/STM32CubeIDE_1.16.0/STM32CubeIDE/plugins/com.st.stm32cube.ide.mcu.externaltools.gnu-tools-for-stm32.12.3.rel1.win32_1.1.0.202410251130/tools/bin/../lib/gcc/arm-none-eabi/12.3.1/../../../../arm-none-eabi/lib/thumb/v7-m/nofp\libc_nano.a(libc_a-msizer.o)
 .ARM.attributes
                0x0000091f       0x1d C:/ST/STM32CubeIDE_1.16.0/STM32CubeIDE/plugins/com.st.stm32cube.ide.mcu.externaltools.gnu-tools-for-stm32.12.3.rel1.win32_1.1.0.202410251130/tools/bin/../lib/gcc/arm-none-eabi/12.3.1/thumb/v7-m/nofp\libgcc.a(_arm_addsubdf3.o)
 .ARM.attributes
                0x0000093c       0x1d C:/ST/STM32CubeIDE_1.16.0/STM32CubeIDE/plugins/com.st.stm32cube.ide.mcu.externaltools.gnu-tools-for-stm32.12.3.rel1.win32_1.1.0.202410251130/tools/bin/../lib/gcc/arm-none-eabi/12.3.1/thumb/v7-m/nofp\libgcc.a(_arm_muldivdf3.o)
 .ARM.attributes
                0x00000959       0x1d C:/ST/STM32CubeIDE_1.16.0/STM32CubeIDE/plugins/com.st.stm32cube.ide.mcu.externaltools.gnu-tools-for-stm32.12.3.rel1.win32_1.1.0.202410251130/tools/bin/../lib/gcc/arm-none-eabi/12.3.1/thumb/v7-m/nofp\libgcc.a(_arm_truncdfsf2.o)
 .ARM.attributes
                0x00000976       0x1d C:/ST/STM32CubeIDE_1.16.0/STM32CubeIDE/plugins/com.st.stm32cube.ide.mcu.externaltools.gnu-tools-for-stm32.12.3.rel1.win32_1.1.0.202410251130/tools/bin/../lib/gcc/arm-none-eabi/12.3.1/thumb/v7-m/nofp\libgcc.a(_arm_fixsfsi.o)
 .ARM.attributes
                0x00000993       0x1d C:/ST/STM32CubeIDE_1.16.0/STM32CubeIDE/plugins/com.st.stm32cube.ide.mcu.externaltools.gnu-tools-for-stm32.12.3.rel1.win32_1.1.0.202410251130/tools/bin/../lib/gcc/arm-none-eabi/12.3.1/thumb/v7-m/nofp\libgcc.a(_aeabi_uldivmod.o)
 .ARM.attributes
                0x000009b0       0x2d C:/ST/STM32CubeIDE_1.16.0/STM32CubeIDE/plugins/com.st.stm32cube.ide.mcu.externaltools.gnu-tools-for-stm32.12.3.rel1.win32_1.1.0.202410251130/tools/bin/../lib/gcc/arm-none-eabi/12.3.1/thumb/v7-m/nofp\libgcc.a(_udivmoddi4.o)
 .ARM.attributes
                0x000009dd       0x1d C:/ST/STM32CubeIDE_1.16.0/STM32CubeIDE/plugins/com.st.stm32cube.ide.mcu.externaltools.gnu-tools-for-stm32.12.3.rel1.win32_1.1.0.202410251130/tools/bin/../lib/gcc/arm-none-eabi/12.3.1/thumb/v7-m/nofp\libgcc.a(_dvmd_tls.o)
 .ARM.attributes
                0x000009fa       0x1d C:/ST/STM32CubeIDE_1.16.0/STM32CubeIDE/plugins/com.st.stm32cube.ide.mcu.externaltools.gnu-tools-for-stm32.12.3.rel1.win32_1.1.0.202410251130/tools/bin/../lib/gcc/arm-none-eabi/12.3.1/thumb/v7-m/nofp/crtn.o
OUTPUT(Station.elf elf32-littlearm)
LOAD linker stubs
LOAD C:/ST/STM32CubeIDE_1.16.0/STM32CubeIDE/plugins/com.st.stm32cube.ide.mcu.externaltools.gnu-tools-for-stm32.12.3.rel1.win32_1.1.0.202410251130/tools/bin/../lib/gcc/arm-none-eabi/12.3.1/../../../../arm-none-eabi/lib/thumb/v7-m/nofp\libc.a
LOAD C:/ST/STM32CubeIDE_1.16.0/STM32CubeIDE/plugins/com.st.stm32cube.ide.mcu.externaltools.gnu-tools-for-stm32.12.3.rel1.win32_1.1.0.202410251130/tools/bin/../lib/gcc/arm-none-eabi/12.3.1/../../../../arm-none-eabi/lib/thumb/v7-m/nofp\libm.a
LOAD C:/ST/STM32CubeIDE_1.16.0/STM32CubeIDE/plugins/com.st.stm32cube.ide.mcu.externaltools.gnu-tools-for-stm32.12.3.rel1.win32_1.1.0.202410251130/tools/bin/../lib/gcc/arm-none-eabi/12.3.1/thumb/v7-m/nofp\libgcc.a

.debug_info     0x00000000     0xde4c
 .debug_info    0x00000000      0x93d ./Core/Src/SX1278.o
 .debug_info    0x0000093d      0x876 ./Core/Src/SX1278_hw.o
 .debug_info    0x000011b3      0xc93 ./Core/Src/esp01s.o
 .debug_info    0x00001e46      0x44e ./Core/Src/gpio.o
 .debug_info    0x00002294      0x7e3 ./Core/Src/i2c.o
 .debug_info    0x00002a77     0x1642 ./Core/Src/main.o
 .debug_info    0x000040b9      0x7bc ./Core/Src/spi.o
 .debug_info    0x00004875      0x1f1 ./Core/Src/stm32f1xx_hal_msp.o
 .debug_info    0x00004a66      0x14b ./Core/Src/stm32f1xx_it.o
 .debug_info    0x00004bb1      0x168 ./Core/Src/sysmem.o
 .debug_info    0x00004d19      0x222 ./Core/Src/system_stm32f1xx.o
 .debug_info    0x00004f3b      0x798 ./Core/Src/usart.o
 .debug_info    0x000056d3       0x30 ./Core/Startup/startup_stm32f103c8tx.o
 .debug_info    0x00005703      0x704 ./Drivers/STM32F1xx_HAL_Driver/stm32f1xx_hal.o
 .debug_info    0x00005e07      0xa87 ./Drivers/STM32F1xx_HAL_Driver/stm32f1xx_hal_cortex.o
 .debug_info    0x0000688e      0x5ab ./Drivers/STM32F1xx_HAL_Driver/stm32f1xx_hal_gpio.o
 .debug_info    0x00006e39     0x2524 ./Drivers/STM32F1xx_HAL_Driver/stm32f1xx_hal_i2c.o
 .debug_info    0x0000935d      0x7d5 ./Drivers/STM32F1xx_HAL_Driver/stm32f1xx_hal_rcc.o
 .debug_info    0x00009b32     0x142d ./Drivers/STM32F1xx_HAL_Driver/stm32f1xx_hal_spi.o
 .debug_info    0x0000af5f     0x2eed ./Drivers/STM32F1xx_HAL_Driver/stm32f1xx_hal_uart.o

.debug_abbrev   0x00000000     0x2626
 .debug_abbrev  0x00000000      0x200 ./Core/Src/SX1278.o
 .debug_abbrev  0x00000200      0x1f9 ./Core/Src/SX1278_hw.o
 .debug_abbrev  0x000003f9      0x2be ./Core/Src/esp01s.o
 .debug_abbrev  0x000006b7      0x161 ./Core/Src/gpio.o
 .debug_abbrev  0x00000818      0x1de ./Core/Src/i2c.o
 .debug_abbrev  0x000009f6      0x33e ./Core/Src/main.o
 .debug_abbrev  0x00000d34      0x1e7 ./Core/Src/spi.o
 .debug_abbrev  0x00000f1b       0xdb ./Core/Src/stm32f1xx_hal_msp.o
 .debug_abbrev  0x00000ff6       0xa0 ./Core/Src/stm32f1xx_it.o
 .debug_abbrev  0x00001096       0xbc ./Core/Src/sysmem.o
 .debug_abbrev  0x00001152      0x13f ./Core/Src/system_stm32f1xx.o
 .debug_abbrev  0x00001291      0x1e6 ./Core/Src/usart.o
 .debug_abbrev  0x00001477       0x24 ./Core/Startup/startup_stm32f103c8tx.o
 .debug_abbrev  0x0000149b      0x201 ./Drivers/STM32F1xx_HAL_Driver/stm32f1xx_hal.o
 .debug_abbrev  0x0000169c      0x2f8 ./Drivers/STM32F1xx_HAL_Driver/stm32f1xx_hal_cortex.o
 .debug_abbrev  0x00001994      0x1ca ./Drivers/STM32F1xx_HAL_Driver/stm32f1xx_hal_gpio.o
 .debug_abbrev  0x00001b5e      0x2a3 ./Drivers/STM32F1xx_HAL_Driver/stm32f1xx_hal_i2c.o
 .debug_abbrev  0x00001e01      0x2b3 ./Drivers/STM32F1xx_HAL_Driver/stm32f1xx_hal_rcc.o
 .debug_abbrev  0x000020b4      0x27a ./Drivers/STM32F1xx_HAL_Driver/stm32f1xx_hal_spi.o
 .debug_abbrev  0x0000232e      0x2f8 ./Drivers/STM32F1xx_HAL_Driver/stm32f1xx_hal_uart.o

.debug_aranges  0x00000000      0xcf0
 .debug_aranges
                0x00000000       0xb8 ./Core/Src/SX1278.o
 .debug_aranges
                0x000000b8       0x50 ./Core/Src/SX1278_hw.o
 .debug_aranges
                0x00000108       0xa0 ./Core/Src/esp01s.o
 .debug_aranges
                0x000001a8       0x20 ./Core/Src/gpio.o
 .debug_aranges
                0x000001c8       0x30 ./Core/Src/i2c.o
 .debug_aranges
                0x000001f8       0x58 ./Core/Src/main.o
 .debug_aranges
                0x00000250       0x30 ./Core/Src/spi.o
 .debug_aranges
                0x00000280       0x20 ./Core/Src/stm32f1xx_hal_msp.o
 .debug_aranges
                0x000002a0       0x68 ./Core/Src/stm32f1xx_it.o
 .debug_aranges
                0x00000308       0x20 ./Core/Src/sysmem.o
 .debug_aranges
                0x00000328       0x28 ./Core/Src/system_stm32f1xx.o
 .debug_aranges
                0x00000350       0x30 ./Core/Src/usart.o
 .debug_aranges
                0x00000380       0x28 ./Core/Startup/startup_stm32f103c8tx.o
 .debug_aranges
                0x000003a8       0xe0 ./Drivers/STM32F1xx_HAL_Driver/stm32f1xx_hal.o
 .debug_aranges
                0x00000488      0x100 ./Drivers/STM32F1xx_HAL_Driver/stm32f1xx_hal_cortex.o
 .debug_aranges
                0x00000588       0x58 ./Drivers/STM32F1xx_HAL_Driver/stm32f1xx_hal_gpio.o
 .debug_aranges
                0x000005e0      0x2a8 ./Drivers/STM32F1xx_HAL_Driver/stm32f1xx_hal_i2c.o
 .debug_aranges
                0x00000888       0x90 ./Drivers/STM32F1xx_HAL_Driver/stm32f1xx_hal_rcc.o
 .debug_aranges
                0x00000918      0x1d0 ./Drivers/STM32F1xx_HAL_Driver/stm32f1xx_hal_spi.o
 .debug_aranges
                0x00000ae8      0x208 ./Drivers/STM32F1xx_HAL_Driver/stm32f1xx_hal_uart.o

.debug_rnglists
                0x00000000      0x9fa
 .debug_rnglists
                0x00000000       0x89 ./Core/Src/SX1278.o
 .debug_rnglists
                0x00000089       0x37 ./Core/Src/SX1278_hw.o
 .debug_rnglists
                0x000000c0       0x76 ./Core/Src/esp01s.o
 .debug_rnglists
                0x00000136       0x14 ./Core/Src/gpio.o
 .debug_rnglists
                0x0000014a       0x1f ./Core/Src/i2c.o
 .debug_rnglists
                0x00000169       0x40 ./Core/Src/main.o
 .debug_rnglists
                0x000001a9       0x20 ./Core/Src/spi.o
 .debug_rnglists
                0x000001c9       0x13 ./Core/Src/stm32f1xx_hal_msp.o
 .debug_rnglists
                0x000001dc       0x49 ./Core/Src/stm32f1xx_it.o
 .debug_rnglists
                0x00000225       0x13 ./Core/Src/sysmem.o
 .debug_rnglists
                0x00000238       0x1a ./Core/Src/system_stm32f1xx.o
 .debug_rnglists
                0x00000252       0x20 ./Core/Src/usart.o
 .debug_rnglists
                0x00000272       0x19 ./Core/Startup/startup_stm32f103c8tx.o
 .debug_rnglists
                0x0000028b       0xa3 ./Drivers/STM32F1xx_HAL_Driver/stm32f1xx_hal.o
 .debug_rnglists
                0x0000032e       0xbb ./Drivers/STM32F1xx_HAL_Driver/stm32f1xx_hal_cortex.o
 .debug_rnglists
                0x000003e9       0x3f ./Drivers/STM32F1xx_HAL_Driver/stm32f1xx_hal_gpio.o
 .debug_rnglists
                0x00000428      0x23c ./Drivers/STM32F1xx_HAL_Driver/stm32f1xx_hal_i2c.o
 .debug_rnglists
                0x00000664       0x6c ./Drivers/STM32F1xx_HAL_Driver/stm32f1xx_hal_rcc.o
 .debug_rnglists
                0x000006d0      0x16e ./Drivers/STM32F1xx_HAL_Driver/stm32f1xx_hal_spi.o
 .debug_rnglists
                0x0000083e      0x1bc ./Drivers/STM32F1xx_HAL_Driver/stm32f1xx_hal_uart.o

.debug_macro    0x00000000    0x188c9
 .debug_macro   0x00000000      0x158 ./Core/Src/SX1278.o
 .debug_macro   0x00000158      0xaa8 ./Core/Src/SX1278.o
 .debug_macro   0x00000c00       0x22 ./Core/Src/SX1278.o
 .debug_macro   0x00000c22       0x8e ./Core/Src/SX1278.o
 .debug_macro   0x00000cb0       0x51 ./Core/Src/SX1278.o
 .debug_macro   0x00000d01      0x103 ./Core/Src/SX1278.o
 .debug_macro   0x00000e04       0x6a ./Core/Src/SX1278.o
 .debug_macro   0x00000e6e      0x1df ./Core/Src/SX1278.o
 .debug_macro   0x0000104d       0x22 ./Core/Src/SX1278.o
 .debug_macro   0x0000106f      0x38a ./Core/Src/SX1278.o
 .debug_macro   0x000013f9       0x61 ./Core/Src/SX1278.o
 .debug_macro   0x0000145a       0x24 ./Core/Src/SX1278.o
 .debug_macro   0x0000147e       0x43 ./Core/Src/SX1278.o
 .debug_macro   0x000014c1       0x34 ./Core/Src/SX1278.o
 .debug_macro   0x000014f5      0x189 ./Core/Src/SX1278.o
 .debug_macro   0x0000167e       0x16 ./Core/Src/SX1278.o
 .debug_macro   0x00001694       0x43 ./Core/Src/SX1278.o
 .debug_macro   0x000016d7       0x34 ./Core/Src/SX1278.o
 .debug_macro   0x0000170b       0x10 ./Core/Src/SX1278.o
 .debug_macro   0x0000171b       0x58 ./Core/Src/SX1278.o
 .debug_macro   0x00001773       0x8e ./Core/Src/SX1278.o
 .debug_macro   0x00001801       0x1c ./Core/Src/SX1278.o
 .debug_macro   0x0000181d      0x177 ./Core/Src/SX1278.o
 .debug_macro   0x00001994      0x369 ./Core/Src/SX1278.o
 .debug_macro   0x00001cfd       0x10 ./Core/Src/SX1278.o
 .debug_macro   0x00001d0d       0x35 ./Core/Src/SX1278.o
 .debug_macro   0x00001d42       0x20 ./Core/Src/SX1278.o
 .debug_macro   0x00001d62      0x29d ./Core/Src/SX1278_hw.o
 .debug_macro   0x00001fff      0x221 ./Core/Src/SX1278_hw.o
 .debug_macro   0x00002220       0x2e ./Core/Src/SX1278_hw.o
 .debug_macro   0x0000224e       0x22 ./Core/Src/SX1278_hw.o
 .debug_macro   0x00002270       0x1c ./Core/Src/SX1278_hw.o
 .debug_macro   0x0000228c       0x22 ./Core/Src/SX1278_hw.o
 .debug_macro   0x000022ae       0xbd ./Core/Src/SX1278_hw.o
 .debug_macro   0x0000236b      0xd23 ./Core/Src/SX1278_hw.o
 .debug_macro   0x0000308e     0xe09e ./Core/Src/SX1278_hw.o
 .debug_macro   0x0001112c       0x6d ./Core/Src/SX1278_hw.o
 .debug_macro   0x00011199     0x34a2 ./Core/Src/SX1278_hw.o
 .debug_macro   0x0001463b       0x56 ./Core/Src/SX1278_hw.o
 .debug_macro   0x00014691      0x5bc ./Core/Src/SX1278_hw.o
 .debug_macro   0x00014c4d      0x289 ./Core/Src/SX1278_hw.o
 .debug_macro   0x00014ed6      0x1cb ./Core/Src/SX1278_hw.o
 .debug_macro   0x000150a1      0x114 ./Core/Src/SX1278_hw.o
 .debug_macro   0x000151b5      0x1b2 ./Core/Src/SX1278_hw.o
 .debug_macro   0x00015367       0x27 ./Core/Src/SX1278_hw.o
 .debug_macro   0x0001538e      0x136 ./Core/Src/SX1278_hw.o
 .debug_macro   0x000154c4      0x1bc ./Core/Src/SX1278_hw.o
 .debug_macro   0x00015680       0x34 ./Core/Src/SX1278_hw.o
 .debug_macro   0x000156b4       0x3c ./Core/Src/SX1278_hw.o
 .debug_macro   0x000156f0       0x57 ./Core/Src/SX1278_hw.o
 .debug_macro   0x00015747       0x87 ./Core/Src/SX1278_hw.o
 .debug_macro   0x000157ce      0x240 ./Core/Src/SX1278_hw.o
 .debug_macro   0x00015a0e      0x287 ./Core/Src/SX1278_hw.o
 .debug_macro   0x00015c95      0x140 ./Core/Src/SX1278_hw.o
 .debug_macro   0x00015dd5      0x217 ./Core/Src/SX1278_hw.o
 .debug_macro   0x00015fec      0x28e ./Core/Src/SX1278_hw.o
 .debug_macro   0x0001627a       0x83 ./Core/Src/SX1278_hw.o
 .debug_macro   0x000162fd       0x6a ./Core/Src/SX1278_hw.o
 .debug_macro   0x00016367      0x2da ./Core/Src/esp01s.o
 .debug_macro   0x00016641       0x5c ./Core/Src/esp01s.o
 .debug_macro   0x0001669d      0x13c ./Core/Src/esp01s.o
 .debug_macro   0x000167d9       0x16 ./Core/Src/esp01s.o
 .debug_macro   0x000167ef       0x10 ./Core/Src/esp01s.o
 .debug_macro   0x000167ff       0x16 ./Core/Src/esp01s.o
 .debug_macro   0x00016815       0x16 ./Core/Src/esp01s.o
 .debug_macro   0x0001682b      0x146 ./Core/Src/esp01s.o
 .debug_macro   0x00016971       0x16 ./Core/Src/esp01s.o
 .debug_macro   0x00016987      0x1bb ./Core/Src/gpio.o
 .debug_macro   0x00016b42      0x1bb ./Core/Src/i2c.o
 .debug_macro   0x00016cfd      0x352 ./Core/Src/main.o
 .debug_macro   0x0001704f       0x16 ./Core/Src/main.o
 .debug_macro   0x00017065       0x16 ./Core/Src/main.o
 .debug_macro   0x0001707b       0x29 ./Core/Src/main.o
 .debug_macro   0x000170a4      0x1bb ./Core/Src/spi.o
 .debug_macro   0x0001725f      0x1b1 ./Core/Src/stm32f1xx_hal_msp.o
 .debug_macro   0x00017410      0x1bb ./Core/Src/stm32f1xx_it.o
 .debug_macro   0x000175cb       0xff ./Core/Src/sysmem.o
 .debug_macro   0x000176ca      0x23c ./Core/Src/sysmem.o
 .debug_macro   0x00017906      0x1a2 ./Core/Src/system_stm32f1xx.o
 .debug_macro   0x00017aa8      0x1bb ./Core/Src/usart.o
 .debug_macro   0x00017c63      0x1c6 ./Drivers/STM32F1xx_HAL_Driver/stm32f1xx_hal.o
 .debug_macro   0x00017e29      0x1a2 ./Drivers/STM32F1xx_HAL_Driver/stm32f1xx_hal_cortex.o
 .debug_macro   0x00017fcb      0x20d ./Drivers/STM32F1xx_HAL_Driver/stm32f1xx_hal_gpio.o
 .debug_macro   0x000181d8      0x1f0 ./Drivers/STM32F1xx_HAL_Driver/stm32f1xx_hal_i2c.o
 .debug_macro   0x000183c8      0x1b4 ./Drivers/STM32F1xx_HAL_Driver/stm32f1xx_hal_rcc.o
 .debug_macro   0x0001857c      0x1aa ./Drivers/STM32F1xx_HAL_Driver/stm32f1xx_hal_spi.o
 .debug_macro   0x00018726      0x1a3 ./Drivers/STM32F1xx_HAL_Driver/stm32f1xx_hal_uart.o

.debug_line     0x00000000    0x12276
 .debug_line    0x00000000      0x991 ./Core/Src/SX1278.o
 .debug_line    0x00000991      0xa4c ./Core/Src/SX1278_hw.o
 .debug_line    0x000013dd      0xc6b ./Core/Src/esp01s.o
 .debug_line    0x00002048      0x811 ./Core/Src/gpio.o
 .debug_line    0x00002859      0x83f ./Core/Src/i2c.o
 .debug_line    0x00003098      0xc14 ./Core/Src/main.o
 .debug_line    0x00003cac      0x851 ./Core/Src/spi.o
 .debug_line    0x000044fd      0x7da ./Core/Src/stm32f1xx_hal_msp.o
 .debug_line    0x00004cd7      0x8b4 ./Core/Src/stm32f1xx_it.o
 .debug_line    0x0000558b      0x579 ./Core/Src/sysmem.o
 .debug_line    0x00005b04      0x858 ./Core/Src/system_stm32f1xx.o
 .debug_line    0x0000635c      0x849 ./Core/Src/usart.o
 .debug_line    0x00006ba5       0x78 ./Core/Startup/startup_stm32f103c8tx.o
 .debug_line    0x00006c1d      0xabd ./Drivers/STM32F1xx_HAL_Driver/stm32f1xx_hal.o
 .debug_line    0x000076da      0xca9 ./Drivers/STM32F1xx_HAL_Driver/stm32f1xx_hal_cortex.o
 .debug_line    0x00008383      0xb56 ./Drivers/STM32F1xx_HAL_Driver/stm32f1xx_hal_gpio.o
 .debug_line    0x00008ed9     0x3d5a ./Drivers/STM32F1xx_HAL_Driver/stm32f1xx_hal_i2c.o
 .debug_line    0x0000cc33      0xec6 ./Drivers/STM32F1xx_HAL_Driver/stm32f1xx_hal_rcc.o
 .debug_line    0x0000daf9     0x1de1 ./Drivers/STM32F1xx_HAL_Driver/stm32f1xx_hal_spi.o
 .debug_line    0x0000f8da     0x299c ./Drivers/STM32F1xx_HAL_Driver/stm32f1xx_hal_uart.o

.debug_str      0x00000000    0x87cd7
 .debug_str     0x00000000     0x7e68 ./Core/Src/SX1278.o
                               0x80b6 (size before relaxing)
 .debug_str     0x00007e68    0x7bab3 ./Core/Src/SX1278_hw.o
                              0x82ed8 (size before relaxing)
 .debug_str     0x0008391b      0xee3 ./Core/Src/esp01s.o
                              0x83b52 (size before relaxing)
 .debug_str     0x000847fe      0x320 ./Core/Src/gpio.o
                              0x7fbfc (size before relaxing)
 .debug_str     0x00084b1e      0x2a7 ./Core/Src/i2c.o
                              0x7fdaf (size before relaxing)
 .debug_str     0x00084dc5      0x49d ./Core/Src/main.o
                              0x84fa6 (size before relaxing)
 .debug_str     0x00085262       0x4b ./Core/Src/spi.o
                              0x7fd06 (size before relaxing)
 .debug_str     0x000852ad       0x5a ./Core/Src/stm32f1xx_hal_msp.o
                              0x7f87d (size before relaxing)
 .debug_str     0x00085307       0xf3 ./Core/Src/stm32f1xx_it.o
                              0x7f8d0 (size before relaxing)
 .debug_str     0x000853fa      0x4dc ./Core/Src/sysmem.o
                               0x6093 (size before relaxing)
 .debug_str     0x000858d6       0x7e ./Core/Src/system_stm32f1xx.o
                              0x7f719 (size before relaxing)
 .debug_str     0x00085954       0x51 ./Core/Src/usart.o
                              0x7fd3d (size before relaxing)
 .debug_str     0x000859a5       0x44 ./Core/Startup/startup_stm32f103c8tx.o
                                 0x9e (size before relaxing)
 .debug_str     0x000859e9      0x3a6 ./Drivers/STM32F1xx_HAL_Driver/stm32f1xx_hal.o
                              0x7fe84 (size before relaxing)
 .debug_str     0x00085d8f      0x2e0 ./Drivers/STM32F1xx_HAL_Driver/stm32f1xx_hal_cortex.o
                              0x7fdd0 (size before relaxing)
 .debug_str     0x0008606f      0x2ef ./Drivers/STM32F1xx_HAL_Driver/stm32f1xx_hal_gpio.o
                              0x7fad7 (size before relaxing)
 .debug_str     0x0008635e      0xbd7 ./Drivers/STM32F1xx_HAL_Driver/stm32f1xx_hal_i2c.o
                              0x80818 (size before relaxing)
 .debug_str     0x00086f35      0x241 ./Drivers/STM32F1xx_HAL_Driver/stm32f1xx_hal_rcc.o
                              0x7fb80 (size before relaxing)
 .debug_str     0x00087176      0x532 ./Drivers/STM32F1xx_HAL_Driver/stm32f1xx_hal_spi.o
                              0x80077 (size before relaxing)
 .debug_str     0x000876a8      0x62f ./Drivers/STM32F1xx_HAL_Driver/stm32f1xx_hal_uart.o
                              0x801f1 (size before relaxing)

.comment        0x00000000       0x43
 .comment       0x00000000       0x43 ./Core/Src/SX1278.o
                                 0x44 (size before relaxing)
 .comment       0x00000043       0x44 ./Core/Src/SX1278_hw.o
 .comment       0x00000043       0x44 ./Core/Src/esp01s.o
 .comment       0x00000043       0x44 ./Core/Src/gpio.o
 .comment       0x00000043       0x44 ./Core/Src/i2c.o
 .comment       0x00000043       0x44 ./Core/Src/main.o
 .comment       0x00000043       0x44 ./Core/Src/spi.o
 .comment       0x00000043       0x44 ./Core/Src/stm32f1xx_hal_msp.o
 .comment       0x00000043       0x44 ./Core/Src/stm32f1xx_it.o
 .comment       0x00000043       0x44 ./Core/Src/sysmem.o
 .comment       0x00000043       0x44 ./Core/Src/system_stm32f1xx.o
 .comment       0x00000043       0x44 ./Core/Src/usart.o
 .comment       0x00000043       0x44 ./Drivers/STM32F1xx_HAL_Driver/stm32f1xx_hal.o
 .comment       0x00000043       0x44 ./Drivers/STM32F1xx_HAL_Driver/stm32f1xx_hal_cortex.o
 .comment       0x00000043       0x44 ./Drivers/STM32F1xx_HAL_Driver/stm32f1xx_hal_gpio.o
 .comment       0x00000043       0x44 ./Drivers/STM32F1xx_HAL_Driver/stm32f1xx_hal_i2c.o
 .comment       0x00000043       0x44 ./Drivers/STM32F1xx_HAL_Driver/stm32f1xx_hal_rcc.o
 .comment       0x00000043       0x44 ./Drivers/STM32F1xx_HAL_Driver/stm32f1xx_hal_spi.o
 .comment       0x00000043       0x44 ./Drivers/STM32F1xx_HAL_Driver/stm32f1xx_hal_uart.o

.debug_frame    0x00000000     0x3e64
 .debug_frame   0x00000000      0x2e4 ./Core/Src/SX1278.o
 .debug_frame   0x000002e4      0x10c ./Core/Src/SX1278_hw.o
 .debug_frame   0x000003f0      0x27c ./Core/Src/esp01s.o
 .debug_frame   0x0000066c       0x34 ./Core/Src/gpio.o
 .debug_frame   0x000006a0       0x74 ./Core/Src/i2c.o
 .debug_frame   0x00000714      0x10c ./Core/Src/main.o
 .debug_frame   0x00000820       0x74 ./Core/Src/spi.o
 .debug_frame   0x00000894       0x38 ./Core/Src/stm32f1xx_hal_msp.o
 .debug_frame   0x000008cc      0x120 ./Core/Src/stm32f1xx_it.o
 .debug_frame   0x000009ec       0x34 ./Core/Src/sysmem.o
 .debug_frame   0x00000a20       0x58 ./Core/Src/system_stm32f1xx.o
 .debug_frame   0x00000a78       0x74 ./Core/Src/usart.o
 .debug_frame   0x00000aec      0x334 ./Drivers/STM32F1xx_HAL_Driver/stm32f1xx_hal.o
 .debug_frame   0x00000e20      0x428 ./Drivers/STM32F1xx_HAL_Driver/stm32f1xx_hal_cortex.o
 .debug_frame   0x00001248      0x14c ./Drivers/STM32F1xx_HAL_Driver/stm32f1xx_hal_gpio.o
 .debug_frame   0x00001394      0xc84 ./Drivers/STM32F1xx_HAL_Driver/stm32f1xx_hal_i2c.o
 .debug_frame   0x00002018      0x218 ./Drivers/STM32F1xx_HAL_Driver/stm32f1xx_hal_rcc.o
 .debug_frame   0x00002230      0x824 ./Drivers/STM32F1xx_HAL_Driver/stm32f1xx_hal_spi.o
 .debug_frame   0x00002a54      0x944 ./Drivers/STM32F1xx_HAL_Driver/stm32f1xx_hal_uart.o
 .debug_frame   0x00003398      0x144 C:/ST/STM32CubeIDE_1.16.0/STM32CubeIDE/plugins/com.st.stm32cube.ide.mcu.externaltools.gnu-tools-for-stm32.12.3.rel1.win32_1.1.0.202410251130/tools/bin/../lib/gcc/arm-none-eabi/12.3.1/../../../../arm-none-eabi/lib/thumb/v7-m/nofp\libc_nano.a(libc_a-findfp.o)