Archive member included to satisfy reference by file (symbol)

C:/ST/STM32CubeIDE_1.16.0/STM32CubeIDE/plugins/com.st.stm32cube.ide.mcu.externaltools.gnu-tools-for-stm32.12.3.rel1.win32_1.1.0.202410251130/tools/bin/../lib/gcc/arm-none-eabi/12.3.1/../../../../arm-none-eabi/lib/thumb/v7-m/nofp\libc_nano.a(libc_a-exit.o)
                              C:/ST/STM32CubeIDE_1.16.0/STM32CubeIDE/plugins/com.st.stm32cube.ide.mcu.externaltools.gnu-tools-for-stm32.12.3.rel1.win32_1.1.0.202410251130/tools/bin/../lib/gcc/arm-none-eabi/12.3.1/../../../../arm-none-eabi/lib/thumb/v7-m/nofp/crt0.o (exit)
C:/ST/STM32CubeIDE_1.16.0/STM32CubeIDE/plugins/com.st.stm32cube.ide.mcu.externaltools.gnu-tools-for-stm32.12.3.rel1.win32_1.1.0.202410251130/tools/bin/../lib/gcc/arm-none-eabi/12.3.1/../../../../arm-none-eabi/lib/thumb/v7-m/nofp\libc_nano.a(libc_a-findfp.o)
                              C:/ST/STM32CubeIDE_1.16.0/STM32CubeIDE/plugins/com.st.stm32cube.ide.mcu.externaltools.gnu-tools-for-stm32.12.3.rel1.win32_1.1.0.202410251130/tools/bin/../lib/gcc/arm-none-eabi/12.3.1/../../../../arm-none-eabi/lib/thumb/v7-m/nofp\libc_nano.a(libc_a-exit.o) (__stdio_exit_handler)
C:/ST/STM32CubeIDE_1.16.0/STM32CubeIDE/plugins/com.st.stm32cube.ide.mcu.externaltools.gnu-tools-for-stm32.12.3.rel1.win32_1.1.0.202410251130/tools/bin/../lib/gcc/arm-none-eabi/12.3.1/../../../../arm-none-eabi/lib/thumb/v7-m/nofp\libc_nano.a(libc_a-fwalk.o)
                              C:/ST/STM32CubeIDE_1.16.0/STM32CubeIDE/plugins/com.st.stm32cube.ide.mcu.externaltools.gnu-tools-for-stm32.12.3.rel1.win32_1.1.0.202410251130/tools/bin/../lib/gcc/arm-none-eabi/12.3.1/../../../../arm-none-eabi/lib/thumb/v7-m/nofp\libc_nano.a(libc_a-findfp.o) (_fwalk_sglue)
C:/ST/STM32CubeIDE_1.16.0/STM32CubeIDE/plugins/com.st.stm32cube.ide.mcu.externaltools.gnu-tools-for-stm32.12.3.rel1.win32_1.1.0.202410251130/tools/bin/../lib/gcc/arm-none-eabi/12.3.1/../../../../arm-none-eabi/lib/thumb/v7-m/nofp\libc_nano.a(libc_a-sprintf.o)
                              ./Core/Src/esp01s.o (sprintf)
C:/ST/STM32CubeIDE_1.16.0/STM32CubeIDE/plugins/com.st.stm32cube.ide.mcu.externaltools.gnu-tools-for-stm32.12.3.rel1.win32_1.1.0.202410251130/tools/bin/../lib/gcc/arm-none-eabi/12.3.1/../../../../arm-none-eabi/lib/thumb/v7-m/nofp\libc_nano.a(libc_a-sscanf.o)
                              ./Core/Src/esp01s.o (sscanf)
C:/ST/STM32CubeIDE_1.16.0/STM32CubeIDE/plugins/com.st.stm32cube.ide.mcu.externaltools.gnu-tools-for-stm32.12.3.rel1.win32_1.1.0.202410251130/tools/bin/../lib/gcc/arm-none-eabi/12.3.1/../../../../arm-none-eabi/lib/thumb/v7-m/nofp\libc_nano.a(libc_a-stdio.o)
                              C:/ST/STM32CubeIDE_1.16.0/STM32CubeIDE/plugins/com.st.stm32cube.ide.mcu.externaltools.gnu-tools-for-stm32.12.3.rel1.win32_1.1.0.202410251130/tools/bin/../lib/gcc/arm-none-eabi/12.3.1/../../../../arm-none-eabi/lib/thumb/v7-m/nofp\libc_nano.a(libc_a-findfp.o) (__sread)
C:/ST/STM32CubeIDE_1.16.0/STM32CubeIDE/plugins/com.st.stm32cube.ide.mcu.externaltools.gnu-tools-for-stm32.12.3.rel1.win32_1.1.0.202410251130/tools/bin/../lib/gcc/arm-none-eabi/12.3.1/../../../../arm-none-eabi/lib/thumb/v7-m/nofp\libc_nano.a(libc_a-memset.o)
                              C:/ST/STM32CubeIDE_1.16.0/STM32CubeIDE/plugins/com.st.stm32cube.ide.mcu.externaltools.gnu-tools-for-stm32.12.3.rel1.win32_1.1.0.202410251130/tools/bin/../lib/gcc/arm-none-eabi/12.3.1/../../../../arm-none-eabi/lib/thumb/v7-m/nofp/crt0.o (memset)
C:/ST/STM32CubeIDE_1.16.0/STM32CubeIDE/plugins/com.st.stm32cube.ide.mcu.externaltools.gnu-tools-for-stm32.12.3.rel1.win32_1.1.0.202410251130/tools/bin/../lib/gcc/arm-none-eabi/12.3.1/../../../../arm-none-eabi/lib/thumb/v7-m/nofp\libc_nano.a(libc_a-strchr.o)
                              ./Core/Src/esp01s.o (strchr)
C:/ST/STM32CubeIDE_1.16.0/STM32CubeIDE/plugins/com.st.stm32cube.ide.mcu.externaltools.gnu-tools-for-stm32.12.3.rel1.win32_1.1.0.202410251130/tools/bin/../lib/gcc/arm-none-eabi/12.3.1/../../../../arm-none-eabi/lib/thumb/v7-m/nofp\libc_nano.a(libc_a-strstr.o)
                              ./Core/Src/esp01s.o (strstr)
C:/ST/STM32CubeIDE_1.16.0/STM32CubeIDE/plugins/com.st.stm32cube.ide.mcu.externaltools.gnu-tools-for-stm32.12.3.rel1.win32_1.1.0.202410251130/tools/bin/../lib/gcc/arm-none-eabi/12.3.1/../../../../arm-none-eabi/lib/thumb/v7-m/nofp\libc_nano.a(libc_a-closer.o)
                              C:/ST/STM32CubeIDE_1.16.0/STM32CubeIDE/plugins/com.st.stm32cube.ide.mcu.externaltools.gnu-tools-for-stm32.12.3.rel1.win32_1.1.0.202410251130/tools/bin/../lib/gcc/arm-none-eabi/12.3.1/../../../../arm-none-eabi/lib/thumb/v7-m/nofp\libc_nano.a(libc_a-stdio.o) (_close_r)
C:/ST/STM32CubeIDE_1.16.0/STM32CubeIDE/plugins/com.st.stm32cube.ide.mcu.externaltools.gnu-tools-for-stm32.12.3.rel1.win32_1.1.0.202410251130/tools/bin/../lib/gcc/arm-none-eabi/12.3.1/../../../../arm-none-eabi/lib/thumb/v7-m/nofp\libc_nano.a(libc_a-reent.o)
[...]
Memory Configuration

Name             Origin             Length             Attributes
RAM              0x20000000         0x00005000         xrw
FLASH            0x08000000         0x00010000         xr
*default*        0x00000000         0xffffffff

Linker script and memory map

LOAD C:/ST/STM32CubeIDE_1.16.0/STM32CubeIDE/plugins/com.st.stm32cube.ide.mcu.externaltools.gnu-tools-for-stm32.12.3.rel1.win32_1.1.0.202410251130/tools/bin/../lib/gcc/arm-none-eabi/12.3.1/thumb/v7-m/nofp/crti.o
LOAD C:/ST/STM32CubeIDE_1.16.0/STM32CubeIDE/plugins/com.st.stm32cube.ide.mcu.externaltools.gnu-tools-for-stm32.12.3.rel1.win32_1.1.0.202410251130/tools/bin/../lib/gcc/arm-none-eabi/12.3.1/thumb/v7-m/nofp/crtbegin.o
LOAD C:/ST/STM32CubeIDE_1.16.0/STM32CubeIDE/plugins/com.st.stm32cube.ide.mcu.externaltools.gnu-tools-for-stm32.12.3.rel1.win32_1.1.0.202410251130/tools/bin/../lib/gcc/arm-none-eabi/12.3.1/../../../../arm-none-eabi/lib/thumb/v7-m/nofp/crt0.o
LOAD ./Core/Src/AHT20.o
LOAD ./Core/Src/BMP280_sak.o
LOAD ./Core/Src/SX1278.o
LOAD ./Core/Src/SX1278_hw.o
LOAD ./Core/Src/esp01s.o
LOAD ./Core/Src/gpio.o
LOAD ./Core/Src/i2c.o
LOAD ./Core/Src/main.o
LOAD ./Core/Src/readings.o
LOAD ./Core/Src/spi.o
LOAD ./Core/Src/stm32f1xx_hal_msp.o
LOAD ./Core/Src/stm32f1xx_it.o
LOAD ./Core/Src/syscalls.o
LOAD ./Core/Src/sysmem.o
LOAD ./Core/Src/system_stm32f1xx.o
LOAD ./Core/Src/usart.o
LOAD ./Core/Startup/startup_stm32f103c8tx.o
LOAD ./Drivers/STM32F1xx_HAL_Driver/stm32f1xx_hal.o
LOAD ./Drivers/STM32F1xx_HAL_Driver/stm32f1xx_hal_cortex.o
LOAD ./Drivers/STM32F1xx_HAL_Driver/stm32f1xx_hal_dma.o
LOAD ./Drivers/STM32F1xx_HAL_Driver/stm32f1xx_hal_exti.o
LOAD ./Drivers/STM32F1xx_HAL_Driver/stm32f1xx_hal_flash.o
LOAD ./Drivers/STM32F1xx_HAL_Driver/stm32f1xx_hal_flash_ex.o
LOAD ./Drivers/STM32F1xx_HAL_Driver/stm32f1xx_hal_gpio.o
LOAD ./Drivers/STM32F1xx_HAL_Driver/stm32f1xx_hal_gpio_ex.o
LOAD ./Drivers/STM32F1xx_HAL_Driver/stm32f1xx_hal_i2c.o
LOAD ./Drivers/STM32F1xx_HAL_Driver/stm32f1xx_hal_pwr.o
LOAD ./Drivers/STM32F1xx_HAL_Driver/stm32f1xx_hal_rcc.o
LOAD ./Drivers/STM32F1xx_HAL_Driver/stm32f1xx_hal_rcc_ex.o
LOAD ./Drivers/STM32F1xx_HAL_Driver/stm32f1xx_hal_spi.o
LOAD ./Drivers/STM32F1xx_HAL_Driver/stm32f1xx_hal_uart.o
START GROUP
LOAD C:/ST/STM32CubeIDE_1.16.0/STM32CubeIDE/plugins/com.st.stm32cube.ide.mcu.externaltools.gnu-tools-for-stm32.12.3.rel1.win32_1.1.0.202410251130/tools/bin/../lib/gcc/arm-none-eabi/12.3.1/../../../../arm-none-eabi/lib/thumb/v7-m/nofp\libc_nano.a
LOAD C:/ST/STM32CubeIDE_1.16.0/STM32CubeIDE/plugins/com.st.stm32cube.ide.mcu.externaltools.gnu-tools-for-stm32.12.3.rel1.win32_1.1.0.202410251130/tools/bin/../lib/gcc/arm-none-eabi/12.3.1/../../../../arm-none-eabi/lib/thumb/v7-m/nofp\libm.a
END GROUP
START GROUP
LOAD C:/ST/STM32CubeIDE_1.16.0/STM32CubeIDE/plugins/com.st.stm32cube.ide.mcu.externaltools.gnu-tools-for-stm32.12.3.rel1.win32_1.1.0.202410251130/tools/bin/../lib/gcc/arm-none-eabi/12.3.1/thumb/v7-m/nofp\libgcc.a
LOAD C:/ST/STM32CubeIDE_1.16.0/STM32CubeIDE/plugins/com.st.stm32cube.ide.mcu.externaltools.gnu-tools-for-stm32.12.3.rel1.win32_1.1.0.202410251130/tools/bin/../lib/gcc/arm-none-eabi/12.3.1/../../../../arm-none-eabi/lib/thumb/v7-m/nofp\libc_nano.a
END GROUP
START GROUP
LOAD C:/ST/STM32CubeIDE_1.16.0/STM32CubeIDE/plugins/com.st.stm32cube.ide.mcu.externaltools.gnu-tools-for-stm32.12.3.rel1.win32_1.1.0.202410251130/tools/bin/../lib/gcc/arm-none-eabi/12.3.1/thumb/v7-m/nofp\libgcc.a
LOAD C:/ST/STM32CubeIDE_1.16.0/STM32CubeIDE/plugins/com.st.stm32cube.ide.mcu.externaltools.gnu-tools-for-stm32.12.3.rel1.win32_1.1.0.202410251130/tools/bin/../lib/gcc/arm-none-eabi/12.3.1/../../../../arm-none-eabi/lib/thumb/v7-m/nofp\libc_nano.a
LOAD C:/ST/STM32CubeIDE_1.16.0/STM32CubeIDE/plugins/com.st.stm32cube.ide.mcu.externaltools.gnu-tools-for-stm32.12.3.rel1.win32_1.1.0.202410251130/tools/bin/../lib/gcc/arm-none-eabi/12.3.1/../../../../arm-none-eabi/lib/thumb/v7-m/nofp\libnosys.a
END GROUP
START GROUP
LOAD C:/ST/STM32CubeIDE_1.16.0/STM32CubeIDE/plugins/com.st.stm32cube.ide.mcu.externaltools.gnu-tools-for-stm32.12.3.rel1.win32_1.1.0.202410251130/tools/bin/../lib/gcc/arm-none-eabi/12.3.1/thumb/v7-m/nofp\libgcc.a
LOAD C:/ST/STM32CubeIDE_1.16.0/STM32CubeIDE/plugins/com.st.stm32cube.ide.mcu.externaltools.gnu-tools-for-stm32.12.3.rel1.win32_1.1.0.202410251130/tools/bin/../lib/gcc/arm-none-eabi/12.3.1/../../../../arm-none-eabi/lib/thumb/v7-m/nofp\libc_nano.a
LOAD C:/ST/STM32CubeIDE_1.16.0/STM32CubeIDE/plugins/com.st.stm32cube.ide.mcu.externaltools.gnu-tools-for-stm32.12.3.rel1.win32_1.1.0.202410251130/tools/bin/../lib/gcc/arm-none-eabi/12.3.1/../../../../arm-none-eabi/lib/thumb/v7-m/nofp\libnosys.a
END GROUP
LOAD C:/ST/STM32CubeIDE_1.16.0/STM32CubeIDE/plugins/com.st.stm32cube.ide.mcu.externaltools.gnu-tools-for-stm32.12.3.rel1.win32_1.1.0.202410251130/tools/bin/../lib/gcc/arm-none-eabi/12.3.1/thumb/v7-m/nofp/crtend.o
LOAD C:/ST/STM32CubeIDE_1.16.0/STM32CubeIDE/plugins/com.st.stm32cube.ide.mcu.externaltools.gnu-tools-for-stm32.12.3.rel1.win32_1.1.0.202410251130/tools/bin/../lib/gcc/arm-none-eabi/12.3.1/thumb/v7-m/nofp/crtn.o
                0x20005000                        _estack = (ORIGIN (RAM) + LENGTH (RAM))
                0x00000200                        _Min_Heap_Size = 0x200
                0x00000400                        _Min_Stack_Size = 0x400

.isr_vector     0x08000000      0x10c
                0x08000000                        . = ALIGN (0x4)
 *(.isr_vector)
 .isr_vector    0x08000000      0x10c ./Core/Startup/startup_stm32f103c8tx.o
                0x08000000                g_pfnVectors
                0x0800010c                        . = ALIGN (0x4)

.text           0x08000110     0x7d38
                0x08000110                        . = ALIGN (0x4)
 *(.text)
 .text          0x08000110       0x40 C:/ST/STM32CubeIDE_1.16.0/STM32CubeIDE/plugins/com.st.stm32cube.ide.mcu.externaltools.gnu-tools-for-stm32.12.3.rel1.win32_1.1.0.202410251130/tools/bin/../lib/gcc/arm-none-eabi/12.3.1/thumb/v7-m/nofp/crtbegin.o
 .text          0x08000150       0x10 C:/ST/STM32CubeIDE_1.16.0/STM32CubeIDE/plugins/com.st.stm32cube.ide.mcu.externaltools.gnu-tools-for-stm32.12.3.rel1.win32_1.1.0.202410251130/tools/bin/../lib/gcc/arm-none-eabi/12.3.1/../../../../arm-none-eabi/lib/thumb/v7-m/nofp\libc_nano.a(libc_a-strlen.o)
                0x08000150                strlen
 .text          0x08000160      0x378 C:/ST/STM32CubeIDE_1.16.0/STM32CubeIDE/plugins/com.st.stm32cube.ide.mcu.externaltools.gnu-tools-for-stm32.12.3.rel1.win32_1.1.0.202410251130/tools/bin/../lib/gcc/arm-none-eabi/12.3.1/thumb/v7-m/nofp\libgcc.a(_arm_addsubdf3.o)
                0x08000160                __aeabi_drsub
                0x08000168                __aeabi_dsub
                0x08000168                __subdf3
                0x0800016c                __aeabi_dadd
                0x0800016c                __adddf3
                0x080003e4                __floatunsidf
                0x080003e4                __aeabi_ui2d
                0x08000404                __floatsidf
                0x08000404                __aeabi_i2d
                0x08000428                __aeabi_f2d
                0x08000428                __extendsfdf2
                0x0800046c                __floatundidf
                0x0800046c                __aeabi_ul2d
                0x0800047c                __floatdidf
                0x0800047c                __aeabi_l2d
 .text          0x080004d8      0x424 C:/ST/STM32CubeIDE_1.16.0/STM32CubeIDE/plugins/com.st.stm32cube.ide.mcu.externaltools.gnu-tools-for-stm32.12.3.rel1.win32_1.1.0.202410251130/tools/bin/../lib/gcc/arm-none-eabi/12.3.1/thumb/v7-m/nofp\libgcc.a(_arm_muldivdf3.o)
                0x080004d8                __aeabi_dmul
                0x080004d8                __muldf3
                0x0800072c                __divdf3
                0x0800072c                __aeabi_ddiv
 .text          0x080008fc       0xa0 C:/ST/STM32CubeIDE_1.16.0/STM32CubeIDE/plugins/com.st.stm32cube.ide.mcu.externaltools.gnu-tools-for-stm32.12.3.rel1.win32_1.1.0.202410251130/tools/bin/../lib/gcc/arm-none-eabi/12.3.1/thumb/v7-m/nofp\libgcc.a(_arm_truncdfsf2.o)
                0x080008fc                __truncdfsf2
                0x080008fc                __aeabi_d2f
 .text          0x0800099c      0x21c C:/ST/STM32CubeIDE_1.16.0/STM32CubeIDE/plugins/com.st.stm32cube.ide.mcu.externaltools.gnu-tools-for-stm32.12.3.rel1.win32_1.1.0.202410251130/tools/bin/../lib/gcc/arm-none-eabi/12.3.1/thumb/v7-m/nofp\libgcc.a(_arm_addsubsf3.o)
                0x0800099c                __aeabi_frsub
                0x080009a4                __subsf3
                0x080009a4                __aeabi_fsub
                0x080009a8                __aeabi_fadd
                0x080009a8                __addsf3
                0x08000b08                __aeabi_ui2f
                0x08000b08                __floatunsisf
                0x08000b10                __aeabi_i2f
                0x08000b10                __floatsisf
                0x08000b2c                __aeabi_ul2f
                0x08000b2c                __floatundisf
                0x08000b3c                __aeabi_l2f
                0x08000b3c                __floatdisf
 .text          0x08000bb8      0x2a0 C:/ST/STM32CubeIDE_1.16.0/STM32CubeIDE/plugins/com.st.stm32cube.ide.mcu.externaltools.gnu-tools-for-stm32.12.3.rel1.win32_1.1.0.202410251130/tools/bin/../lib/gcc/arm-none-eabi/12.3.1/thumb/v7-m/nofp\libgcc.a(_arm_muldivsf3.o)
                0x08000bb8                __mulsf3
                0x08000bb8                __aeabi_fmul
                0x08000d20                __aeabi_fdiv
                0x08000d20                __divsf3
 .text          0x08000e58       0x4c C:/ST/STM32CubeIDE_1.16.0/STM32CubeIDE/plugins/com.st.stm32cube.ide.mcu.externaltools.gnu-tools-for-stm32.12.3.rel1.win32_1.1.0.202410251130/tools/bin/../lib/gcc/arm-none-eabi/12.3.1/thumb/v7-m/nofp\libgcc.a(_arm_fixsfsi.o)
                0x08000e58                __aeabi_f2iz
                0x08000e58                __fixsfsi
 .text          0x08000ea4       0x30 C:/ST/STM32CubeIDE_1.16.0/STM32CubeIDE/plugins/com.st.stm32cube.ide.mcu.externaltools.gnu-tools-for-stm32.12.3.rel1.win32_1.1.0.202410251130/tools/bin/../lib/gcc/arm-none-eabi/12.3.1/thumb/v7-m/nofp\libgcc.a(_aeabi_uldivmod.o)
                0x08000ea4                __aeabi_uldivmod
 .text          0x08000ed4      0x2b8 C:/ST/STM32CubeIDE_1.16.0/STM32CubeIDE/plugins/com.st.stm32cube.ide.mcu.externaltools.gnu-tools-for-stm32.12.3.rel1.win32_1.1.0.202410251130/tools/bin/../lib/gcc/arm-none-eabi/12.3.1/thumb/v7-m/nofp\libgcc.a(_udivmoddi4.o)
                0x08000ed4                __udivmoddi4
 .text          0x0800118c        0x4 C:/ST/STM32CubeIDE_1.16.0/STM32CubeIDE/plugins/com.st.stm32cube.ide.mcu.externaltools.gnu-tools-for-stm32.12.3.rel1.win32_1.1.0.202410251130/tools/bin/../lib/gcc/arm-none-eabi/12.3.1/thumb/v7-m/nofp\libgcc.a(_dvmd_tls.o)
                0x0800118c                __aeabi_idiv0
                0x0800118c                __aeabi_ldiv0
 *(.text*)
 .text.AHT20_Read
                0x08001190      0x160 ./Core/Src/AHT20.o
                0x08001190                AHT20_Read
 .text.BMP280_Init
                0x080012f0      0x1b4 ./Core/Src/BMP280_sak.o
                0x080012f0                BMP280_Init
 .text.BMP280_ReadPressure
                0x080014a4      0x1e0 ./Core/Src/BMP280_sak.o
                0x080014a4                BMP280_ReadPressure
 .text.SX1278_SPIRead
                0x08001684       0x3e ./Core/Src/SX1278.o
                0x08001684                SX1278_SPIRead
 .text.SX1278_SPIWrite
                0x080016c2       0x52 ./Core/Src/SX1278.o
                0x080016c2                SX1278_SPIWrite
 .text.SX1278_SPIBurstRead
                0x08001714       0x72 ./Core/Src/SX1278.o
                0x08001714                SX1278_SPIBurstRead
 .text.SX1278_SPIBurstWrite
                0x08001786       0x76 ./Core/Src/SX1278.o
                0x08001786                SX1278_SPIBurstWrite
 .text.SX1278_config
                0x080017fc      0x208 ./Core/Src/SX1278.o
                0x080017fc                SX1278_config
 .text.SX1278_standby
                0x08001a04       0x20 ./Core/Src/SX1278.o
                0x08001a04                SX1278_standby
 .text.SX1278_sleep
                0x08001a24       0x20 ./Core/Src/SX1278.o
                0x08001a24                SX1278_sleep
 .text.SX1278_entryLoRa
                0x08001a44       0x1a ./Core/Src/SX1278.o
                0x08001a44                SX1278_entryLoRa
 .text.SX1278_clearLoRaIrq
                0x08001a5e       0x1a ./Core/Src/SX1278.o
                0x08001a5e                SX1278_clearLoRaIrq
 .text.SX1278_LoRaEntryRx
                0x08001a78       0xca ./Core/Src/SX1278.o
                0x08001a78                SX1278_LoRaEntryRx
 .text.SX1278_LoRaRxPacket
                0x08001b42       0x88 ./Core/Src/SX1278.o
                0x08001b42                SX1278_LoRaRxPacket
 .text.SX1278_LoRaEntryTx
                0x08001bca       0xb0 ./Core/Src/SX1278.o
                0x08001bca                SX1278_LoRaEntryTx
 .text.SX1278_LoRaTxPacket
                0x08001c7a       0x7e ./Core/Src/SX1278.o
                0x08001c7a                SX1278_LoRaTxPacket
 .text.SX1278_init
                0x08001cf8       0x5a ./Core/Src/SX1278.o
                0x08001cf8                SX1278_init
 .text.SX1278_read
                0x08001d52       0x4c ./Core/Src/SX1278.o
                0x08001d52                SX1278_read
 .text.SX1278_hw_init
                0x08001d9e       0x2a ./Core/Src/SX1278_hw.o
                0x08001d9e                SX1278_hw_init
 .text.SX1278_hw_SetNSS
                0x08001dc8       0x2e ./Core/Src/SX1278_hw.o
                0x08001dc8                SX1278_hw_SetNSS
 .text.SX1278_hw_Reset
                0x08001df6       0x48 ./Core/Src/SX1278_hw.o
                0x08001df6                SX1278_hw_Reset
 .text.SX1278_hw_SPICommand
                0x08001e3e       0x40 ./Core/Src/SX1278_hw.o
                0x08001e3e                SX1278_hw_SPICommand
 .text.SX1278_hw_SPIReadByte
                0x08001e7e       0x4c ./Core/Src/SX1278_hw.o
                0x08001e7e                SX1278_hw_SPIReadByte
 .text.SX1278_hw_DelayMs
                0x08001eca       0x16 ./Core/Src/SX1278_hw.o
                0x08001eca                SX1278_hw_DelayMs
 .text.SX1278_hw_GetDIO0
                0x08001ee0       0x2e ./Core/Src/SX1278_hw.o
                0x08001ee0                SX1278_hw_GetDIO0
 .text.clearBuffers
                0x08001f0e       0x30 ./Core/Src/esp01s.o
                0x08001f0e                clearBuffers
 .text.newEsp01s
                0x08001f3e       0x8a ./Core/Src/esp01s.o
                0x08001f3e                newEsp01s
 .text.esp_transmit
                0x08001fc8       0x32 ./Core/Src/esp01s.o
                0x08001fc8                esp_transmit
 .text.esp_receive
                0x08001ffa       0x42 ./Core/Src/esp01s.o
                0x08001ffa                esp_receive
 .text.check_at
                0x0800203c       0x68 ./Core/Src/esp01s.o
                0x0800203c                check_at
 .text.reset_by_wire
                0x080020a4       0x34 ./Core/Src/esp01s.o
                0x080020a4                reset_by_wire
 .text.mode_set_station
                0x080020d8       0x64 ./Core/Src/esp01s.o
                0x080020d8                mode_set_station
 .text.connect_to_ap
                0x0800213c      0x104 ./Core/Src/esp01s.o
                0x0800213c                connect_to_ap
 .text.set_max_one_con
                0x08002240       0x64 ./Core/Src/esp01s.o
                0x08002240                set_max_one_con
 .text.get_ip_from_wifi
                0x080022a4       0x30 ./Core/Src/esp01s.o
                0x080022a4                get_ip_from_wifi
 .text.check_status
                0x080022d4       0x30 ./Core/Src/esp01s.o
                0x080022d4                check_status
 .text.start_connection
                0x08002304       0x7c ./Core/Src/esp01s.o
                0x08002304                start_connection
 .text.send_get_req
                0x08002380      0x208 ./Core/Src/esp01s.o
                0x08002380                send_get_req
 .text.send_single_sensor_post_req
                0x08002588      0x1b4 ./Core/Src/esp01s.o
                0x08002588                send_single_sensor_post_req
 .text.esp_setup
                0x0800273c       0x4a ./Core/Src/esp01s.o
                0x0800273c                esp_setup
 *fill*         0x08002786        0x2 
 .text.MX_GPIO_Init
                0x08002788      0x134 ./Core/Src/gpio.o
                0x08002788                MX_GPIO_Init
 .text.MX_I2C1_Init
                0x080028bc       0x5c ./Core/Src/i2c.o
                0x080028bc                MX_I2C1_Init
 .text.HAL_I2C_MspInit
                0x08002918       0x7c ./Core/Src/i2c.o
                0x08002918                HAL_I2C_MspInit
 .text.clearTx  0x08002994       0x18 ./Core/Src/main.o
                0x08002994                clearTx
 .text.clearRx  0x080029ac       0x18 ./Core/Src/main.o
                0x080029ac                clearRx
 .text.LoRaSetRxMode
                0x080029c4       0x40 ./Core/Src/main.o
                0x080029c4                LoRaSetRxMode
 .text.LoRaSetTxMode
                0x08002a04       0x40 ./Core/Src/main.o
                0x08002a04                LoRaSetTxMode
 .text.retrieve_sensor_data
                0x08002a44      0x154 ./Core/Src/main.o
                0x08002a44                retrieve_sensor_data
 .text.Esp_send_get
                0x08002b98       0x50 ./Core/Src/main.o
                0x08002b98                Esp_send_get
 .text.main     0x08002be8      0x28c ./Core/Src/main.o
                0x08002be8                main
 .text.SystemClock_Config
                0x08002e74       0x8a ./Core/Src/main.o
                0x08002e74                SystemClock_Config
 .text.Error_Handler
                0x08002efe        0xc ./Core/Src/main.o
                0x08002efe                Error_Handler
 .text.newR     0x08002f0a       0x7c ./Core/Src/readings.o
                0x08002f0a                newR
 .text.addData  0x08002f86      0x12c ./Core/Src/readings.o
                0x08002f86                addData
 *fill*         0x080030b2        0x2 
 .text.MX_SPI1_Init
                0x080030b4       0x6c ./Core/Src/spi.o
                0x080030b4                MX_SPI1_Init
 .text.HAL_SPI_MspInit
                0x08003120       0x94 ./Core/Src/spi.o
                0x08003120                HAL_SPI_MspInit
 .text.HAL_MspInit
                0x080031b4       0x64 ./Core/Src/stm32f1xx_hal_msp.o
                0x080031b4                HAL_MspInit
 .text.NMI_Handler
                0x08003218        0x8 ./Core/Src/stm32f1xx_it.o
                0x08003218                NMI_Handler
 .text.HardFault_Handler
                0x08003220        0x8 ./Core/Src/stm32f1xx_it.o
                0x08003220                HardFault_Handler
 .text.MemManage_Handler
                0x08003228        0x8 ./Core/Src/stm32f1xx_it.o
                0x08003228                MemManage_Handler
 .text.BusFault_Handler
                0x08003230        0x8 ./Core/Src/stm32f1xx_it.o
                0x08003230                BusFault_Handler
 .text.UsageFault_Handler
                0x08003238        0x8 ./Core/Src/stm32f1xx_it.o
                0x08003238                UsageFault_Handler
 .text.SVC_Handler
                0x08003240        0xc ./Core/Src/stm32f1xx_it.o
                0x08003240                SVC_Handler
 .text.DebugMon_Handler
                0x0800324c        0xc ./Core/Src/stm32f1xx_it.o
                0x0800324c                DebugMon_Handler
 .text.PendSV_Handler
                0x08003258        0xc ./Core/Src/stm32f1xx_it.o
                0x08003258                PendSV_Handler
 .text.SysTick_Handler
                0x08003264        0xc ./Core/Src/stm32f1xx_it.o
                0x08003264                SysTick_Handler
 .text.EXTI1_IRQHandler
                0x08003270        0xe ./Core/Src/stm32f1xx_it.o
                0x08003270                EXTI1_IRQHandler
 *fill*         0x0800327e        0x2 
 .text._sbrk    0x08003280       0x6c ./Core/Src/sysmem.o
                0x08003280                _sbrk
 .text.SystemInit
                0x080032ec        0xc ./Core/Src/system_stm32f1xx.o
                0x080032ec                SystemInit
 .text.MX_USART1_UART_Init
                0x080032f8       0x54 ./Core/Src/usart.o
                0x080032f8                MX_USART1_UART_Init
 .text.HAL_UART_MspInit
                0x0800334c       0x98 ./Core/Src/usart.o
                0x0800334c                HAL_UART_MspInit
 .text.Reset_Handler
                0x080033e4       0x48 ./Core/Startup/startup_stm32f103c8tx.o
                0x080033e4                Reset_Handler
 .text.Default_Handler
                0x0800342c        0x2 ./Core/Startup/startup_stm32f103c8tx.o
                0x0800342c                RTC_Alarm_IRQHandler
                0x0800342c                EXTI2_IRQHandler
                0x0800342c                TIM1_CC_IRQHandler
                0x0800342c                PVD_IRQHandler
                0x0800342c                EXTI3_IRQHandler
                0x0800342c                EXTI0_IRQHandler
                0x0800342c                I2C2_EV_IRQHandler
                0x0800342c                ADC1_2_IRQHandler
                0x0800342c                SPI1_IRQHandler
                0x0800342c                TAMPER_IRQHandler
                0x0800342c                DMA1_Channel4_IRQHandler
                0x0800342c                USART3_IRQHandler
                0x0800342c                RTC_IRQHandler
                0x0800342c                DMA1_Channel7_IRQHandler
                0x0800342c                CAN1_RX1_IRQHandler
                0x0800342c                TIM4_IRQHandler
                0x0800342c                I2C1_EV_IRQHandler
                0x0800342c                DMA1_Channel6_IRQHandler
                0x0800342c                TIM3_IRQHandler
                0x0800342c                RCC_IRQHandler
                0x0800342c                TIM1_TRG_COM_IRQHandler
                0x0800342c                DMA1_Channel1_IRQHandler
                0x0800342c                Default_Handler
                0x0800342c                EXTI15_10_IRQHandler
                0x0800342c                EXTI9_5_IRQHandler
                0x0800342c                SPI2_IRQHandler
                0x0800342c                DMA1_Channel5_IRQHandler
                0x0800342c                EXTI4_IRQHandler
                0x0800342c                USB_LP_CAN1_RX0_IRQHandler
                0x0800342c                USB_HP_CAN1_TX_IRQHandler
                0x0800342c                DMA1_Channel3_IRQHandler
                0x0800342c                TIM1_UP_IRQHandler
                0x0800342c                WWDG_IRQHandler
                0x0800342c                TIM2_IRQHandler
                0x0800342c                TIM1_BRK_IRQHandler
                0x0800342c                USART2_IRQHandler
                0x0800342c                I2C2_ER_IRQHandler
                0x0800342c                DMA1_Channel2_IRQHandler
                0x0800342c                CAN1_SCE_IRQHandler
                0x0800342c                FLASH_IRQHandler
                0x0800342c                USART1_IRQHandler
                0x0800342c                I2C1_ER_IRQHandler
                0x0800342c                USBWakeUp_IRQHandler
 *fill*         0x0800342e        0x2 
 .text.HAL_Init
                0x08003430       0x2c ./Drivers/STM32F1xx_HAL_Driver/stm32f1xx_hal.o
                0x08003430                HAL_Init
 .text.HAL_InitTick
                0x0800345c       0x60 ./Drivers/STM32F1xx_HAL_Driver/stm32f1xx_hal.o
                0x0800345c                HAL_InitTick
 .text.HAL_IncTick
                0x080034bc       0x24 ./Drivers/STM32F1xx_HAL_Driver/stm32f1xx_hal.o
                0x080034bc                HAL_IncTick
 .text.HAL_GetTick
                0x080034e0       0x14 ./Drivers/STM32F1xx_HAL_Driver/stm32f1xx_hal.o
                0x080034e0                HAL_GetTick
 .text.HAL_Delay
                0x080034f4       0x48 ./Drivers/STM32F1xx_HAL_Driver/stm32f1xx_hal.o
                0x080034f4                HAL_Delay
 .text.__NVIC_SetPriorityGrouping
                0x0800353c       0x48 ./Drivers/STM32F1xx_HAL_Driver/stm32f1xx_hal_cortex.o
 .text.__NVIC_GetPriorityGrouping
                0x08003584       0x1c ./Drivers/STM32F1xx_HAL_Driver/stm32f1xx_hal_cortex.o
 .text.__NVIC_EnableIRQ
                0x080035a0       0x38 ./Drivers/STM32F1xx_HAL_Driver/stm32f1xx_hal_cortex.o
 .text.__NVIC_SetPriority
                0x080035d8       0x54 ./Drivers/STM32F1xx_HAL_Driver/stm32f1xx_hal_cortex.o
 .text.NVIC_EncodePriority
                0x0800362c       0x64 ./Drivers/STM32F1xx_HAL_Driver/stm32f1xx_hal_cortex.o
 .text.SysTick_Config
                0x08003690       0x44 ./Drivers/STM32F1xx_HAL_Driver/stm32f1xx_hal_cortex.o
 .text.HAL_NVIC_SetPriorityGrouping
                0x080036d4       0x16 ./Drivers/STM32F1xx_HAL_Driver/stm32f1xx_hal_cortex.o
                0x080036d4                HAL_NVIC_SetPriorityGrouping
 .text.HAL_NVIC_SetPriority
                0x080036ea       0x38 ./Drivers/STM32F1xx_HAL_Driver/stm32f1xx_hal_cortex.o
                0x080036ea                HAL_NVIC_SetPriority
 .text.HAL_NVIC_EnableIRQ
                0x08003722       0x1c ./Drivers/STM32F1xx_HAL_Driver/stm32f1xx_hal_cortex.o
                0x08003722                HAL_NVIC_EnableIRQ
 .text.HAL_SYSTICK_Config
                0x0800373e       0x18 ./Drivers/STM32F1xx_HAL_Driver/stm32f1xx_hal_cortex.o
                0x0800373e                HAL_SYSTICK_Config
 *fill*         0x08003756        0x2 
 .text.HAL_GPIO_Init
                0x08003758      0x308 ./Drivers/STM32F1xx_HAL_Driver/stm32f1xx_hal_gpio.o
                0x08003758                HAL_GPIO_Init
 .text.HAL_GPIO_ReadPin
                0x08003a60       0x2e ./Drivers/STM32F1xx_HAL_Driver/stm32f1xx_hal_gpio.o
                0x08003a60                HAL_GPIO_ReadPin
 .text.HAL_GPIO_WritePin
                0x08003a8e       0x30 ./Drivers/STM32F1xx_HAL_Driver/stm32f1xx_hal_gpio.o
                0x08003a8e                HAL_GPIO_WritePin
 *fill*         0x08003abe        0x2 
 .text.HAL_GPIO_EXTI_IRQHandler
                0x08003ac0       0x30 ./Drivers/STM32F1xx_HAL_Driver/stm32f1xx_hal_gpio.o
                0x08003ac0                HAL_GPIO_EXTI_IRQHandler
 .text.HAL_GPIO_EXTI_Callback
                0x08003af0       0x14 ./Drivers/STM32F1xx_HAL_Driver/stm32f1xx_hal_gpio.o
                0x08003af0                HAL_GPIO_EXTI_Callback
 .text.HAL_I2C_Init
                0x08003b04      0x288 ./Drivers/STM32F1xx_HAL_Driver/stm32f1xx_hal_i2c.o
                0x08003b04                HAL_I2C_Init
 .text.HAL_I2C_Master_Transmit
                0x08003d8c      0x1fc ./Drivers/STM32F1xx_HAL_Driver/stm32f1xx_hal_i2c.o
                0x08003d8c                HAL_I2C_Master_Transmit
 .text.HAL_I2C_Master_Receive
                0x08003f88      0x4d8 ./Drivers/STM32F1xx_HAL_Driver/stm32f1xx_hal_i2c.o
                0x08003f88                HAL_I2C_Master_Receive
 .text.HAL_I2C_Mem_Write
                0x08004460      0x1f4 ./Drivers/STM32F1xx_HAL_Driver/stm32f1xx_hal_i2c.o
                0x08004460                HAL_I2C_Mem_Write
 .text.HAL_I2C_Mem_Read
                0x08004654      0x4e8 ./Drivers/STM32F1xx_HAL_Driver/stm32f1xx_hal_i2c.o
                0x08004654                HAL_I2C_Mem_Read
 .text.I2C_MasterRequestWrite
                0x08004b3c      0x104 ./Drivers/STM32F1xx_HAL_Driver/stm32f1xx_hal_i2c.o
 .text.I2C_MasterRequestRead
                0x08004c40      0x19c ./Drivers/STM32F1xx_HAL_Driver/stm32f1xx_hal_i2c.o
 .text.I2C_RequestMemoryWrite
                0x08004ddc      0x12c ./Drivers/STM32F1xx_HAL_Driver/stm32f1xx_hal_i2c.o
 .text.I2C_RequestMemoryRead
                0x08004f08      0x1d0 ./Drivers/STM32F1xx_HAL_Driver/stm32f1xx_hal_i2c.o
 .text.I2C_WaitOnFlagUntilTimeout
                0x080050d8       0xf4 ./Drivers/STM32F1xx_HAL_Driver/stm32f1xx_hal_i2c.o
 .text.I2C_WaitOnMasterAddressFlagUntilTimeout
                0x080051cc      0x140 ./Drivers/STM32F1xx_HAL_Driver/stm32f1xx_hal_i2c.o
 .text.I2C_WaitOnTXEFlagUntilTimeout
                0x0800530c       0x90 ./Drivers/STM32F1xx_HAL_Driver/stm32f1xx_hal_i2c.o
 .text.I2C_WaitOnBTFFlagUntilTimeout
                0x0800539c       0x90 ./Drivers/STM32F1xx_HAL_Driver/stm32f1xx_hal_i2c.o
 .text.I2C_WaitOnRXNEFlagUntilTimeout
                0x0800542c       0xba ./Drivers/STM32F1xx_HAL_Driver/stm32f1xx_hal_i2c.o
 .text.I2C_IsAcknowledgeFailed
                0x080054e6       0x5c ./Drivers/STM32F1xx_HAL_Driver/stm32f1xx_hal_i2c.o
 *fill*         0x08005542        0x2 
 .text.HAL_RCC_OscConfig
                0x08005544      0x504 ./Drivers/STM32F1xx_HAL_Driver/stm32f1xx_hal_rcc.o
                0x08005544                HAL_RCC_OscConfig
 .text.HAL_RCC_ClockConfig
                0x08005a48      0x1d4 ./Drivers/STM32F1xx_HAL_Driver/stm32f1xx_hal_rcc.o
                0x08005a48                HAL_RCC_ClockConfig
 .text.HAL_RCC_GetSysClockFreq
                0x08005c1c       0xa8 ./Drivers/STM32F1xx_HAL_Driver/stm32f1xx_hal_rcc.o
                0x08005c1c                HAL_RCC_GetSysClockFreq
 .text.HAL_RCC_GetHCLKFreq
                0x08005cc4       0x14 ./Drivers/STM32F1xx_HAL_Driver/stm32f1xx_hal_rcc.o
                0x08005cc4                HAL_RCC_GetHCLKFreq
 .text.HAL_RCC_GetPCLK1Freq
                0x08005cd8       0x28 ./Drivers/STM32F1xx_HAL_Driver/stm32f1xx_hal_rcc.o
                0x08005cd8                HAL_RCC_GetPCLK1Freq
 .text.HAL_RCC_GetPCLK2Freq
                0x08005d00       0x28 ./Drivers/STM32F1xx_HAL_Driver/stm32f1xx_hal_rcc.o
                0x08005d00                HAL_RCC_GetPCLK2Freq
 .text.RCC_Delay
                0x08005d28       0x3c ./Drivers/STM32F1xx_HAL_Driver/stm32f1xx_hal_rcc.o
 .text.HAL_SPI_Init
                0x08005d64      0x108 ./Drivers/STM32F1xx_HAL_Driver/stm32f1xx_hal_spi.o
                0x08005d64                HAL_SPI_Init
 .text.HAL_SPI_Transmit
                0x08005e6c      0x288 ./Drivers/STM32F1xx_HAL_Driver/stm32f1xx_hal_spi.o
                0x08005e6c                HAL_SPI_Transmit
 .text.HAL_SPI_TransmitReceive
                0x080060f4      0x352 ./Drivers/STM32F1xx_HAL_Driver/stm32f1xx_hal_spi.o
                0x080060f4                HAL_SPI_TransmitReceive
 .text.HAL_SPI_GetState
                0x08006446       0x1a ./Drivers/STM32F1xx_HAL_Driver/stm32f1xx_hal_spi.o
                0x08006446                HAL_SPI_GetState
 .text.SPI_WaitFlagStateUntilTimeout
                0x08006460      0x110 ./Drivers/STM32F1xx_HAL_Driver/stm32f1xx_hal_spi.o
 .text.SPI_EndRxTxTransaction
                0x08006570       0x62 ./Drivers/STM32F1xx_HAL_Driver/stm32f1xx_hal_spi.o
 .text.HAL_UART_Init
                0x080065d2       0xa0 ./Drivers/STM32F1xx_HAL_Driver/stm32f1xx_hal_uart.o
                0x080065d2                HAL_UART_Init
 .text.HAL_UART_Transmit
                0x08006672      0x116 ./Drivers/STM32F1xx_HAL_Driver/stm32f1xx_hal_uart.o
                0x08006672                HAL_UART_Transmit
 .text.HAL_UART_Receive
                0x08006788      0x12e ./Drivers/STM32F1xx_HAL_Driver/stm32f1xx_hal_uart.o
                0x08006788                HAL_UART_Receive
 .text.UART_WaitOnFlagUntilTimeout
                0x080068b6       0xb2 ./Drivers/STM32F1xx_HAL_Driver/stm32f1xx_hal_uart.o
 .text.UART_EndRxTransfer
                0x08006968       0xc4 ./Drivers/STM32F1xx_HAL_Driver/stm32f1xx_hal_uart.o
 .text.UART_SetConfig
                0x08006a2c      0x11c ./Drivers/STM32F1xx_HAL_Driver/stm32f1xx_hal_uart.o
 .text.sprintf  0x08006b48       0x40 C:/ST/STM32CubeIDE_1.16.0/STM32CubeIDE/plugins/com.st.stm32cube.ide.mcu.externaltools.gnu-tools-for-stm32.12.3.rel1.win32_1.1.0.202410251130/tools/bin/../lib/gcc/arm-none-eabi/12.3.1/../../../../arm-none-eabi/lib/thumb/v7-m/nofp\libc_nano.a(libc_a-sprintf.o)
                0x08006b48                siprintf
                0x08006b48                sprintf
 .text.sscanf   0x08006b88       0x54 C:/ST/STM32CubeIDE_1.16.0/STM32CubeIDE/plugins/com.st.stm32cube.ide.mcu.externaltools.gnu-tools-for-stm32.12.3.rel1.win32_1.1.0.202410251130/tools/bin/../lib/gcc/arm-none-eabi/12.3.1/../../../../arm-none-eabi/lib/thumb/v7-m/nofp\libc_nano.a(libc_a-sscanf.o)
                0x08006b88                siscanf
                0x08006b88                sscanf
 .text.__seofread
                0x08006bdc        0x4 C:/ST/STM32CubeIDE_1.16.0/STM32CubeIDE/plugins/com.st.stm32cube.ide.mcu.externaltools.gnu-tools-for-stm32.12.3.rel1.win32_1.1.0.202410251130/tools/bin/../lib/gcc/arm-none-eabi/12.3.1/../../../../arm-none-eabi/lib/thumb/v7-m/nofp\libc_nano.a(libc_a-stdio.o)
                0x08006bdc                __seofread
 .text.memset   0x08006be0       0x10 C:/ST/STM32CubeIDE_1.16.0/STM32CubeIDE/plugins/com.st.stm32cube.ide.mcu.externaltools.gnu-tools-for-stm32.12.3.rel1.win32_1.1.0.202410251130/tools/bin/../lib/gcc/arm-none-eabi/12.3.1/../../../../arm-none-eabi/lib/thumb/v7-m/nofp\libc_nano.a(libc_a-memset.o)
                0x08006be0                memset
 .text.strchr   0x08006bf0       0x1a C:/ST/STM32CubeIDE_1.16.0/STM32CubeIDE/plugins/com.st.stm32cube.ide.mcu.externaltools.gnu-tools-for-stm32.12.3.rel1.win32_1.1.0.202410251130/tools/bin/../lib/gcc/arm-none-eabi/12.3.1/../../../../arm-none-eabi/lib/thumb/v7-m/nofp\libc_nano.a(libc_a-strchr.o)
                0x08006bf0                strchr
 .text.strstr   0x08006c0a       0x2c C:/ST/STM32CubeIDE_1.16.0/STM32CubeIDE/plugins/com.st.stm32cube.ide.mcu.externaltools.gnu-tools-for-stm32.12.3.rel1.win32_1.1.0.202410251130/tools/bin/../lib/gcc/arm-none-eabi/12.3.1/../../../../arm-none-eabi/lib/thumb/v7-m/nofp\libc_nano.a(libc_a-strstr.o)
                0x08006c0a                strstr
 *fill*         0x08006c36        0x2 
 .text.__errno  0x08006c38        0xc C:/ST/STM32CubeIDE_1.16.0/STM32CubeIDE/plugins/com.st.stm32cube.ide.mcu.externaltools.gnu-tools-for-stm32.12.3.rel1.win32_1.1.0.202410251130/tools/bin/../lib/gcc/arm-none-eabi/12.3.1/../../../../arm-none-eabi/lib/thumb/v7-m/nofp\libc_nano.a(libc_a-errno.o)
                0x08006c38                __errno
 .text.__libc_init_array
                0x08006c44       0x48 C:/ST/STM32CubeIDE_1.16.0/STM32CubeIDE/plugins/com.st.stm32cube.ide.mcu.externaltools.gnu-tools-for-stm32.12.3.rel1.win32_1.1.0.202410251130/tools/bin/../lib/gcc/arm-none-eabi/12.3.1/../../../../arm-none-eabi/lib/thumb/v7-m/nofp\libc_nano.a(libc_a-init.o)
                0x08006c44                __libc_init_array
 .text.__retarget_lock_acquire_recursive
                0x08006c8c        0x2 C:/ST/STM32CubeIDE_1.16.0/STM32CubeIDE/plugins/com.st.stm32cube.ide.mcu.externaltools.gnu-tools-for-stm32.12.3.rel1.win32_1.1.0.202410251130/tools/bin/../lib/gcc/arm-none-eabi/12.3.1/../../../../arm-none-eabi/lib/thumb/v7-m/nofp\libc_nano.a(libc_a-lock.o)
                0x08006c8c                __retarget_lock_acquire_recursive
 .text.__retarget_lock_release_recursive
                0x08006c8e        0x2 C:/ST/STM32CubeIDE_1.16.0/STM32CubeIDE/plugins/com.st.stm32cube.ide.mcu.externaltools.gnu-tools-for-stm32.12.3.rel1.win32_1.1.0.202410251130/tools/bin/../lib/gcc/arm-none-eabi/12.3.1/../../../../arm-none-eabi/lib/thumb/v7-m/nofp\libc_nano.a(libc_a-lock.o)
                0x08006c8e                __retarget_lock_release_recursive
 .text.memcpy   0x08006c90       0x1c C:/ST/STM32CubeIDE_1.16.0/STM32CubeIDE/plugins/com.st.stm32cube.ide.mcu.externaltools.gnu-tools-for-stm32.12.3.rel1.win32_1.1.0.202410251130/tools/bin/../lib/gcc/arm-none-eabi/12.3.1/../../../../arm-none-eabi/lib/thumb/v7-m/nofp\libc_nano.a(libc_a-memcpy-stub.o)
                0x08006c90                memcpy
 .text._free_r  0x08006cac       0x90 C:/ST/STM32CubeIDE_1.16.0/STM32CubeIDE/plugins/com.st.stm32cube.ide.mcu.externaltools.gnu-tools-for-stm32.12.3.rel1.win32_1.1.0.202410251130/tools/bin/../lib/gcc/arm-none-eabi/12.3.1/../../../../arm-none-eabi/lib/thumb/v7-m/nofp\libc_nano.a(libc_a-freer.o)
                0x08006cac                _free_r
 .text.sbrk_aligned
                0x08006d3c       0x44 C:/ST/STM32CubeIDE_1.16.0/STM32CubeIDE/plugins/com.st.stm32cube.ide.mcu.externaltools.gnu-tools-for-stm32.12.3.rel1.win32_1.1.0.202410251130/tools/bin/../lib/gcc/arm-none-eabi/12.3.1/../../../../arm-none-eabi/lib/thumb/v7-m/nofp\libc_nano.a(libc_a-mallocr.o)
 .text._malloc_r
                0x08006d80      0x100 C:/ST/STM32CubeIDE_1.16.0/STM32CubeIDE/plugins/com.st.stm32cube.ide.mcu.externaltools.gnu-tools-for-stm32.12.3.rel1.win32_1.1.0.202410251130/tools/bin/../lib/gcc/arm-none-eabi/12.3.1/../../../../arm-none-eabi/lib/thumb/v7-m/nofp\libc_nano.a(libc_a-mallocr.o)
                0x08006d80                _malloc_r
 .text.__malloc_lock
                0x08006e80        0xc C:/ST/STM32CubeIDE_1.16.0/STM32CubeIDE/plugins/com.st.stm32cube.ide.mcu.externaltools.gnu-tools-for-stm32.12.3.rel1.win32_1.1.0.202410251130/tools/bin/../lib/gcc/arm-none-eabi/12.3.1/../../../../arm-none-eabi/lib/thumb/v7-m/nofp\libc_nano.a(libc_a-mlock.o)
                0x08006e80                __malloc_lock
 .text.__malloc_unlock
                0x08006e8c        0xc C:/ST/STM32CubeIDE_1.16.0/STM32CubeIDE/plugins/com.st.stm32cube.ide.mcu.externaltools.gnu-tools-for-stm32.12.3.rel1.win32_1.1.0.202410251130/tools/bin/../lib/gcc/arm-none-eabi/12.3.1/../../../../arm-none-eabi/lib/thumb/v7-m/nofp\libc_nano.a(libc_a-mlock.o)
                0x08006e8c                __malloc_unlock
 .text.__ssputs_r
                0x08006e98       0xb6 C:/ST/STM32CubeIDE_1.16.0/STM32CubeIDE/plugins/com.st.stm32cube.ide.mcu.externaltools.gnu-tools-for-stm32.12.3.rel1.win32_1.1.0.202410251130/tools/bin/../lib/gcc/arm-none-eabi/12.3.1/../../../../arm-none-eabi/lib/thumb/v7-m/nofp\libc_nano.a(libc_a-nano-svfprintf.o)
                0x08006e98                __ssputs_r
 *fill*         0x08006f4e        0x2 
 .text._svfprintf_r
                0x08006f50      0x1f8 C:/ST/STM32CubeIDE_1.16.0/STM32CubeIDE/plugins/com.st.stm32cube.ide.mcu.externaltools.gnu-tools-for-stm32.12.3.rel1.win32_1.1.0.202410251130/tools/bin/../lib/gcc/arm-none-eabi/12.3.1/../../../../arm-none-eabi/lib/thumb/v7-m/nofp\libc_nano.a(libc_a-nano-svfprintf.o)
                0x08006f50                _svfiprintf_r
                0x08006f50                _svfprintf_r
 .text._sungetc_r
                0x08007148       0x76 C:/ST/STM32CubeIDE_1.16.0/STM32CubeIDE/plugins/com.st.stm32cube.ide.mcu.externaltools.gnu-tools-for-stm32.12.3.rel1.win32_1.1.0.202410251130/tools/bin/../lib/gcc/arm-none-eabi/12.3.1/../../../../arm-none-eabi/lib/thumb/v7-m/nofp\libc_nano.a(libc_a-nano-svfscanf.o)
                0x08007148                _sungetc_r
 .text.__ssrefill_r
                0x080071be       0x3a C:/ST/STM32CubeIDE_1.16.0/STM32CubeIDE/plugins/com.st.stm32cube.ide.mcu.externaltools.gnu-tools-for-stm32.12.3.rel1.win32_1.1.0.202410251130/tools/bin/../lib/gcc/arm-none-eabi/12.3.1/../../../../arm-none-eabi/lib/thumb/v7-m/nofp\libc_nano.a(libc_a-nano-svfscanf.o)
                0x080071be                __ssrefill_r
 .text.__ssvfscanf_r
                0x080071f8      0x2e4 C:/ST/STM32CubeIDE_1.16.0/STM32CubeIDE/plugins/com.st.stm32cube.ide.mcu.externaltools.gnu-tools-for-stm32.12.3.rel1.win32_1.1.0.202410251130/tools/bin/../lib/gcc/arm-none-eabi/12.3.1/../../../../arm-none-eabi/lib/thumb/v7-m/nofp\libc_nano.a(libc_a-nano-svfscanf.o)
                0x080071f8                __ssvfiscanf_r
                0x080071f8                __ssvfscanf_r
 .text._printf_common
                0x080074dc       0xe4 C:/ST/STM32CubeIDE_1.16.0/STM32CubeIDE/plugins/com.st.stm32cube.ide.mcu.externaltools.gnu-tools-for-stm32.12.3.rel1.win32_1.1.0.202410251130/tools/bin/../lib/gcc/arm-none-eabi/12.3.1/../../../../arm-none-eabi/lib/thumb/v7-m/nofp\libc_nano.a(libc_a-nano-vfprintf_i.o)
                0x080074dc                _printf_common
 .text._printf_i
                0x080075c0      0x240 C:/ST/STM32CubeIDE_1.16.0/STM32CubeIDE/plugins/com.st.stm32cube.ide.mcu.externaltools.gnu-tools-for-stm32.12.3.rel1.win32_1.1.0.202410251130/tools/bin/../lib/gcc/arm-none-eabi/12.3.1/../../../../arm-none-eabi/lib/thumb/v7-m/nofp\libc_nano.a(libc_a-nano-vfprintf_i.o)
                0x080075c0                _printf_i
 .text._scanf_chars
                0x08007800       0xb4 C:/ST/STM32CubeIDE_1.16.0/STM32CubeIDE/plugins/com.st.stm32cube.ide.mcu.externaltools.gnu-tools-for-stm32.12.3.rel1.win32_1.1.0.202410251130/tools/bin/../lib/gcc/arm-none-eabi/12.3.1/../../../../arm-none-eabi/lib/thumb/v7-m/nofp\libc_nano.a(libc_a-nano-vfscanf_i.o)
                0x08007800                _scanf_chars
 .text._scanf_i
                0x080078b4      0x1e4 C:/ST/STM32CubeIDE_1.16.0/STM32CubeIDE/plugins/com.st.stm32cube.ide.mcu.externaltools.gnu-tools-for-stm32.12.3.rel1.win32_1.1.0.202410251130/tools/bin/../lib/gcc/arm-none-eabi/12.3.1/../../../../arm-none-eabi/lib/thumb/v7-m/nofp\libc_nano.a(libc_a-nano-vfscanf_i.o)
                0x080078b4                _scanf_i
 .text.__sccl   0x08007a98       0x72 C:/ST/STM32CubeIDE_1.16.0/STM32CubeIDE/plugins/com.st.stm32cube.ide.mcu.externaltools.gnu-tools-for-stm32.12.3.rel1.win32_1.1.0.202410251130/tools/bin/../lib/gcc/arm-none-eabi/12.3.1/../../../../arm-none-eabi/lib/thumb/v7-m/nofp\libc_nano.a(libc_a-sccl.o)
                0x08007a98                __sccl
 .text.__submore
                0x08007b0a       0x70 C:/ST/STM32CubeIDE_1.16.0/STM32CubeIDE/plugins/com.st.stm32cube.ide.mcu.externaltools.gnu-tools-for-stm32.12.3.rel1.win32_1.1.0.202410251130/tools/bin/../lib/gcc/arm-none-eabi/12.3.1/../../../../arm-none-eabi/lib/thumb/v7-m/nofp\libc_nano.a(libc_a-ungetc.o)
                0x08007b0a                __submore
 .text.memmove  0x08007b7a       0x34 C:/ST/STM32CubeIDE_1.16.0/STM32CubeIDE/plugins/com.st.stm32cube.ide.mcu.externaltools.gnu-tools-for-stm32.12.3.rel1.win32_1.1.0.202410251130/tools/bin/../lib/gcc/arm-none-eabi/12.3.1/../../../../arm-none-eabi/lib/thumb/v7-m/nofp\libc_nano.a(libc_a-memmove.o)
                0x08007b7a                memmove
 *fill*         0x08007bae        0x2 
 .text._sbrk_r  0x08007bb0       0x20 C:/ST/STM32CubeIDE_1.16.0/STM32CubeIDE/plugins/com.st.stm32cube.ide.mcu.externaltools.gnu-tools-for-stm32.12.3.rel1.win32_1.1.0.202410251130/tools/bin/../lib/gcc/arm-none-eabi/12.3.1/../../../../arm-none-eabi/lib/thumb/v7-m/nofp\libc_nano.a(libc_a-sbrkr.o)
                0x08007bb0                _sbrk_r
 .text.memchr   0x08007bd0       0x1c C:/ST/STM32CubeIDE_1.16.0/STM32CubeIDE/plugins/com.st.stm32cube.ide.mcu.externaltools.gnu-tools-for-stm32.12.3.rel1.win32_1.1.0.202410251130/tools/bin/../lib/gcc/arm-none-eabi/12.3.1/../../../../arm-none-eabi/lib/thumb/v7-m/nofp\libc_nano.a(libc_a-memchr-stub.o)
                0x08007bd0                memchr
 .text._realloc_r
                0x08007bec       0x5c C:/ST/STM32CubeIDE_1.16.0/STM32CubeIDE/plugins/com.st.stm32cube.ide.mcu.externaltools.gnu-tools-for-stm32.12.3.rel1.win32_1.1.0.202410251130/tools/bin/../lib/gcc/arm-none-eabi/12.3.1/../../../../arm-none-eabi/lib/thumb/v7-m/nofp\libc_nano.a(libc_a-reallocr.o)
                0x08007bec                _realloc_r
 .text._strtol_l.constprop.0
                0x08007c48       0xf4 C:/ST/STM32CubeIDE_1.16.0/STM32CubeIDE/plugins/com.st.stm32cube.ide.mcu.externaltools.gnu-tools-for-stm32.12.3.rel1.win32_1.1.0.202410251130/tools/bin/../lib/gcc/arm-none-eabi/12.3.1/../../../../arm-none-eabi/lib/thumb/v7-m/nofp\libc_nano.a(libc_a-strtol.o)
 .text._strtol_r
                0x08007d3c        0x4 C:/ST/STM32CubeIDE_1.16.0/STM32CubeIDE/plugins/com.st.stm32cube.ide.mcu.externaltools.gnu-tools-for-stm32.12.3.rel1.win32_1.1.0.202410251130/tools/bin/../lib/gcc/arm-none-eabi/12.3.1/../../../../arm-none-eabi/lib/thumb/v7-m/nofp\libc_nano.a(libc_a-strtol.o)
                0x08007d3c                _strtol_r
 .text._strtoul_l.constprop.0
                0x08007d40       0xdc C:/ST/STM32CubeIDE_1.16.0/STM32CubeIDE/plugins/com.st.stm32cube.ide.mcu.externaltools.gnu-tools-for-stm32.12.3.rel1.win32_1.1.0.202410251130/tools/bin/../lib/gcc/arm-none-eabi/12.3.1/../../../../arm-none-eabi/lib/thumb/v7-m/nofp\libc_nano.a(libc_a-strtoul.o)
 .text._strtoul_r
                0x08007e1c        0x4 C:/ST/STM32CubeIDE_1.16.0/STM32CubeIDE/plugins/com.st.stm32cube.ide.mcu.externaltools.gnu-tools-for-stm32.12.3.rel1.win32_1.1.0.202410251130/tools/bin/../lib/gcc/arm-none-eabi/12.3.1/../../../../arm-none-eabi/lib/thumb/v7-m/nofp\libc_nano.a(libc_a-strtoul.o)
                0x08007e1c                _strtoul_r
 .text._malloc_usable_size_r
                0x08007e20       0x10 C:/ST/STM32CubeIDE_1.16.0/STM32CubeIDE/plugins/com.st.stm32cube.ide.mcu.externaltools.gnu-tools-for-stm32.12.3.rel1.win32_1.1.0.202410251130/tools/bin/../lib/gcc/arm-none-eabi/12.3.1/../../../../arm-none-eabi/lib/thumb/v7-m/nofp\libc_nano.a(libc_a-msizer.o)
                0x08007e20                _malloc_usable_size_r
 *(.glue_7)
 .glue_7        0x08007e30        0x0 linker stubs
 *(.glue_7t)
 .glue_7t       0x08007e30        0x0 linker stubs
 *(.eh_frame)
 .eh_frame      0x08007e30        0x0 C:/ST/STM32CubeIDE_1.16.0/STM32CubeIDE/plugins/com.st.stm32cube.ide.mcu.externaltools.gnu-tools-for-stm32.12.3.rel1.win32_1.1.0.202410251130/tools/bin/../lib/gcc/arm-none-eabi/12.3.1/thumb/v7-m/nofp/crtbegin.o
 *(.init)
 .init          0x08007e30        0x4 C:/ST/STM32CubeIDE_1.16.0/STM32CubeIDE/plugins/com.st.stm32cube.ide.mcu.externaltools.gnu-tools-for-stm32.12.3.rel1.win32_1.1.0.202410251130/tools/bin/../lib/gcc/arm-none-eabi/12.3.1/thumb/v7-m/nofp/crti.o
                0x08007e30                _init
 .init          0x08007e34        0x8 C:/ST/STM32CubeIDE_1.16.0/STM32CubeIDE/plugins/com.st.stm32cube.ide.mcu.externaltools.gnu-tools-for-stm32.12.3.rel1.win32_1.1.0.202410251130/tools/bin/../lib/gcc/arm-none-eabi/12.3.1/thumb/v7-m/nofp/crtn.o
 *(.fini)
 .fini          0x08007e3c        0x4 C:/ST/STM32CubeIDE_1.16.0/STM32CubeIDE/plugins/com.st.stm32cube.ide.mcu.externaltools.gnu-tools-for-stm32.12.3.rel1.win32_1.1.0.202410251130/tools/bin/../lib/gcc/arm-none-eabi/12.3.1/thumb/v7-m/nofp/crti.o
                0x08007e3c                _fini
 .fini          0x08007e40        0x8 C:/ST/STM32CubeIDE_1.16.0/STM32CubeIDE/plugins/com.st.stm32cube.ide.mcu.externaltools.gnu-tools-for-stm32.12.3.rel1.win32_1.1.0.202410251130/tools/bin/../lib/gcc/arm-none-eabi/12.3.1/thumb/v7-m/nofp/crtn.o
                0x08007e48                        . = ALIGN (0x4)
                0x08007e48                        _etext = .

.vfp11_veneer   0x08007e48        0x0
 .vfp11_veneer  0x08007e48        0x0 linker stubs

.v4_bx          0x08007e48        0x0
 .v4_bx         0x08007e48        0x0 linker stubs

.iplt           0x08007e48        0x0
 .iplt          0x08007e48        0x0 C:/ST/STM32CubeIDE_1.16.0/STM32CubeIDE/plugins/com.st.stm32cube.ide.mcu.externaltools.gnu-tools-for-stm32.12.3.rel1.win32_1.1.0.202410251130/tools/bin/../lib/gcc/arm-none-eabi/12.3.1/thumb/v7-m/nofp/crtbegin.o

.rodata         0x08007e48      0x478
                0x08007e48                        . = ALIGN (0x4)
 *(.rodata)
 .rodata        0x08007e48      0x2bc ./Core/Src/esp01s.o
 .rodata        0x08008104       0x14 ./Core/Src/main.o
 .rodata        0x08008118        0xc C:/ST/STM32CubeIDE_1.16.0/STM32CubeIDE/plugins/com.st.stm32cube.ide.mcu.externaltools.gnu-tools-for-stm32.12.3.rel1.win32_1.1.0.202410251130/tools/bin/../lib/gcc/arm-none-eabi/12.3.1/../../../../arm-none-eabi/lib/thumb/v7-m/nofp\libc_nano.a(libc_a-nano-vfscanf_i.o)
 *(.rodata*)
 .rodata.SX1278_Power
                0x08008124        0x4 ./Core/Src/SX1278.o
 .rodata.SX1278_SpreadFactor
                0x08008128        0x7 ./Core/Src/SX1278.o
 *fill*         0x0800812f        0x1 
 .rodata.SX1278_LoRaBandwidth
                0x08008130        0xa ./Core/Src/SX1278.o
 *fill*         0x0800813a        0x2 
 .rodata.SX1278_CodingRate
                0x0800813c        0x4 ./Core/Src/SX1278.o
 .rodata.SX1278_CRC_Sum
                0x08008140        0x2 ./Core/Src/SX1278.o
 *fill*         0x08008142        0x2 
 .rodata.AHBPrescTable
                0x08008144       0x10 ./Core/Src/system_stm32f1xx.o
                0x08008144                AHBPrescTable
 .rodata.APBPrescTable
                0x08008154        0x8 ./Core/Src/system_stm32f1xx.o
                0x08008154                APBPrescTable
 .rodata.aPLLMULFactorTable.1
                0x0800815c       0x10 ./Drivers/STM32F1xx_HAL_Driver/stm32f1xx_hal_rcc.o
 .rodata.aPredivFactorTable.0
                0x0800816c        0x2 ./Drivers/STM32F1xx_HAL_Driver/stm32f1xx_hal_rcc.o
 .rodata._svfprintf_r.str1.1
                0x0800816e       0x11 C:/ST/STM32CubeIDE_1.16.0/STM32CubeIDE/plugins/com.st.stm32cube.ide.mcu.externaltools.gnu-tools-for-stm32.12.3.rel1.win32_1.1.0.202410251130/tools/bin/../lib/gcc/arm-none-eabi/12.3.1/../../../../arm-none-eabi/lib/thumb/v7-m/nofp\libc_nano.a(libc_a-nano-svfprintf.o)
 .rodata.__ssvfscanf_r.str1.1
                0x0800817f        0x4 C:/ST/STM32CubeIDE_1.16.0/STM32CubeIDE/plugins/com.st.stm32cube.ide.mcu.externaltools.gnu-tools-for-stm32.12.3.rel1.win32_1.1.0.202410251130/tools/bin/../lib/gcc/arm-none-eabi/12.3.1/../../../../arm-none-eabi/lib/thumb/v7-m/nofp\libc_nano.a(libc_a-nano-svfscanf.o)
 .rodata._printf_i.str1.1
                0x0800817f       0x22 C:/ST/STM32CubeIDE_1.16.0/STM32CubeIDE/plugins/com.st.stm32cube.ide.mcu.externaltools.gnu-tools-for-stm32.12.3.rel1.win32_1.1.0.202410251130/tools/bin/../lib/gcc/arm-none-eabi/12.3.1/../../../../arm-none-eabi/lib/thumb/v7-m/nofp\libc_nano.a(libc_a-nano-vfprintf_i.o)
 .rodata._scanf_i.str1.1
                0x080081a1       0x12 C:/ST/STM32CubeIDE_1.16.0/STM32CubeIDE/plugins/com.st.stm32cube.ide.mcu.externaltools.gnu-tools-for-stm32.12.3.rel1.win32_1.1.0.202410251130/tools/bin/../lib/gcc/arm-none-eabi/12.3.1/../../../../arm-none-eabi/lib/thumb/v7-m/nofp\libc_nano.a(libc_a-nano-vfscanf_i.o)
 .rodata.str1.1
                0x080081b3        0x9 C:/ST/STM32CubeIDE_1.16.0/STM32CubeIDE/plugins/com.st.stm32cube.ide.mcu.externaltools.gnu-tools-for-stm32.12.3.rel1.win32_1.1.0.202410251130/tools/bin/../lib/gcc/arm-none-eabi/12.3.1/../../../../arm-none-eabi/lib/thumb/v7-m/nofp\libc_nano.a(libc_a-nano-vfscanf_i.o)
 .rodata._ctype_
                0x080081bc      0x101 C:/ST/STM32CubeIDE_1.16.0/STM32CubeIDE/plugins/com.st.stm32cube.ide.mcu.externaltools.gnu-tools-for-stm32.12.3.rel1.win32_1.1.0.202410251130/tools/bin/../lib/gcc/arm-none-eabi/12.3.1/../../../../arm-none-eabi/lib/thumb/v7-m/nofp\libc_nano.a(libc_a-ctype_.o)
                0x080081bc                _ctype_
                0x080082c0                        . = ALIGN (0x4)
 *fill*         0x080082bd        0x3 

.ARM.extab      0x080082c0        0x0
                0x080082c0                        . = ALIGN (0x4)
 *(.ARM.extab* .gnu.linkonce.armextab.*)
                0x080082c0                        . = ALIGN (0x4)

.ARM            0x080082c0        0x8
                0x080082c0                        . = ALIGN (0x4)
                0x080082c0                        __exidx_start = .
 *(.ARM.exidx*)
 .ARM.exidx     0x080082c0        0x8 C:/ST/STM32CubeIDE_1.16.0/STM32CubeIDE/plugins/com.st.stm32cube.ide.mcu.externaltools.gnu-tools-for-stm32.12.3.rel1.win32_1.1.0.202410251130/tools/bin/../lib/gcc/arm-none-eabi/12.3.1/../../../../arm-none-eabi/lib/thumb/v7-m/nofp\libc_nano.a(libc_a-strlen.o)
 .ARM.exidx     0x080082c8        0x0 C:/ST/STM32CubeIDE_1.16.0/STM32CubeIDE/plugins/com.st.stm32cube.ide.mcu.externaltools.gnu-tools-for-stm32.12.3.rel1.win32_1.1.0.202410251130/tools/bin/../lib/gcc/arm-none-eabi/12.3.1/thumb/v7-m/nofp\libgcc.a(_udivmoddi4.o)
                                  0x8 (size before relaxing)
                0x080082c8                        __exidx_end = .
                0x080082c8                        . = ALIGN (0x4)

.preinit_array  0x080082c8        0x0
                0x080082c8                        . = ALIGN (0x4)
                0x080082c8                        PROVIDE (__preinit_array_start = .)
 *(.preinit_array*)
                0x080082c8                        PROVIDE (__preinit_array_end = .)
                0x080082c8                        . = ALIGN (0x4)

.init_array     0x080082c8        0x4
                0x080082c8                        . = ALIGN (0x4)
                0x080082c8                        PROVIDE (__init_array_start = .)
 *(SORT_BY_NAME(.init_array.*))
 *(.init_array*)
 .init_array    0x080082c8        0x4 C:/ST/STM32CubeIDE_1.16.0/STM32CubeIDE/plugins/com.st.stm32cube.ide.mcu.externaltools.gnu-tools-for-stm32.12.3.rel1.win32_1.1.0.202410251130/tools/bin/../lib/gcc/arm-none-eabi/12.3.1/thumb/v7-m/nofp/crtbegin.o
                0x080082cc                        PROVIDE (__init_array_end = .)
                0x080082cc                        . = ALIGN (0x4)

.fini_array     0x080082cc        0x4
                0x080082cc                        . = ALIGN (0x4)
                [!provide]                        PROVIDE (__fini_array_start = .)
 *(SORT_BY_NAME(.fini_array.*))
 *(.fini_array*)
 .fini_array    0x080082cc        0x4 C:/ST/STM32CubeIDE_1.16.0/STM32CubeIDE/plugins/com.st.stm32cube.ide.mcu.externaltools.gnu-tools-for-stm32.12.3.rel1.win32_1.1.0.202410251130/tools/bin/../lib/gcc/arm-none-eabi/12.3.1/thumb/v7-m/nofp/crtbegin.o
                [!provide]                        PROVIDE (__fini_array_end = .)
                0x080082d0                        . = ALIGN (0x4)
                0x080082d0                        _sidata = LOADADDR (.data)

.rel.dyn        0x080082d0        0x0
 .rel.iplt      0x080082d0        0x0 C:/ST/STM32CubeIDE_1.16.0/STM32CubeIDE/plugins/com.st.stm32cube.ide.mcu.externaltools.gnu-tools-for-stm32.12.3.rel1.win32_1.1.0.202410251130/tools/bin/../lib/gcc/arm-none-eabi/12.3.1/thumb/v7-m/nofp/crtbegin.o

.data           0x20000000       0xd4 load address 0x080082d0
                0x20000000                        . = ALIGN (0x4)
                0x20000000                        _sdata = .
 *(.data)
 *(.data*)
 .data.ssid     0x20000000        0x5 ./Core/Src/esp01s.o
                0x20000000                ssid
 *fill*         0x20000005        0x3 
 .data.password
                0x20000008        0x9 ./Core/Src/esp01s.o
                0x20000008                password
 *fill*         0x20000011        0x3 
 .data.server_ip
                0x20000014        0xf ./Core/Src/esp01s.o
                0x20000014                server_ip
 *fill*         0x20000023        0x1 
 .data.server_port
                0x20000024        0x4 ./Core/Src/esp01s.o
                0x20000024                server_port
 .data.api_get_path
                0x20000028       0x14 ./Core/Src/esp01s.o
                0x20000028                api_get_path
 .data.api_post_path
                0x2000003c       0x11 ./Core/Src/esp01s.o
                0x2000003c                api_post_path
 *fill*         0x2000004d        0x3 
 .data.sensor_id
                0x20000050        0x4 ./Core/Src/main.o
                0x20000050                sensor_id
 .data.get_timeout
                0x20000054        0x4 ./Core/Src/main.o
                0x20000054                get_timeout
 .data.get_wake_up
                0x20000058        0x4 ./Core/Src/main.o
                0x20000058                get_wake_up
 .data.sensor_1_timeout
                0x2000005c        0x4 ./Core/Src/main.o
                0x2000005c                sensor_1_timeout
 .data.sensor_2_timeout
                0x20000060        0x4 ./Core/Src/main.o
                0x20000060                sensor_2_timeout
 .data.sensor_3_timeout
                0x20000064        0x4 ./Core/Src/main.o
                0x20000064                sensor_3_timeout
 .data.sensor_1_wakeup
                0x20000068        0x4 ./Core/Src/main.o
                0x20000068                sensor_1_wakeup
 .data.sensor_2_wakeup
                0x2000006c        0x4 ./Core/Src/main.o
                0x2000006c                sensor_2_wakeup
 .data.sensor_3_wakeup
                0x20000070        0x4 ./Core/Src/main.o
                0x20000070                sensor_3_wakeup
 .data.reverse_time
                0x20000074        0x4 ./Core/Src/main.o
                0x20000074                reverse_time
 .data.SystemCoreClock
                0x20000078        0x4 ./Core/Src/system_stm32f1xx.o
                0x20000078                SystemCoreClock
 .data.uwTickPrio
                0x2000007c        0x4 ./Drivers/STM32F1xx_HAL_Driver/stm32f1xx_hal.o
                0x2000007c                uwTickPrio
 .data.uwTickFreq
                0x20000080        0x1 ./Drivers/STM32F1xx_HAL_Driver/stm32f1xx_hal.o
                0x20000080                uwTickFreq
 *fill*         0x20000081        0x3 
 .data._impure_ptr
                0x20000084        0x4 C:/ST/STM32CubeIDE_1.16.0/STM32CubeIDE/plugins/com.st.stm32cube.ide.mcu.externaltools.gnu-tools-for-stm32.12.3.rel1.win32_1.1.0.202410251130/tools/bin/../lib/gcc/arm-none-eabi/12.3.1/../../../../arm-none-eabi/lib/thumb/v7-m/nofp\libc_nano.a(libc_a-impure.o)
                0x20000084                _impure_ptr
 .data._impure_data
                0x20000088       0x4c C:/ST/STM32CubeIDE_1.16.0/STM32CubeIDE/plugins/com.st.stm32cube.ide.mcu.externaltools.gnu-tools-for-stm32.12.3.rel1.win32_1.1.0.202410251130/tools/bin/../lib/gcc/arm-none-eabi/12.3.1/../../../../arm-none-eabi/lib/thumb/v7-m/nofp\libc_nano.a(libc_a-impure.o)
                0x20000088                _impure_data
 *(.RamFunc)
 *(.RamFunc*)
                0x200000d4                        . = ALIGN (0x4)
                0x200000d4                        _edata = .

.igot.plt       0x200000d4        0x0 load address 0x080083a4
 .igot.plt      0x200000d4        0x0 C:/ST/STM32CubeIDE_1.16.0/STM32CubeIDE/plugins/com.st.stm32cube.ide.mcu.externaltools.gnu-tools-for-stm32.12.3.rel1.win32_1.1.0.202410251130/tools/bin/../lib/gcc/arm-none-eabi/12.3.1/thumb/v7-m/nofp/crtbegin.o
                0x200000d4                        . = ALIGN (0x4)

.bss            0x200000d8     0x1fb4 load address 0x080083a4
                0x200000d8                        _sbss = .
                0x200000d8                        __bss_start__ = _sbss
 *(.bss)
 .bss           0x200000d8       0x1c C:/ST/STM32CubeIDE_1.16.0/STM32CubeIDE/plugins/com.st.stm32cube.ide.mcu.externaltools.gnu-tools-for-stm32.12.3.rel1.win32_1.1.0.202410251130/tools/bin/../lib/gcc/arm-none-eabi/12.3.1/thumb/v7-m/nofp/crtbegin.o
 *(.bss*)
 .bss.calibData
                0x200000f4       0x18 ./Core/Src/BMP280_sak.o
                0x200000f4                calibData
 .bss.t_fine    0x2000010c        0x4 ./Core/Src/BMP280_sak.o
                0x2000010c                t_fine
 .bss.hi2c1     0x20000110       0x54 ./Core/Src/i2c.o
                0x20000110                hi2c1
 .bss.temperature
                0x20000164        0x4 ./Core/Src/main.o
                0x20000164                temperature
 .bss.humidity  0x20000168        0x4 ./Core/Src/main.o
                0x20000168                humidity
 .bss.pressure  0x2000016c        0x4 ./Core/Src/main.o
                0x2000016c                pressure
 .bss.temperature_int
                0x20000170        0x4 ./Core/Src/main.o
                0x20000170                temperature_int
 .bss.humidity_int
                0x20000174        0x4 ./Core/Src/main.o
                0x20000174                humidity_int
 .bss.pressure_int
                0x20000178        0x4 ./Core/Src/main.o
                0x20000178                pressure_int
 .bss.readings  0x2000017c      0x370 ./Core/Src/main.o
                0x2000017c                readings
 .bss.SX1278_hw
                0x200004ec       0x1c ./Core/Src/main.o
                0x200004ec                SX1278_hw
 .bss.SX1278    0x20000508      0x118 ./Core/Src/main.o
                0x20000508                SX1278
 .bss.receiver  0x20000620        0x4 ./Core/Src/main.o
                0x20000620                receiver
 .bss.ret       0x20000624        0x4 ./Core/Src/main.o
                0x20000624                ret
 .bss.LoRaTxBuffer
                0x20000628      0x200 ./Core/Src/main.o
                0x20000628                LoRaTxBuffer
 .bss.LoRaRxBuffer
                0x20000828      0x200 ./Core/Src/main.o
                0x20000828                LoRaRxBuffer
 .bss.tx_len    0x20000a28        0x4 ./Core/Src/main.o
                0x20000a28                tx_len
 .bss.control_val
                0x20000a2c        0x4 ./Core/Src/main.o
                0x20000a2c                control_val
 .bss.Esp       0x20000a30     0x1464 ./Core/Src/main.o
                0x20000a30                Esp
 .bss.current_time
                0x20001e94        0x4 ./Core/Src/main.o
                0x20001e94                current_time
 .bss.inside_counter
                0x20001e98        0x4 ./Core/Src/main.o
                0x20001e98                inside_counter
 .bss.hspi1     0x20001e9c       0x58 ./Core/Src/spi.o
                0x20001e9c                hspi1
 .bss.__sbrk_heap_end
                0x20001ef4        0x4 ./Core/Src/sysmem.o
 .bss.huart1    0x20001ef8       0x48 ./Core/Src/usart.o
                0x20001ef8                huart1
 .bss.uwTick    0x20001f40        0x4 ./Drivers/STM32F1xx_HAL_Driver/stm32f1xx_hal.o
                0x20001f40                uwTick
 .bss.__sf      0x20001f44      0x138 C:/ST/STM32CubeIDE_1.16.0/STM32CubeIDE/plugins/com.st.stm32cube.ide.mcu.externaltools.gnu-tools-for-stm32.12.3.rel1.win32_1.1.0.202410251130/tools/bin/../lib/gcc/arm-none-eabi/12.3.1/../../../../arm-none-eabi/lib/thumb/v7-m/nofp\libc_nano.a(libc_a-findfp.o)
                0x20001f44                __sf
 .bss.errno     0x2000207c        0x4 C:/ST/STM32CubeIDE_1.16.0/STM32CubeIDE/plugins/com.st.stm32cube.ide.mcu.externaltools.gnu-tools-for-stm32.12.3.rel1.win32_1.1.0.202410251130/tools/bin/../lib/gcc/arm-none-eabi/12.3.1/../../../../arm-none-eabi/lib/thumb/v7-m/nofp\libc_nano.a(libc_a-reent.o)
                0x2000207c                errno
 .bss.__lock___malloc_recursive_mutex
                0x20002080        0x1 C:/ST/STM32CubeIDE_1.16.0/STM32CubeIDE/plugins/com.st.stm32cube.ide.mcu.externaltools.gnu-tools-for-stm32.12.3.rel1.win32_1.1.0.202410251130/tools/bin/../lib/gcc/arm-none-eabi/12.3.1/../../../../arm-none-eabi/lib/thumb/v7-m/nofp\libc_nano.a(libc_a-lock.o)
                0x20002080                __lock___malloc_recursive_mutex
 *fill*         0x20002081        0x3 
 .bss.__malloc_sbrk_start
                0x20002084        0x4 C:/ST/STM32CubeIDE_1.16.0/STM32CubeIDE/plugins/com.st.stm32cube.ide.mcu.externaltools.gnu-tools-for-stm32.12.3.rel1.win32_1.1.0.202410251130/tools/bin/../lib/gcc/arm-none-eabi/12.3.1/../../../../arm-none-eabi/lib/thumb/v7-m/nofp\libc_nano.a(libc_a-mallocr.o)
                0x20002084                __malloc_sbrk_start
 .bss.__malloc_free_list
                0x20002088        0x4 C:/ST/STM32CubeIDE_1.16.0/STM32CubeIDE/plugins/com.st.stm32cube.ide.mcu.externaltools.gnu-tools-for-stm32.12.3.rel1.win32_1.1.0.202410251130/tools/bin/../lib/gcc/arm-none-eabi/12.3.1/../../../../arm-none-eabi/lib/thumb/v7-m/nofp\libc_nano.a(libc_a-mallocr.o)
                0x20002088                __malloc_free_list
 *(COMMON)
                0x2000208c                        . = ALIGN (0x4)
                0x2000208c                        _ebss = .
                0x2000208c                        __bss_end__ = _ebss

._user_heap_stack
                0x2000208c      0x604 load address 0x080083a4
                0x20002090                        . = ALIGN (0x8)
 *fill*         0x2000208c        0x4 
                [!provide]                        PROVIDE (end = .)
                0x20002090                        PROVIDE (_end = .)
                0x20002290                        . = (. + _Min_Heap_Size)
 *fill*         0x20002090      0x200 
                0x20002690                        . = (. + _Min_Stack_Size)
 *fill*         0x20002290      0x400 
                0x20002690                        . = ALIGN (0x8)

/DISCARD/
 libc.a(*)
 libm.a(*)
 libgcc.a(*)

.ARM.attributes
                0x00000000       0x29
 *(.ARM.attributes)
 .ARM.attributes
                0x00000000       0x1d C:/ST/STM32CubeIDE_1.16.0/STM32CubeIDE/plugins/com.st.stm32cube.ide.mcu.externaltools.gnu-tools-for-stm32.12.3.rel1.win32_1.1.0.202410251130/tools/bin/../lib/gcc/arm-none-eabi/12.3.1/thumb/v7-m/nofp/crti.o
 .ARM.attributes
                0x0000001d       0x2d C:/ST/STM32CubeIDE_1.16.0/STM32CubeIDE/plugins/com.st.stm32cube.ide.mcu.externaltools.gnu-tools-for-stm32.12.3.rel1.win32_1.1.0.202410251130/tools/bin/../lib/gcc/arm-none-eabi/12.3.1/thumb/v7-m/nofp/crtbegin.o
 .ARM.attributes
                0x0000004a       0x2d ./Core/Src/AHT20.o
 .ARM.attributes
                0x00000077       0x2d ./Core/Src/BMP280_sak.o
 .ARM.attributes
                0x000000a4       0x2d ./Core/Src/SX1278.o
 .ARM.attributes
                0x000000d1       0x2d ./Core/Src/SX1278_hw.o
 .ARM.attributes
                0x000000fe       0x2d ./Core/Src/esp01s.o
 .ARM.attributes
                0x0000012b       0x2d ./Core/Src/gpio.o
 .ARM.attributes
                0x00000158       0x2d ./Core/Src/i2c.o
 .ARM.attributes
                0x00000185       0x2d ./Core/Src/main.o
 .ARM.attributes
                0x000001b2       0x2d ./Core/Src/readings.o
 .ARM.attributes
                0x000001df       0x2d ./Core/Src/spi.o
 .ARM.attributes
                0x0000020c       0x2d ./Core/Src/stm32f1xx_hal_msp.o
 .ARM.attributes
                0x00000239       0x2d ./Core/Src/stm32f1xx_it.o
 .ARM.attributes
                0x00000266       0x2d ./Core/Src/sysmem.o
 .ARM.attributes
                0x00000293       0x2d ./Core/Src/system_stm32f1xx.o
 .ARM.attributes
                0x000002c0       0x2d ./Core/Src/usart.o
 .ARM.attributes
                0x000002ed       0x21 ./Core/Startup/startup_stm32f103c8tx.o
 .ARM.attributes
                0x0000030e       0x2d ./Drivers/STM32F1xx_HAL_Driver/stm32f1xx_hal.o
 .ARM.attributes
                0x0000033b       0x2d ./Drivers/STM32F1xx_HAL_Driver/stm32f1xx_hal_cortex.o
 .ARM.attributes
                0x00000368       0x2d ./Drivers/STM32F1xx_HAL_Driver/stm32f1xx_hal_gpio.o
 .ARM.attributes
                0x00000395       0x2d ./Drivers/STM32F1xx_HAL_Driver/stm32f1xx_hal_i2c.o
 .ARM.attributes
                0x000003c2       0x2d ./Drivers/STM32F1xx_HAL_Driver/stm32f1xx_hal_rcc.o
 .ARM.attributes
                0x000003ef       0x2d ./Drivers/STM32F1xx_HAL_Driver/stm32f1xx_hal_spi.o
 .ARM.attributes
                0x0000041c       0x2d ./Drivers/STM32F1xx_HAL_Driver/stm32f1xx_hal_uart.o
 .ARM.attributes
                0x00000449       0x2d C:/ST/STM32CubeIDE_1.16.0/STM32CubeIDE/plugins/com.st.stm32cube.ide.mcu.externaltools.gnu-tools-for-stm32.12.3.rel1.win32_1.1.0.202410251130/tools/bin/../lib/gcc/arm-none-eabi/12.3.1/../../../../arm-none-eabi/lib/thumb/v7-m/nofp\libc_nano.a(libc_a-findfp.o)
 .ARM.attributes
                0x00000476       0x2d C:/ST/STM32CubeIDE_1.16.0/STM32CubeIDE/plugins/com.st.stm32cube.ide.mcu.externaltools.gnu-tools-for-stm32.12.3.rel1.win32_1.1.0.202410251130/tools/bin/../lib/gcc/arm-none-eabi/12.3.1/../../../../arm-none-eabi/lib/thumb/v7-m/nofp\libc_nano.a(libc_a-sprintf.o)
 .ARM.attributes
                0x000004a3       0x2d C:/ST/STM32CubeIDE_1.16.0/STM32CubeIDE/plugins/com.st.stm32cube.ide.mcu.externaltools.gnu-tools-for-stm32.12.3.rel1.win32_1.1.0.202410251130/tools/bin/../lib/gcc/arm-none-eabi/12.3.1/../../../../arm-none-eabi/lib/thumb/v7-m/nofp\libc_nano.a(libc_a-sscanf.o)
 .ARM.attributes
                0x000004d0       0x2d C:/ST/STM32CubeIDE_1.16.0/STM32CubeIDE/plugins/com.st.stm32cube.ide.mcu.externaltools.gnu-tools-for-stm32.12.3.rel1.win32_1.1.0.202410251130/tools/bin/../lib/gcc/arm-none-eabi/12.3.1/../../../../arm-none-eabi/lib/thumb/v7-m/nofp\libc_nano.a(libc_a-stdio.o)
 .ARM.attributes
                0x000004fd       0x2d C:/ST/STM32CubeIDE_1.16.0/STM32CubeIDE/plugins/com.st.stm32cube.ide.mcu.externaltools.gnu-tools-for-stm32.12.3.rel1.win32_1.1.0.202410251130/tools/bin/../lib/gcc/arm-none-eabi/12.3.1/../../../../arm-none-eabi/lib/thumb/v7-m/nofp\libc_nano.a(libc_a-memset.o)
 .ARM.attributes
                0x0000052a       0x2d C:/ST/STM32CubeIDE_1.16.0/STM32CubeIDE/plugins/com.st.stm32cube.ide.mcu.externaltools.gnu-tools-for-stm32.12.3.rel1.win32_1.1.0.202410251130/tools/bin/../lib/gcc/arm-none-eabi/12.3.1/../../../../arm-none-eabi/lib/thumb/v7-m/nofp\libc_nano.a(libc_a-strchr.o)
 .ARM.attributes
                0x00000557       0x2d C:/ST/STM32CubeIDE_1.16.0/STM32CubeIDE/plugins/com.st.stm32cube.ide.mcu.externaltools.gnu-tools-for-stm32.12.3.rel1.win32_1.1.0.202410251130/tools/bin/../lib/gcc/arm-none-eabi/12.3.1/../../../../arm-none-eabi/lib/thumb/v7-m/nofp\libc_nano.a(libc_a-strstr.o)
 .ARM.attributes
                0x00000584       0x2d C:/ST/STM32CubeIDE_1.16.0/STM32CubeIDE/plugins/com.st.stm32cube.ide.mcu.externaltools.gnu-tools-for-stm32.12.3.rel1.win32_1.1.0.202410251130/tools/bin/../lib/gcc/arm-none-eabi/12.3.1/../../../../arm-none-eabi/lib/thumb/v7-m/nofp\libc_nano.a(libc_a-reent.o)
 .ARM.attributes
                0x000005b1       0x2d C:/ST/STM32CubeIDE_1.16.0/STM32CubeIDE/plugins/com.st.stm32cube.ide.mcu.externaltools.gnu-tools-for-stm32.12.3.rel1.win32_1.1.0.202410251130/tools/bin/../lib/gcc/arm-none-eabi/12.3.1/../../../../arm-none-eabi/lib/thumb/v7-m/nofp\libc_nano.a(libc_a-impure.o)
 .ARM.attributes
                0x000005de       0x2d C:/ST/STM32CubeIDE_1.16.0/STM32CubeIDE/plugins/com.st.stm32cube.ide.mcu.externaltools.gnu-tools-for-stm32.12.3.rel1.win32_1.1.0.202410251130/tools/bin/../lib/gcc/arm-none-eabi/12.3.1/../../../../arm-none-eabi/lib/thumb/v7-m/nofp\libc_nano.a(libc_a-errno.o)
 .ARM.attributes
                0x0000060b       0x2d C:/ST/STM32CubeIDE_1.16.0/STM32CubeIDE/plugins/com.st.stm32cube.ide.mcu.externaltools.gnu-tools-for-stm32.12.3.rel1.win32_1.1.0.202410251130/tools/bin/../lib/gcc/arm-none-eabi/12.3.1/../../../../arm-none-eabi/lib/thumb/v7-m/nofp\libc_nano.a(libc_a-init.o)
 .ARM.attributes
                0x00000638       0x2d C:/ST/STM32CubeIDE_1.16.0/STM32CubeIDE/plugins/com.st.stm32cube.ide.mcu.externaltools.gnu-tools-for-stm32.12.3.rel1.win32_1.1.0.202410251130/tools/bin/../lib/gcc/arm-none-eabi/12.3.1/../../../../arm-none-eabi/lib/thumb/v7-m/nofp\libc_nano.a(libc_a-lock.o)
 .ARM.attributes
                0x00000665       0x2d C:/ST/STM32CubeIDE_1.16.0/STM32CubeIDE/plugins/com.st.stm32cube.ide.mcu.externaltools.gnu-tools-for-stm32.12.3.rel1.win32_1.1.0.202410251130/tools/bin/../lib/gcc/arm-none-eabi/12.3.1/../../../../arm-none-eabi/lib/thumb/v7-m/nofp\libc_nano.a(libc_a-memcpy-stub.o)
 .ARM.attributes
                0x00000692       0x17 C:/ST/STM32CubeIDE_1.16.0/STM32CubeIDE/plugins/com.st.stm32cube.ide.mcu.externaltools.gnu-tools-for-stm32.12.3.rel1.win32_1.1.0.202410251130/tools/bin/../lib/gcc/arm-none-eabi/12.3.1/../../../../arm-none-eabi/lib/thumb/v7-m/nofp\libc_nano.a(libc_a-strlen.o)
 .ARM.attributes
                0x000006a9       0x2d C:/ST/STM32CubeIDE_1.16.0/STM32CubeIDE/plugins/com.st.stm32cube.ide.mcu.externaltools.gnu-tools-for-stm32.12.3.rel1.win32_1.1.0.202410251130/tools/bin/../lib/gcc/arm-none-eabi/12.3.1/../../../../arm-none-eabi/lib/thumb/v7-m/nofp\libc_nano.a(libc_a-freer.o)
 .ARM.attributes
                0x000006d6       0x2d C:/ST/STM32CubeIDE_1.16.0/STM32CubeIDE/plugins/com.st.stm32cube.ide.mcu.externaltools.gnu-tools-for-stm32.12.3.rel1.win32_1.1.0.202410251130/tools/bin/../lib/gcc/arm-none-eabi/12.3.1/../../../../arm-none-eabi/lib/thumb/v7-m/nofp\libc_nano.a(libc_a-mallocr.o)
 .ARM.attributes
                0x00000703       0x2d C:/ST/STM32CubeIDE_1.16.0/STM32CubeIDE/plugins/com.st.stm32cube.ide.mcu.externaltools.gnu-tools-for-stm32.12.3.rel1.win32_1.1.0.202410251130/tools/bin/../lib/gcc/arm-none-eabi/12.3.1/../../../../arm-none-eabi/lib/thumb/v7-m/nofp\libc_nano.a(libc_a-mlock.o)
 .ARM.attributes
                0x00000730       0x2d C:/ST/STM32CubeIDE_1.16.0/STM32CubeIDE/plugins/com.st.stm32cube.ide.mcu.externaltools.gnu-tools-for-stm32.12.3.rel1.win32_1.1.0.202410251130/tools/bin/../lib/gcc/arm-none-eabi/12.3.1/../../../../arm-none-eabi/lib/thumb/v7-m/nofp\libc_nano.a(libc_a-nano-svfprintf.o)
 .ARM.attributes
                0x0000075d       0x2d C:/ST/STM32CubeIDE_1.16.0/STM32CubeIDE/plugins/com.st.stm32cube.ide.mcu.externaltools.gnu-tools-for-stm32.12.3.rel1.win32_1.1.0.202410251130/tools/bin/../lib/gcc/arm-none-eabi/12.3.1/../../../../arm-none-eabi/lib/thumb/v7-m/nofp\libc_nano.a(libc_a-nano-svfscanf.o)
 .ARM.attributes
                0x0000078a       0x2d C:/ST/STM32CubeIDE_1.16.0/STM32CubeIDE/plugins/com.st.stm32cube.ide.mcu.externaltools.gnu-tools-for-stm32.12.3.rel1.win32_1.1.0.202410251130/tools/bin/../lib/gcc/arm-none-eabi/12.3.1/../../../../arm-none-eabi/lib/thumb/v7-m/nofp\libc_nano.a(libc_a-nano-vfprintf_i.o)
 .ARM.attributes
                0x000007b7       0x2d C:/ST/STM32CubeIDE_1.16.0/STM32CubeIDE/plugins/com.st.stm32cube.ide.mcu.externaltools.gnu-tools-for-stm32.12.3.rel1.win32_1.1.0.202410251130/tools/bin/../lib/gcc/arm-none-eabi/12.3.1/../../../../arm-none-eabi/lib/thumb/v7-m/nofp\libc_nano.a(libc_a-nano-vfscanf_i.o)
 .ARM.attributes
                0x000007e4       0x2d C:/ST/STM32CubeIDE_1.16.0/STM32CubeIDE/plugins/com.st.stm32cube.ide.mcu.externaltools.gnu-tools-for-stm32.12.3.rel1.win32_1.1.0.202410251130/tools/bin/../lib/gcc/arm-none-eabi/12.3.1/../../../../arm-none-eabi/lib/thumb/v7-m/nofp\libc_nano.a(libc_a-sccl.o)
 .ARM.attributes
                0x00000811       0x2d C:/ST/STM32CubeIDE_1.16.0/STM32CubeIDE/plugins/com.st.stm32cube.ide.mcu.externaltools.gnu-tools-for-stm32.12.3.rel1.win32_1.1.0.202410251130/tools/bin/../lib/gcc/arm-none-eabi/12.3.1/../../../../arm-none-eabi/lib/thumb/v7-m/nofp\libc_nano.a(libc_a-ungetc.o)
 .ARM.attributes
                0x0000083e       0x2d C:/ST/STM32CubeIDE_1.16.0/STM32CubeIDE/plugins/com.st.stm32cube.ide.mcu.externaltools.gnu-tools-for-stm32.12.3.rel1.win32_1.1.0.202410251130/tools/bin/../lib/gcc/arm-none-eabi/12.3.1/../../../../arm-none-eabi/lib/thumb/v7-m/nofp\libc_nano.a(libc_a-memmove.o)
 .ARM.attributes
                0x0000086b       0x2d C:/ST/STM32CubeIDE_1.16.0/STM32CubeIDE/plugins/com.st.stm32cube.ide.mcu.externaltools.gnu-tools-for-stm32.12.3.rel1.win32_1.1.0.202410251130/tools/bin/../lib/gcc/arm-none-eabi/12.3.1/../../../../arm-none-eabi/lib/thumb/v7-m/nofp\libc_nano.a(libc_a-sbrkr.o)
 .ARM.attributes
                0x00000898       0x2d C:/ST/STM32CubeIDE_1.16.0/STM32CubeIDE/plugins/com.st.stm32cube.ide.mcu.externaltools.gnu-tools-for-stm32.12.3.rel1.win32_1.1.0.202410251130/tools/bin/../lib/gcc/arm-none-eabi/12.3.1/../../../../arm-none-eabi/lib/thumb/v7-m/nofp\libc_nano.a(libc_a-memchr-stub.o)
 .ARM.attributes
                0x000008c5       0x2d C:/ST/STM32CubeIDE_1.16.0/STM32CubeIDE/plugins/com.st.stm32cube.ide.mcu.externaltools.gnu-tools-for-stm32.12.3.rel1.win32_1.1.0.202410251130/tools/bin/../lib/gcc/arm-none-eabi/12.3.1/../../../../arm-none-eabi/lib/thumb/v7-m/nofp\libc_nano.a(libc_a-reallocr.o)
 .ARM.attributes
                0x000008f2       0x2d C:/ST/STM32CubeIDE_1.16.0/STM32CubeIDE/plugins/com.st.stm32cube.ide.mcu.externaltools.gnu-tools-for-stm32.12.3.rel1.win32_1.1.0.202410251130/tools/bin/../lib/gcc/arm-none-eabi/12.3.1/../../../../arm-none-eabi/lib/thumb/v7-m/nofp\libc_nano.a(libc_a-strtol.o)
 .ARM.attributes
                0x0000091f       0x2d C:/ST/STM32CubeIDE_1.16.0/STM32CubeIDE/plugins/com.st.stm32cube.ide.mcu.externaltools.gnu-tools-for-stm32.12.3.rel1.win32_1.1.0.202410251130/tools/bin/../lib/gcc/arm-none-eabi/12.3.1/../../../../arm-none-eabi/lib/thumb/v7-m/nofp\libc_nano.a(libc_a-strtoul.o)
 .ARM.attributes
                0x0000094c       0x2d C:/ST/STM32CubeIDE_1.16.0/STM32CubeIDE/plugins/com.st.stm32cube.ide.mcu.externaltools.gnu-tools-for-stm32.12.3.rel1.win32_1.1.0.202410251130/tools/bin/../lib/gcc/arm-none-eabi/12.3.1/../../../../arm-none-eabi/lib/thumb/v7-m/nofp\libc_nano.a(libc_a-ctype_.o)
 .ARM.attributes
                0x00000979       0x2d C:/ST/STM32CubeIDE_1.16.0/STM32CubeIDE/plugins/com.st.stm32cube.ide.mcu.externaltools.gnu-tools-for-stm32.12.3.rel1.win32_1.1.0.202410251130/tools/bin/../lib/gcc/arm-none-eabi/12.3.1/../../../../arm-none-eabi/lib/thumb/v7-m/nofp\libc_nano.a(libc_a-msizer.o)
 .ARM.attributes
                0x000009a6       0x1d C:/ST/STM32CubeIDE_1.16.0/STM32CubeIDE/plugins/com.st.stm32cube.ide.mcu.externaltools.gnu-tools-for-stm32.12.3.rel1.win32_1.1.0.202410251130/tools/bin/../lib/gcc/arm-none-eabi/12.3.1/thumb/v7-m/nofp\libgcc.a(_arm_addsubdf3.o)
 .ARM.attributes
                0x000009c3       0x1d C:/ST/STM32CubeIDE_1.16.0/STM32CubeIDE/plugins/com.st.stm32cube.ide.mcu.externaltools.gnu-tools-for-stm32.12.3.rel1.win32_1.1.0.202410251130/tools/bin/../lib/gcc/arm-none-eabi/12.3.1/thumb/v7-m/nofp\libgcc.a(_arm_muldivdf3.o)
 .ARM.attributes
                0x000009e0       0x1d C:/ST/STM32CubeIDE_1.16.0/STM32CubeIDE/plugins/com.st.stm32cube.ide.mcu.externaltools.gnu-tools-for-stm32.12.3.rel1.win32_1.1.0.202410251130/tools/bin/../lib/gcc/arm-none-eabi/12.3.1/thumb/v7-m/nofp\libgcc.a(_arm_truncdfsf2.o)
 .ARM.attributes
                0x000009fd       0x1d C:/ST/STM32CubeIDE_1.16.0/STM32CubeIDE/plugins/com.st.stm32cube.ide.mcu.externaltools.gnu-tools-for-stm32.12.3.rel1.win32_1.1.0.202410251130/tools/bin/../lib/gcc/arm-none-eabi/12.3.1/thumb/v7-m/nofp\libgcc.a(_arm_addsubsf3.o)
 .ARM.attributes
                0x00000a1a       0x1d C:/ST/STM32CubeIDE_1.16.0/STM32CubeIDE/plugins/com.st.stm32cube.ide.mcu.externaltools.gnu-tools-for-stm32.12.3.rel1.win32_1.1.0.202410251130/tools/bin/../lib/gcc/arm-none-eabi/12.3.1/thumb/v7-m/nofp\libgcc.a(_arm_muldivsf3.o)
 .ARM.attributes
                0x00000a37       0x1d C:/ST/STM32CubeIDE_1.16.0/STM32CubeIDE/plugins/com.st.stm32cube.ide.mcu.externaltools.gnu-tools-for-stm32.12.3.rel1.win32_1.1.0.202410251130/tools/bin/../lib/gcc/arm-none-eabi/12.3.1/thumb/v7-m/nofp\libgcc.a(_arm_fixsfsi.o)
 .ARM.attributes
                0x00000a54       0x1d C:/ST/STM32CubeIDE_1.16.0/STM32CubeIDE/plugins/com.st.stm32cube.ide.mcu.externaltools.gnu-tools-for-stm32.12.3.rel1.win32_1.1.0.202410251130/tools/bin/../lib/gcc/arm-none-eabi/12.3.1/thumb/v7-m/nofp\libgcc.a(_aeabi_uldivmod.o)
 .ARM.attributes
                0x00000a71       0x2d C:/ST/STM32CubeIDE_1.16.0/STM32CubeIDE/plugins/com.st.stm32cube.ide.mcu.externaltools.gnu-tools-for-stm32.12.3.rel1.win32_1.1.0.202410251130/tools/bin/../lib/gcc/arm-none-eabi/12.3.1/thumb/v7-m/nofp\libgcc.a(_udivmoddi4.o)
 .ARM.attributes
                0x00000a9e       0x1d C:/ST/STM32CubeIDE_1.16.0/STM32CubeIDE/plugins/com.st.stm32cube.ide.mcu.externaltools.gnu-tools-for-stm32.12.3.rel1.win32_1.1.0.202410251130/tools/bin/../lib/gcc/arm-none-eabi/12.3.1/thumb/v7-m/nofp\libgcc.a(_dvmd_tls.o)
 .ARM.attributes
                0x00000abb       0x1d C:/ST/STM32CubeIDE_1.16.0/STM32CubeIDE/plugins/com.st.stm32cube.ide.mcu.externaltools.gnu-tools-for-stm32.12.3.rel1.win32_1.1.0.202410251130/tools/bin/../lib/gcc/arm-none-eabi/12.3.1/thumb/v7-m/nofp/crtn.o
OUTPUT(Station.elf elf32-littlearm)
LOAD linker stubs
LOAD C:/ST/STM32CubeIDE_1.16.0/STM32CubeIDE/plugins/com.st.stm32cube.ide.mcu.externaltools.gnu-tools-for-stm32.12.3.rel1.win32_1.1.0.202410251130/tools/bin/../lib/gcc/arm-none-eabi/12.3.1/../../../../arm-none-eabi/lib/thumb/v7-m/nofp\libc.a
LOAD C:/ST/STM32CubeIDE_1.16.0/STM32CubeIDE/plugins/com.st.stm32cube.ide.mcu.externaltools.gnu-tools-for-stm32.12.3.rel1.win32_1.1.0.202410251130/tools/bin/../lib/gcc/arm-none-eabi/12.3.1/../../../../arm-none-eabi/lib/thumb/v7-m/nofp\libm.a
LOAD C:/ST/STM32CubeIDE_1.16.0/STM32CubeIDE/plugins/com.st.stm32cube.ide.mcu.externaltools.gnu-tools-for-stm32.12.3.rel1.win32_1.1.0.202410251130/tools/bin/../lib/gcc/arm-none-eabi/12.3.1/thumb/v7-m/nofp\libgcc.a

.debug_info     0x00000000     0xef86
 .debug_info    0x00000000      0x6b7 ./Core/Src/AHT20.o
 .debug_info    0x000006b7      0x829 ./Core/Src/BMP280_sak.o
 .debug_info    0x00000ee0      0x93d ./Core/Src/SX1278.o
 .debug_info    0x0000181d      0x876 ./Core/Src/SX1278_hw.o
 .debug_info    0x00002093      0xcd5 ./Core/Src/esp01s.o
 .debug_info    0x00002d68      0x44e ./Core/Src/gpio.o
 .debug_info    0x000031b6      0x7e3 ./Core/Src/i2c.o
 .debug_info    0x00003999     0x1698 ./Core/Src/main.o
 .debug_info    0x00005031      0x1c2 ./Core/Src/readings.o
 .debug_info    0x000051f3      0x7bc ./Core/Src/spi.o
 .debug_info    0x000059af      0x1f1 ./Core/Src/stm32f1xx_hal_msp.o
 .debug_info    0x00005ba0      0x14b ./Core/Src/stm32f1xx_it.o
 .debug_info    0x00005ceb      0x168 ./Core/Src/sysmem.o
 .debug_info    0x00005e53      0x222 ./Core/Src/system_stm32f1xx.o
 .debug_info    0x00006075      0x798 ./Core/Src/usart.o
 .debug_info    0x0000680d       0x30 ./Core/Startup/startup_stm32f103c8tx.o
 .debug_info    0x0000683d      0x704 ./Drivers/STM32F1xx_HAL_Driver/stm32f1xx_hal.o
 .debug_info    0x00006f41      0xa87 ./Drivers/STM32F1xx_HAL_Driver/stm32f1xx_hal_cortex.o
 .debug_info    0x000079c8      0x5ab ./Drivers/STM32F1xx_HAL_Driver/stm32f1xx_hal_gpio.o
 .debug_info    0x00007f73     0x2524 ./Drivers/STM32F1xx_HAL_Driver/stm32f1xx_hal_i2c.o
 .debug_info    0x0000a497      0x7d5 ./Drivers/STM32F1xx_HAL_Driver/stm32f1xx_hal_rcc.o
 .debug_info    0x0000ac6c     0x142d ./Drivers/STM32F1xx_HAL_Driver/stm32f1xx_hal_spi.o
 .debug_info    0x0000c099     0x2eed ./Drivers/STM32F1xx_HAL_Driver/stm32f1xx_hal_uart.o

.debug_abbrev   0x00000000     0x2a4d
 .debug_abbrev  0x00000000      0x18d ./Core/Src/AHT20.o
 .debug_abbrev  0x0000018d      0x199 ./Core/Src/BMP280_sak.o
 .debug_abbrev  0x00000326      0x200 ./Core/Src/SX1278.o
 .debug_abbrev  0x00000526      0x1f9 ./Core/Src/SX1278_hw.o
 .debug_abbrev  0x0000071f      0x2b0 ./Core/Src/esp01s.o
 .debug_abbrev  0x000009cf      0x161 ./Core/Src/gpio.o
 .debug_abbrev  0x00000b30      0x1de ./Core/Src/i2c.o
 .debug_abbrev  0x00000d0e      0x355 ./Core/Src/main.o
 .debug_abbrev  0x00001063       0xf8 ./Core/Src/readings.o
 .debug_abbrev  0x0000115b      0x1e7 ./Core/Src/spi.o
 .debug_abbrev  0x00001342       0xdb ./Core/Src/stm32f1xx_hal_msp.o
 .debug_abbrev  0x0000141d       0xa0 ./Core/Src/stm32f1xx_it.o
 .debug_abbrev  0x000014bd       0xbc ./Core/Src/sysmem.o
 .debug_abbrev  0x00001579      0x13f ./Core/Src/system_stm32f1xx.o
 .debug_abbrev  0x000016b8      0x1e6 ./Core/Src/usart.o
 .debug_abbrev  0x0000189e       0x24 ./Core/Startup/startup_stm32f103c8tx.o
 .debug_abbrev  0x000018c2      0x201 ./Drivers/STM32F1xx_HAL_Driver/stm32f1xx_hal.o
 .debug_abbrev  0x00001ac3      0x2f8 ./Drivers/STM32F1xx_HAL_Driver/stm32f1xx_hal_cortex.o
 .debug_abbrev  0x00001dbb      0x1ca ./Drivers/STM32F1xx_HAL_Driver/stm32f1xx_hal_gpio.o
 .debug_abbrev  0x00001f85      0x2a3 ./Drivers/STM32F1xx_HAL_Driver/stm32f1xx_hal_i2c.o
 .debug_abbrev  0x00002228      0x2b3 ./Drivers/STM32F1xx_HAL_Driver/stm32f1xx_hal_rcc.o
 .debug_abbrev  0x000024db      0x27a ./Drivers/STM32F1xx_HAL_Driver/stm32f1xx_hal_spi.o
 .debug_abbrev  0x00002755      0x2f8 ./Drivers/STM32F1xx_HAL_Driver/stm32f1xx_hal_uart.o

.debug_aranges  0x00000000      0xd68
 .debug_aranges
                0x00000000       0x20 ./Core/Src/AHT20.o
 .debug_aranges
                0x00000020       0x28 ./Core/Src/BMP280_sak.o
 .debug_aranges
                0x00000048       0xb8 ./Core/Src/SX1278.o
 .debug_aranges
                0x00000100       0x50 ./Core/Src/SX1278_hw.o
 .debug_aranges
                0x00000150       0xa0 ./Core/Src/esp01s.o
 .debug_aranges
                0x000001f0       0x20 ./Core/Src/gpio.o
 .debug_aranges
                0x00000210       0x30 ./Core/Src/i2c.o
 .debug_aranges
                0x00000240       0x60 ./Core/Src/main.o
 .debug_aranges
                0x000002a0       0x28 ./Core/Src/readings.o
 .debug_aranges
                0x000002c8       0x30 ./Core/Src/spi.o
 .debug_aranges
                0x000002f8       0x20 ./Core/Src/stm32f1xx_hal_msp.o
 .debug_aranges
                0x00000318       0x68 ./Core/Src/stm32f1xx_it.o
 .debug_aranges
                0x00000380       0x20 ./Core/Src/sysmem.o
 .debug_aranges
                0x000003a0       0x28 ./Core/Src/system_stm32f1xx.o
 .debug_aranges
                0x000003c8       0x30 ./Core/Src/usart.o
 .debug_aranges
                0x000003f8       0x28 ./Core/Startup/startup_stm32f103c8tx.o
 .debug_aranges
                0x00000420       0xe0 ./Drivers/STM32F1xx_HAL_Driver/stm32f1xx_hal.o
 .debug_aranges
                0x00000500      0x100 ./Drivers/STM32F1xx_HAL_Driver/stm32f1xx_hal_cortex.o
 .debug_aranges
                0x00000600       0x58 ./Drivers/STM32F1xx_HAL_Driver/stm32f1xx_hal_gpio.o
 .debug_aranges
                0x00000658      0x2a8 ./Drivers/STM32F1xx_HAL_Driver/stm32f1xx_hal_i2c.o
 .debug_aranges
                0x00000900       0x90 ./Drivers/STM32F1xx_HAL_Driver/stm32f1xx_hal_rcc.o
 .debug_aranges
                0x00000990      0x1d0 ./Drivers/STM32F1xx_HAL_Driver/stm32f1xx_hal_spi.o
 .debug_aranges
                0x00000b60      0x208 ./Drivers/STM32F1xx_HAL_Driver/stm32f1xx_hal_uart.o

.debug_rnglists
                0x00000000      0xa4b
 .debug_rnglists
                0x00000000       0x14 ./Core/Src/AHT20.o
 .debug_rnglists
                0x00000014       0x1b ./Core/Src/BMP280_sak.o
 .debug_rnglists
                0x0000002f       0x89 ./Core/Src/SX1278.o
 .debug_rnglists
                0x000000b8       0x37 ./Core/Src/SX1278_hw.o
 .debug_rnglists
                0x000000ef       0x78 ./Core/Src/esp01s.o
 .debug_rnglists
                0x00000167       0x14 ./Core/Src/gpio.o
 .debug_rnglists
                0x0000017b       0x1f ./Core/Src/i2c.o
 .debug_rnglists
                0x0000019a       0x46 ./Core/Src/main.o
 .debug_rnglists
                0x000001e0       0x1a ./Core/Src/readings.o
 .debug_rnglists
                0x000001fa       0x20 ./Core/Src/spi.o
 .debug_rnglists
                0x0000021a       0x13 ./Core/Src/stm32f1xx_hal_msp.o
 .debug_rnglists
                0x0000022d       0x49 ./Core/Src/stm32f1xx_it.o
 .debug_rnglists
                0x00000276       0x13 ./Core/Src/sysmem.o
 .debug_rnglists
                0x00000289       0x1a ./Core/Src/system_stm32f1xx.o
 .debug_rnglists
                0x000002a3       0x20 ./Core/Src/usart.o
 .debug_rnglists
                0x000002c3       0x19 ./Core/Startup/startup_stm32f103c8tx.o
 .debug_rnglists
                0x000002dc       0xa3 ./Drivers/STM32F1xx_HAL_Driver/stm32f1xx_hal.o
 .debug_rnglists
                0x0000037f       0xbb ./Drivers/STM32F1xx_HAL_Driver/stm32f1xx_hal_cortex.o
 .debug_rnglists
                0x0000043a       0x3f ./Drivers/STM32F1xx_HAL_Driver/stm32f1xx_hal_gpio.o
 .debug_rnglists
                0x00000479      0x23c ./Drivers/STM32F1xx_HAL_Driver/stm32f1xx_hal_i2c.o
 .debug_rnglists
                0x000006b5       0x6c ./Drivers/STM32F1xx_HAL_Driver/stm32f1xx_hal_rcc.o
 .debug_rnglists
                0x00000721      0x16e ./Drivers/STM32F1xx_HAL_Driver/stm32f1xx_hal_spi.o
 .debug_rnglists
                0x0000088f      0x1bc ./Drivers/STM32F1xx_HAL_Driver/stm32f1xx_hal_uart.o

.debug_macro    0x00000000    0x190ed
 .debug_macro   0x00000000      0x1c4 ./Core/Src/AHT20.o
 .debug_macro   0x000001c4      0xaa8 ./Core/Src/AHT20.o
 .debug_macro   0x00000c6c       0x10 ./Core/Src/AHT20.o
 .debug_macro   0x00000c7c      0x221 ./Core/Src/AHT20.o
 .debug_macro   0x00000e9d       0x2e ./Core/Src/AHT20.o
 .debug_macro   0x00000ecb       0x22 ./Core/Src/AHT20.o
 .debug_macro   0x00000eed       0x22 ./Core/Src/AHT20.o
 .debug_macro   0x00000f0f       0x8e ./Core/Src/AHT20.o
 .debug_macro   0x00000f9d       0x51 ./Core/Src/AHT20.o
 .debug_macro   0x00000fee      0x103 ./Core/Src/AHT20.o
 .debug_macro   0x000010f1       0x6a ./Core/Src/AHT20.o
 .debug_macro   0x0000115b      0x1df ./Core/Src/AHT20.o
 .debug_macro   0x0000133a       0x1c ./Core/Src/AHT20.o
 .debug_macro   0x00001356       0x22 ./Core/Src/AHT20.o
 .debug_macro   0x00001378       0xbd ./Core/Src/AHT20.o
 .debug_macro   0x00001435      0xd23 ./Core/Src/AHT20.o
 .debug_macro   0x00002158     0xe09e ./Core/Src/AHT20.o
 .debug_macro   0x000101f6       0x6d ./Core/Src/AHT20.o
 .debug_macro   0x00010263     0x34a2 ./Core/Src/AHT20.o
 .debug_macro   0x00013705      0x189 ./Core/Src/AHT20.o
 .debug_macro   0x0001388e       0x5c ./Core/Src/AHT20.o
 .debug_macro   0x000138ea      0x5bc ./Core/Src/AHT20.o
 .debug_macro   0x00013ea6      0x289 ./Core/Src/AHT20.o
 .debug_macro   0x0001412f      0x1cb ./Core/Src/AHT20.o
 .debug_macro   0x000142fa      0x114 ./Core/Src/AHT20.o
 .debug_macro   0x0001440e      0x1b2 ./Core/Src/AHT20.o
 .debug_macro   0x000145c0       0x27 ./Core/Src/AHT20.o
 .debug_macro   0x000145e7      0x136 ./Core/Src/AHT20.o
 .debug_macro   0x0001471d      0x1bc ./Core/Src/AHT20.o
 .debug_macro   0x000148d9       0x34 ./Core/Src/AHT20.o
 .debug_macro   0x0001490d       0x3c ./Core/Src/AHT20.o
 .debug_macro   0x00014949       0x57 ./Core/Src/AHT20.o
 .debug_macro   0x000149a0       0x87 ./Core/Src/AHT20.o
 .debug_macro   0x00014a27      0x240 ./Core/Src/AHT20.o
 .debug_macro   0x00014c67      0x287 ./Core/Src/AHT20.o
 .debug_macro   0x00014eee      0x140 ./Core/Src/AHT20.o
 .debug_macro   0x0001502e      0x217 ./Core/Src/AHT20.o
 .debug_macro   0x00015245      0x28e ./Core/Src/AHT20.o
 .debug_macro   0x000154d3       0x83 ./Core/Src/AHT20.o
 .debug_macro   0x00015556       0x6a ./Core/Src/AHT20.o
 .debug_macro   0x000155c0      0x1c4 ./Core/Src/BMP280_sak.o
 .debug_macro   0x00015784       0x46 ./Core/Src/BMP280_sak.o
 .debug_macro   0x000157ca      0x158 ./Core/Src/SX1278.o
 .debug_macro   0x00015922       0x22 ./Core/Src/SX1278.o
 .debug_macro   0x00015944      0x38a ./Core/Src/SX1278.o
 .debug_macro   0x00015cce       0x61 ./Core/Src/SX1278.o
 .debug_macro   0x00015d2f       0x24 ./Core/Src/SX1278.o
 .debug_macro   0x00015d53       0x43 ./Core/Src/SX1278.o
 .debug_macro   0x00015d96       0x34 ./Core/Src/SX1278.o
 .debug_macro   0x00015dca       0x16 ./Core/Src/SX1278.o
 .debug_macro   0x00015de0       0x43 ./Core/Src/SX1278.o
 .debug_macro   0x00015e23       0x34 ./Core/Src/SX1278.o
 .debug_macro   0x00015e57       0x10 ./Core/Src/SX1278.o
 .debug_macro   0x00015e67       0x58 ./Core/Src/SX1278.o
 .debug_macro   0x00015ebf       0x8e ./Core/Src/SX1278.o
 .debug_macro   0x00015f4d       0x1c ./Core/Src/SX1278.o
 .debug_macro   0x00015f69      0x177 ./Core/Src/SX1278.o
 .debug_macro   0x000160e0      0x369 ./Core/Src/SX1278.o
 .debug_macro   0x00016449       0x10 ./Core/Src/SX1278.o
 .debug_macro   0x00016459       0x35 ./Core/Src/SX1278.o
 .debug_macro   0x0001648e       0x20 ./Core/Src/SX1278.o
 .debug_macro   0x000164ae      0x29d ./Core/Src/SX1278_hw.o
 .debug_macro   0x0001674b       0x56 ./Core/Src/SX1278_hw.o
 .debug_macro   0x000167a1      0x2da ./Core/Src/esp01s.o
 .debug_macro   0x00016a7b      0x13c ./Core/Src/esp01s.o
 .debug_macro   0x00016bb7       0x16 ./Core/Src/esp01s.o
 .debug_macro   0x00016bcd       0x10 ./Core/Src/esp01s.o
 .debug_macro   0x00016bdd       0x16 ./Core/Src/esp01s.o
 .debug_macro   0x00016bf3       0x16 ./Core/Src/esp01s.o
 .debug_macro   0x00016c09      0x146 ./Core/Src/esp01s.o
 .debug_macro   0x00016d4f       0x16 ./Core/Src/esp01s.o
 .debug_macro   0x00016d65      0x1bb ./Core/Src/gpio.o
 .debug_macro   0x00016f20      0x1bb ./Core/Src/i2c.o
 .debug_macro   0x000170db      0x366 ./Core/Src/main.o
 .debug_macro   0x00017441       0x16 ./Core/Src/main.o
 .debug_macro   0x00017457       0x16 ./Core/Src/main.o
 .debug_macro   0x0001746d       0x29 ./Core/Src/main.o
 .debug_macro   0x00017496      0x143 ./Core/Src/readings.o
 .debug_macro   0x000175d9       0x5b ./Core/Src/readings.o
 .debug_macro   0x00017634       0x94 ./Core/Src/readings.o
 .debug_macro   0x000176c8       0x57 ./Core/Src/readings.o
 .debug_macro   0x0001771f       0x9e ./Core/Src/readings.o
 .debug_macro   0x000177bd      0x10b ./Core/Src/readings.o
 .debug_macro   0x000178c8      0x1bb ./Core/Src/spi.o
 .debug_macro   0x00017a83      0x1b1 ./Core/Src/stm32f1xx_hal_msp.o
 .debug_macro   0x00017c34      0x1bb ./Core/Src/stm32f1xx_it.o
 .debug_macro   0x00017def       0xff ./Core/Src/sysmem.o
 .debug_macro   0x00017eee      0x23c ./Core/Src/sysmem.o
 .debug_macro   0x0001812a      0x1a2 ./Core/Src/system_stm32f1xx.o
 .debug_macro   0x000182cc      0x1bb ./Core/Src/usart.o
 .debug_macro   0x00018487      0x1c6 ./Drivers/STM32F1xx_HAL_Driver/stm32f1xx_hal.o
 .debug_macro   0x0001864d      0x1a2 ./Drivers/STM32F1xx_HAL_Driver/stm32f1xx_hal_cortex.o
 .debug_macro   0x000187ef      0x20d ./Drivers/STM32F1xx_HAL_Driver/stm32f1xx_hal_gpio.o
 .debug_macro   0x000189fc      0x1f0 ./Drivers/STM32F1xx_HAL_Driver/stm32f1xx_hal_i2c.o
 .debug_macro   0x00018bec      0x1b4 ./Drivers/STM32F1xx_HAL_Driver/stm32f1xx_hal_rcc.o
 .debug_macro   0x00018da0      0x1aa ./Drivers/STM32F1xx_HAL_Driver/stm32f1xx_hal_spi.o
 .debug_macro   0x00018f4a      0x1a3 ./Drivers/STM32F1xx_HAL_Driver/stm32f1xx_hal_uart.o

.debug_line     0x00000000    0x13c95
 .debug_line    0x00000000      0x863 ./Core/Src/AHT20.o
 .debug_line    0x00000863      0xa50 ./Core/Src/BMP280_sak.o
 .debug_line    0x000012b3      0x991 ./Core/Src/SX1278.o
 .debug_line    0x00001c44      0xa4c ./Core/Src/SX1278_hw.o
 .debug_line    0x00002690      0xda9 ./Core/Src/esp01s.o
 .debug_line    0x00003439      0x811 ./Core/Src/gpio.o
 .debug_line    0x00003c4a      0x83f ./Core/Src/i2c.o
 .debug_line    0x00004489      0xc25 ./Core/Src/main.o
 .debug_line    0x000050ae      0x61d ./Core/Src/readings.o
 .debug_line    0x000056cb      0x851 ./Core/Src/spi.o
 .debug_line    0x00005f1c      0x7da ./Core/Src/stm32f1xx_hal_msp.o
 .debug_line    0x000066f6      0x8b4 ./Core/Src/stm32f1xx_it.o
 .debug_line    0x00006faa      0x579 ./Core/Src/sysmem.o
 .debug_line    0x00007523      0x858 ./Core/Src/system_stm32f1xx.o
 .debug_line    0x00007d7b      0x849 ./Core/Src/usart.o