23:19:01 **** Incremental Build of configuration Debug for project Station ****
make -j12 all 
arm-none-eabi-gcc "../Core/Src/main.c" -mcpu=cortex-m3 -std=gnu11 -g3 -DDEBUG -DUSE_HAL_DRIVER -DSTM32F103xB -c -I../Core/Inc -IC:/Users/jacub/STM32Cube/Repository/STM32Cube_FW_F1_V1.8.6/Drivers/STM32F1xx_HAL_Driver/Inc -IC:/Users/jacub/STM32Cube/Repository/STM32Cube_FW_F1_V1.8.6/Drivers/STM32F1xx_HAL_Driver/Inc/Legacy -IC:/Users/jacub/STM32Cube/Repository/STM32Cube_FW_F1_V1.8.6/Drivers/CMSIS/Device/ST/STM32F1xx/Include -IC:/Users/jacub/STM32Cube/Repository/STM32Cube_FW_F1_V1.8.6/Drivers/CMSIS/Include -O0 -ffunction-sections -fdata-sections -Wall -fstack-usage -fcyclomatic-complexity -MMD -MP -MF"Core/Src/main.d" -MT"Core/Src/main.o" --specs=nano.specs -mfloat-abi=soft -mthumb -o "Core/Src/main.o"
arm-none-eabi-gcc "../Core/Src/readings.c" -mcpu=cortex-m3 -std=gnu11 -g3 -DDEBUG -DUSE_HAL_DRIVER -DSTM32F103xB -c -I../Core/Inc -IC:/Users/jacub/STM32Cube/Repository/STM32Cube_FW_F1_V1.8.6/Drivers/STM32F1xx_HAL_Driver/Inc -IC:/Users/jacub/STM32Cube/Repository/STM32Cube_FW_F1_V1.8.6/Drivers/STM32F1xx_HAL_Driver/Inc/Legacy -IC:/Users/jacub/STM32Cube/Repository/STM32Cube_FW_F1_V1.8.6/Drivers/CMSIS/Device/ST/STM32F1xx/Include -IC:/Users/jacub/STM32Cube/Repository/STM32Cube_FW_F1_V1.8.6/Drivers/CMSIS/Include -O0 -ffunction-sections -fdata-sections -Wall -fstack-usage -fcyclomatic-complexity -MMD -MP -MF"Core/Src/readings.d" -MT"Core/Src/readings.o" --specs=nano.specs -mfloat-abi=soft -mthumb -o "Core/Src/readings.o"
arm-none-eabi-gcc -o "Station.elf" @"objects.list"   -mcpu=cortex-m3 -T"C:\Users\jacub\Documents\GitHub\Stm32_weather_station\STM32_weather_station\Station\STM32F103C8TX_FLASH.ld" --specs=nosys.specs -Wl,-Map="Station.map" -Wl,--gc-sections -static --specs=nano.specs -mfloat-abi=soft -mthumb -Wl,--start-group -lc -lm -Wl,--end-group
Finished building target: Station.elf
 
arm-none-eabi-size  Station.elf 
arm-none-eabi-objdump -h -S Station.elf  > "Station.list"
   text	   data	    bss	    dec	    hex	filename
  33620	    212	  13400	  47232	   b880	Station.elf
Finished building: default.size.stdout
 
Finished building: Station.list
 
23:19:10 **** Incremental Build of configuration Debug for project Station ****
make -j12 all 
arm-none-eabi-size  Station.elf 
   text	   data	    bss	    dec	    hex	filename
  33620	    212	  13400	  47232	   b880	Station.elf
Finished building: default.size.stdout
 
23:20:35 **** Incremental Build of configuration Debug for project Station ****
make -j12 all 
arm-none-eabi-gcc "../Core/Src/main.c" -mcpu=cortex-m3 -std=gnu11 -g3 -DDEBUG -DUSE_HAL_DRIVER -DSTM32F103xB -c -I../Core/Inc -IC:/Users/jacub/STM32Cube/Repository/STM32Cube_FW_F1_V1.8.6/Drivers/STM32F1xx_HAL_Driver/Inc -IC:/Users/jacub/STM32Cube/Repository/STM32Cube_FW_F1_V1.8.6/Drivers/STM32F1xx_HAL_Driver/Inc/Legacy -IC:/Users/jacub/STM32Cube/Repository/STM32Cube_FW_F1_V1.8.6/Drivers/CMSIS/Device/ST/STM32F1xx/Include -IC:/Users/jacub/STM32Cube/Repository/STM32Cube_FW_F1_V1.8.6/Drivers/CMSIS/Include -O0 -ffunction-sections -fdata-sections -Wall -fstack-usage -fcyclomatic-complexity -MMD -MP -MF"Core/Src/main.d" -MT"Core/Src/main.o" --specs=nano.specs -mfloat-abi=soft -mthumb -o "Core/Src/main.o"
arm-none-eabi-gcc "../Core/Src/readings.c" -mcpu=cortex-m3 -std=gnu11 -g3 -DDEBUG -DUSE_HAL_DRIVER -DSTM32F103xB -c -I../Core/Inc -IC:/Users/jacub/STM32Cube/Repository/STM32Cube_FW_F1_V1.8.6/Drivers/STM32F1xx_HAL_Driver/Inc -IC:/Users/jacub/STM32Cube/Repository/STM32Cube_FW_F1_V1.8.6/Drivers/STM32F1xx_HAL_Driver/Inc/Legacy -IC:/Users/jacub/STM32Cube/Repository/STM32Cube_FW_F1_V1.8.6/Drivers/CMSIS/Device/ST/STM32F1xx/Include -IC:/Users/jacub/STM32Cube/Repository/STM32Cube_FW_F1_V1.8.6/Drivers/CMSIS/Include -O0 -ffunction-sections -fdata-sections -Wall -fstack-usage -fcyclomatic-complexity -MMD -MP -MF"Core/Src/readings.d" -MT"Core/Src/readings.o" --specs=nano.specs -mfloat-abi=soft -mthumb -o "Core/Src/readings.o"
arm-none-eabi-gcc -o "Station.elf" @"objects.list"   -mcpu=cortex-m3 -T"C:\Users\jacub\Documents\GitHub\Stm32_weather_station\STM32_weather_station\Station\STM32F103C8TX_FLASH.ld" --specs=nosys.specs -Wl,-Map="Station.map" -Wl,--gc-sections -static --specs=nano.specs -mfloat-abi=soft -mthumb -Wl,--start-group -lc -lm -Wl,--end-group
Finished building target: Station.elf
 
arm-none-eabi-size  Station.elf 
arm-none-eabi-objdump -h -S Station.elf  > "Station.list"
   text	   data	    bss	    dec	    hex	filename
  33484	    212	   9656	  43352	   a958	Station.elf
Finished building: default.size.stdout
 
Finished building: Station.list
 
23:21:14 **** Incremental Build of configuration Debug for project Station ****
make -j12 all 
arm-none-eabi-size  Station.elf 
   text	   data	    bss	    dec	    hex	filename
  33484	    212	   9656	  43352	   a958	Station.elf
Finished building: default.size.stdout
 
