22:04:04 **** Incremental Build of configuration Debug for project Sensor_1 ****
make -j12 all 
arm-none-eabi-gcc "../Core/Src/main.c" -mcpu=cortex-m3 -std=gnu11 -g3 -DDEBUG -DUSE_HAL_DRIVER -DSTM32F103xB -c -I../Core/Inc -I../Drivers/STM32F1xx_HAL_Driver/Inc -I../Drivers/STM32F1xx_HAL_Driver/Inc/Legacy -I../Drivers/CMSIS/Device/ST/STM32F1xx/Include -I../Drivers/CMSIS/Include -O0 -ffunction-sections -fdata-sections -Wall -fstack-usage -fcyclomatic-complexity -MMD -MP -MF"Core/Src/main.d" -MT"Core/Src/main.o" --specs=nano.specs -mfloat-abi=soft -mthumb -o "Core/Src/main.o"
arm-none-eabi-gcc -o "Sensor_1.elf" @"objects.list"   -mcpu=cortex-m3 -T"C:\Users\jacub\Documents\GitHub\Stm32_weather_station\STM32_weather_station\Sensor_1\STM32F103C8TX_FLASH.ld" --specs=nosys.specs -Wl,-Map="Sensor_1.map" -Wl,--gc-sections -static --specs=nano.specs -mfloat-abi=soft -mthumb -u _printf_float -Wl,--start-group -lc -lm -Wl,--end-group
Finished building target: Sensor_1.elf
 
arm-none-eabi-size  Sensor_1.elf 
arm-none-eabi-objdump -h -S Sensor_1.elf  > "Sensor_1.list"
   text	   data	    bss	    dec	    hex	filename
  38232	    472	   3488	  42192	   a4d0	Sensor_1.elf
Finished building: default.size.stdout
 
Finished building: Sensor_1.list
 

22:04:05 Build Finished. 0 errors, 0 warnings. (took 703ms)

